Archive member included to satisfy reference by file (symbol)

/opt/st/stm32cubeide_1.18.1/plugins/com.st.stm32cube.ide.mcu.externaltools.gnu-tools-for-stm32.13.3.rel1.linux64_1.0.0.202410170706/tools/bin/../lib/gcc/arm-none-eabi/13.3.1/../../../../arm-none-eabi/lib/thumb/v7e-m+fp/hard/libstdc++_nano.a(new_op.o)
                              ./Core/Src/drivers/hardware_specific/generic_mcu.o (operator new(unsigned int))
/opt/st/stm32cubeide_1.18.1/plugins/com.st.stm32cube.ide.mcu.externaltools.gnu-tools-for-stm32.13.3.rel1.linux64_1.0.0.202410170706/tools/bin/../lib/gcc/arm-none-eabi/13.3.1/../../../../arm-none-eabi/lib/thumb/v7e-m+fp/hard/libstdc++_nano.a(new_handler.o)
                              /opt/st/stm32cubeide_1.18.1/plugins/com.st.stm32cube.ide.mcu.externaltools.gnu-tools-for-stm32.13.3.rel1.linux64_1.0.0.202410170706/tools/bin/../lib/gcc/arm-none-eabi/13.3.1/../../../../arm-none-eabi/lib/thumb/v7e-m+fp/hard/libstdc++_nano.a(new_op.o) (std::get_new_handler())
/opt/st/stm32cubeide_1.18.1/plugins/com.st.stm32cube.ide.mcu.externaltools.gnu-tools-for-stm32.13.3.rel1.linux64_1.0.0.202410170706/tools/bin/../lib/gcc/arm-none-eabi/13.3.1/../../../../arm-none-eabi/lib/thumb/v7e-m+fp/hard/libm.a(libm_a-wf_fmod.o)
                              ./Core/Src/common/foc_utils.o (fmodf)
/opt/st/stm32cubeide_1.18.1/plugins/com.st.stm32cube.ide.mcu.externaltools.gnu-tools-for-stm32.13.3.rel1.linux64_1.0.0.202410170706/tools/bin/../lib/gcc/arm-none-eabi/13.3.1/../../../../arm-none-eabi/lib/thumb/v7e-m+fp/hard/libm.a(libm_a-ef_fmod.o)
                              /opt/st/stm32cubeide_1.18.1/plugins/com.st.stm32cube.ide.mcu.externaltools.gnu-tools-for-stm32.13.3.rel1.linux64_1.0.0.202410170706/tools/bin/../lib/gcc/arm-none-eabi/13.3.1/../../../../arm-none-eabi/lib/thumb/v7e-m+fp/hard/libm.a(libm_a-wf_fmod.o) (__ieee754_fmodf)
/opt/st/stm32cubeide_1.18.1/plugins/com.st.stm32cube.ide.mcu.externaltools.gnu-tools-for-stm32.13.3.rel1.linux64_1.0.0.202410170706/tools/bin/../lib/gcc/arm-none-eabi/13.3.1/../../../../arm-none-eabi/lib/thumb/v7e-m+fp/hard/libc_nano.a(libc_a-abort.o)
                              /opt/st/stm32cubeide_1.18.1/plugins/com.st.stm32cube.ide.mcu.externaltools.gnu-tools-for-stm32.13.3.rel1.linux64_1.0.0.202410170706/tools/bin/../lib/gcc/arm-none-eabi/13.3.1/../../../../arm-none-eabi/lib/thumb/v7e-m+fp/hard/libstdc++_nano.a(new_op.o) (abort)
/opt/st/stm32cubeide_1.18.1/plugins/com.st.stm32cube.ide.mcu.externaltools.gnu-tools-for-stm32.13.3.rel1.linux64_1.0.0.202410170706/tools/bin/../lib/gcc/arm-none-eabi/13.3.1/../../../../arm-none-eabi/lib/thumb/v7e-m+fp/hard/libc_nano.a(libc_a-exit.o)
                              /opt/st/stm32cubeide_1.18.1/plugins/com.st.stm32cube.ide.mcu.externaltools.gnu-tools-for-stm32.13.3.rel1.linux64_1.0.0.202410170706/tools/bin/../lib/gcc/arm-none-eabi/13.3.1/../../../../arm-none-eabi/lib/thumb/v7e-m+fp/hard/crt0.o (exit)
/opt/st/stm32cubeide_1.18.1/plugins/com.st.stm32cube.ide.mcu.externaltools.gnu-tools-for-stm32.13.3.rel1.linux64_1.0.0.202410170706/tools/bin/../lib/gcc/arm-none-eabi/13.3.1/../../../../arm-none-eabi/lib/thumb/v7e-m+fp/hard/libc_nano.a(libc_a-malloc.o)
                              /opt/st/stm32cubeide_1.18.1/plugins/com.st.stm32cube.ide.mcu.externaltools.gnu-tools-for-stm32.13.3.rel1.linux64_1.0.0.202410170706/tools/bin/../lib/gcc/arm-none-eabi/13.3.1/../../../../arm-none-eabi/lib/thumb/v7e-m+fp/hard/libstdc++_nano.a(new_op.o) (malloc)
/opt/st/stm32cubeide_1.18.1/plugins/com.st.stm32cube.ide.mcu.externaltools.gnu-tools-for-stm32.13.3.rel1.linux64_1.0.0.202410170706/tools/bin/../lib/gcc/arm-none-eabi/13.3.1/../../../../arm-none-eabi/lib/thumb/v7e-m+fp/hard/libc_nano.a(libc_a-mallocr.o)
                              /opt/st/stm32cubeide_1.18.1/plugins/com.st.stm32cube.ide.mcu.externaltools.gnu-tools-for-stm32.13.3.rel1.linux64_1.0.0.202410170706/tools/bin/../lib/gcc/arm-none-eabi/13.3.1/../../../../arm-none-eabi/lib/thumb/v7e-m+fp/hard/libc_nano.a(libc_a-malloc.o) (_malloc_r)
/opt/st/stm32cubeide_1.18.1/plugins/com.st.stm32cube.ide.mcu.externaltools.gnu-tools-for-stm32.13.3.rel1.linux64_1.0.0.202410170706/tools/bin/../lib/gcc/arm-none-eabi/13.3.1/../../../../arm-none-eabi/lib/thumb/v7e-m+fp/hard/libc_nano.a(libc_a-mlock.o)
                              /opt/st/stm32cubeide_1.18.1/plugins/com.st.stm32cube.ide.mcu.externaltools.gnu-tools-for-stm32.13.3.rel1.linux64_1.0.0.202410170706/tools/bin/../lib/gcc/arm-none-eabi/13.3.1/../../../../arm-none-eabi/lib/thumb/v7e-m+fp/hard/libc_nano.a(libc_a-mallocr.o) (__malloc_lock)
/opt/st/stm32cubeide_1.18.1/plugins/com.st.stm32cube.ide.mcu.externaltools.gnu-tools-for-stm32.13.3.rel1.linux64_1.0.0.202410170706/tools/bin/../lib/gcc/arm-none-eabi/13.3.1/../../../../arm-none-eabi/lib/thumb/v7e-m+fp/hard/libc_nano.a(libc_a-findfp.o)
[...]
Memory Configuration

Name             Origin             Length             Attributes
CCMRAM           0x10000000         0x00001000         xrw
RAM              0x20000000         0x00003000         xrw
FLASH            0x08000000         0x00010000         xr
*default*        0x00000000         0xffffffff

Linker script and memory map

LOAD /opt/st/stm32cubeide_1.18.1/plugins/com.st.stm32cube.ide.mcu.externaltools.gnu-tools-for-stm32.13.3.rel1.linux64_1.0.0.202410170706/tools/bin/../lib/gcc/arm-none-eabi/13.3.1/thumb/v7e-m+fp/hard/crti.o
LOAD /opt/st/stm32cubeide_1.18.1/plugins/com.st.stm32cube.ide.mcu.externaltools.gnu-tools-for-stm32.13.3.rel1.linux64_1.0.0.202410170706/tools/bin/../lib/gcc/arm-none-eabi/13.3.1/thumb/v7e-m+fp/hard/crtbegin.o
LOAD /opt/st/stm32cubeide_1.18.1/plugins/com.st.stm32cube.ide.mcu.externaltools.gnu-tools-for-stm32.13.3.rel1.linux64_1.0.0.202410170706/tools/bin/../lib/gcc/arm-none-eabi/13.3.1/../../../../arm-none-eabi/lib/thumb/v7e-m+fp/hard/crt0.o
LOAD ./Core/Src/BLDCMotor.o
LOAD ./Core/Src/cppMain.o
LOAD ./Core/Src/main.o
LOAD ./Core/Src/stm32f3xx_hal_msp.o
LOAD ./Core/Src/stm32f3xx_it.o
LOAD ./Core/Src/syscalls.o
LOAD ./Core/Src/sysmem.o
LOAD ./Core/Src/system_stm32f3xx.o
LOAD ./Core/Src/common/base_classes/FOCMotor.o
LOAD ./Core/Src/common/base_classes/Sensor.o
LOAD ./Core/Src/common/foc_utils.o
LOAD ./Core/Src/common/lowpass_filter.o
LOAD ./Core/Src/common/pid.o
LOAD ./Core/Src/communication/StepDirListener.o
LOAD ./Core/Src/drivers/BLDCDriver3PWM.o
LOAD ./Core/Src/drivers/BLDCDriver6PWM.o
LOAD ./Core/Src/drivers/hardware_specific/due_mcu.o
LOAD ./Core/Src/drivers/hardware_specific/generic_mcu.o
LOAD ./Core/Src/drivers/hardware_specific/stm32/stm32_mcu.o
LOAD ./Core/Src/sensors/Encoder.o
LOAD ./Core/Src/sensors/GenericSensor.o
LOAD ./Core/Startup/startup_stm32f303k8tx.o
LOAD ./Drivers/STM32F3xx_HAL_Driver/Src/stm32f3xx_hal.o
LOAD ./Drivers/STM32F3xx_HAL_Driver/Src/stm32f3xx_hal_cortex.o
LOAD ./Drivers/STM32F3xx_HAL_Driver/Src/stm32f3xx_hal_dma.o
LOAD ./Drivers/STM32F3xx_HAL_Driver/Src/stm32f3xx_hal_exti.o
LOAD ./Drivers/STM32F3xx_HAL_Driver/Src/stm32f3xx_hal_flash.o
LOAD ./Drivers/STM32F3xx_HAL_Driver/Src/stm32f3xx_hal_flash_ex.o
LOAD ./Drivers/STM32F3xx_HAL_Driver/Src/stm32f3xx_hal_gpio.o
LOAD ./Drivers/STM32F3xx_HAL_Driver/Src/stm32f3xx_hal_i2c.o
LOAD ./Drivers/STM32F3xx_HAL_Driver/Src/stm32f3xx_hal_i2c_ex.o
LOAD ./Drivers/STM32F3xx_HAL_Driver/Src/stm32f3xx_hal_pwr.o
LOAD ./Drivers/STM32F3xx_HAL_Driver/Src/stm32f3xx_hal_pwr_ex.o
LOAD ./Drivers/STM32F3xx_HAL_Driver/Src/stm32f3xx_hal_rcc.o
LOAD ./Drivers/STM32F3xx_HAL_Driver/Src/stm32f3xx_hal_rcc_ex.o
LOAD ./Drivers/STM32F3xx_HAL_Driver/Src/stm32f3xx_hal_tim.o
LOAD ./Drivers/STM32F3xx_HAL_Driver/Src/stm32f3xx_hal_tim_ex.o
LOAD ./Drivers/STM32F3xx_HAL_Driver/Src/stm32f3xx_hal_uart.o
LOAD ./Drivers/STM32F3xx_HAL_Driver/Src/stm32f3xx_hal_uart_ex.o
START GROUP
LOAD /opt/st/stm32cubeide_1.18.1/plugins/com.st.stm32cube.ide.mcu.externaltools.gnu-tools-for-stm32.13.3.rel1.linux64_1.0.0.202410170706/tools/bin/../lib/gcc/arm-none-eabi/13.3.1/../../../../arm-none-eabi/lib/thumb/v7e-m+fp/hard/libstdc++_nano.a
LOAD /opt/st/stm32cubeide_1.18.1/plugins/com.st.stm32cube.ide.mcu.externaltools.gnu-tools-for-stm32.13.3.rel1.linux64_1.0.0.202410170706/tools/bin/../lib/gcc/arm-none-eabi/13.3.1/../../../../arm-none-eabi/lib/thumb/v7e-m+fp/hard/libsupc++_nano.a
END GROUP
LOAD /opt/st/stm32cubeide_1.18.1/plugins/com.st.stm32cube.ide.mcu.externaltools.gnu-tools-for-stm32.13.3.rel1.linux64_1.0.0.202410170706/tools/bin/../lib/gcc/arm-none-eabi/13.3.1/../../../../arm-none-eabi/lib/thumb/v7e-m+fp/hard/libstdc++_nano.a
LOAD /opt/st/stm32cubeide_1.18.1/plugins/com.st.stm32cube.ide.mcu.externaltools.gnu-tools-for-stm32.13.3.rel1.linux64_1.0.0.202410170706/tools/bin/../lib/gcc/arm-none-eabi/13.3.1/../../../../arm-none-eabi/lib/thumb/v7e-m+fp/hard/libm.a
LOAD /opt/st/stm32cubeide_1.18.1/plugins/com.st.stm32cube.ide.mcu.externaltools.gnu-tools-for-stm32.13.3.rel1.linux64_1.0.0.202410170706/tools/bin/../lib/gcc/arm-none-eabi/13.3.1/../../../../arm-none-eabi/lib/thumb/v7e-m+fp/hard/libc_nano.a
START GROUP
LOAD /opt/st/stm32cubeide_1.18.1/plugins/com.st.stm32cube.ide.mcu.externaltools.gnu-tools-for-stm32.13.3.rel1.linux64_1.0.0.202410170706/tools/bin/../lib/gcc/arm-none-eabi/13.3.1/thumb/v7e-m+fp/hard/libgcc.a
LOAD /opt/st/stm32cubeide_1.18.1/plugins/com.st.stm32cube.ide.mcu.externaltools.gnu-tools-for-stm32.13.3.rel1.linux64_1.0.0.202410170706/tools/bin/../lib/gcc/arm-none-eabi/13.3.1/../../../../arm-none-eabi/lib/thumb/v7e-m+fp/hard/libc_nano.a
END GROUP
START GROUP
LOAD /opt/st/stm32cubeide_1.18.1/plugins/com.st.stm32cube.ide.mcu.externaltools.gnu-tools-for-stm32.13.3.rel1.linux64_1.0.0.202410170706/tools/bin/../lib/gcc/arm-none-eabi/13.3.1/thumb/v7e-m+fp/hard/libgcc.a
LOAD /opt/st/stm32cubeide_1.18.1/plugins/com.st.stm32cube.ide.mcu.externaltools.gnu-tools-for-stm32.13.3.rel1.linux64_1.0.0.202410170706/tools/bin/../lib/gcc/arm-none-eabi/13.3.1/../../../../arm-none-eabi/lib/thumb/v7e-m+fp/hard/libc_nano.a
LOAD /opt/st/stm32cubeide_1.18.1/plugins/com.st.stm32cube.ide.mcu.externaltools.gnu-tools-for-stm32.13.3.rel1.linux64_1.0.0.202410170706/tools/bin/../lib/gcc/arm-none-eabi/13.3.1/../../../../arm-none-eabi/lib/thumb/v7e-m+fp/hard/libnosys.a
END GROUP
START GROUP
LOAD /opt/st/stm32cubeide_1.18.1/plugins/com.st.stm32cube.ide.mcu.externaltools.gnu-tools-for-stm32.13.3.rel1.linux64_1.0.0.202410170706/tools/bin/../lib/gcc/arm-none-eabi/13.3.1/thumb/v7e-m+fp/hard/libgcc.a
LOAD /opt/st/stm32cubeide_1.18.1/plugins/com.st.stm32cube.ide.mcu.externaltools.gnu-tools-for-stm32.13.3.rel1.linux64_1.0.0.202410170706/tools/bin/../lib/gcc/arm-none-eabi/13.3.1/../../../../arm-none-eabi/lib/thumb/v7e-m+fp/hard/libc_nano.a
LOAD /opt/st/stm32cubeide_1.18.1/plugins/com.st.stm32cube.ide.mcu.externaltools.gnu-tools-for-stm32.13.3.rel1.linux64_1.0.0.202410170706/tools/bin/../lib/gcc/arm-none-eabi/13.3.1/../../../../arm-none-eabi/lib/thumb/v7e-m+fp/hard/libnosys.a
END GROUP
LOAD /opt/st/stm32cubeide_1.18.1/plugins/com.st.stm32cube.ide.mcu.externaltools.gnu-tools-for-stm32.13.3.rel1.linux64_1.0.0.202410170706/tools/bin/../lib/gcc/arm-none-eabi/13.3.1/thumb/v7e-m+fp/hard/crtend.o
LOAD /opt/st/stm32cubeide_1.18.1/plugins/com.st.stm32cube.ide.mcu.externaltools.gnu-tools-for-stm32.13.3.rel1.linux64_1.0.0.202410170706/tools/bin/../lib/gcc/arm-none-eabi/13.3.1/thumb/v7e-m+fp/hard/crtn.o
                0x20003000                        _estack = (ORIGIN (RAM) + LENGTH (RAM))
                0x00000200                        _Min_Heap_Size = 0x200
                0x00000400                        _Min_Stack_Size = 0x400

.isr_vector     0x08000000      0x188
                0x08000000                        . = ALIGN (0x4)
 *(.isr_vector)
 .isr_vector    0x08000000      0x188 ./Core/Startup/startup_stm32f303k8tx.o
                0x08000000                g_pfnVectors
                0x08000188                        . = ALIGN (0x4)

.text           0x08000188     0x5864
                0x08000188                        . = ALIGN (0x4)
 *(.text)
 .text          0x08000188       0x40 /opt/st/stm32cubeide_1.18.1/plugins/com.st.stm32cube.ide.mcu.externaltools.gnu-tools-for-stm32.13.3.rel1.linux64_1.0.0.202410170706/tools/bin/../lib/gcc/arm-none-eabi/13.3.1/thumb/v7e-m+fp/hard/crtbegin.o
 .text          0x080001c8      0x254 /opt/st/stm32cubeide_1.18.1/plugins/com.st.stm32cube.ide.mcu.externaltools.gnu-tools-for-stm32.13.3.rel1.linux64_1.0.0.202410170706/tools/bin/../lib/gcc/arm-none-eabi/13.3.1/thumb/v7e-m+fp/hard/libgcc.a(_arm_muldf3.o)
                0x080001c8                __aeabi_dmul
                0x080001c8                __muldf3
 .text          0x0800041c      0x378 /opt/st/stm32cubeide_1.18.1/plugins/com.st.stm32cube.ide.mcu.externaltools.gnu-tools-for-stm32.13.3.rel1.linux64_1.0.0.202410170706/tools/bin/../lib/gcc/arm-none-eabi/13.3.1/thumb/v7e-m+fp/hard/libgcc.a(_arm_addsubdf3.o)
                0x0800041c                __aeabi_drsub
                0x08000424                __aeabi_dsub
                0x08000424                __subdf3
                0x08000428                __adddf3
                0x08000428                __aeabi_dadd
                0x080006a0                __aeabi_ui2d
                0x080006a0                __floatunsidf
                0x080006c0                __floatsidf
                0x080006c0                __aeabi_i2d
                0x080006e4                __extendsfdf2
                0x080006e4                __aeabi_f2d
                0x08000728                __aeabi_ul2d
                0x08000728                __floatundidf
                0x08000738                __floatdidf
                0x08000738                __aeabi_l2d
 *(.text*)
 .text._ZSt4fabsf
                0x08000794       0x20 ./Core/Src/BLDCMotor.o
                0x08000794                std::fabs(float)
 .text._ZN9BLDCMotorC2Eifff
                0x080007b4       0x74 ./Core/Src/BLDCMotor.o
                0x080007b4                BLDCMotor::BLDCMotor(int, float, float, float)
                0x080007b4                BLDCMotor::BLDCMotor(int, float, float, float)
 .text._ZN9BLDCMotor10linkDriverEP10BLDCDriver
                0x08000828       0x1e ./Core/Src/BLDCMotor.o
                0x08000828                BLDCMotor::linkDriver(BLDCDriver*)
 *fill*         0x08000846        0x2 
 .text._ZN9BLDCMotor4initEv
                0x08000848      0x120 ./Core/Src/BLDCMotor.o
                0x08000848                BLDCMotor::init()
 .text._ZN9BLDCMotor7disableEv
                0x08000968       0x78 ./Core/Src/BLDCMotor.o
                0x08000968                BLDCMotor::disable()
 .text._ZN9BLDCMotor6enableEv
                0x080009e0       0xa0 ./Core/Src/BLDCMotor.o
                0x080009e0                BLDCMotor::enable()
 .text._ZN9BLDCMotor7initFOCEv
                0x08000a80       0xe4 ./Core/Src/BLDCMotor.o
                0x08000a80                BLDCMotor::initFOC()
 .text._ZN9BLDCMotor17alignCurrentSenseEv
                0x08000b64       0x5c ./Core/Src/BLDCMotor.o
                0x08000b64                BLDCMotor::alignCurrentSense()
 .text._ZN9BLDCMotor11alignSensorEv
                0x08000bc0      0x2b8 ./Core/Src/BLDCMotor.o
                0x08000bc0                BLDCMotor::alignSensor()
 .text._ZN9BLDCMotor18absoluteZeroSearchEv
                0x08000e78       0xe4 ./Core/Src/BLDCMotor.o
                0x08000e78                BLDCMotor::absoluteZeroSearch()
 .text._ZN9BLDCMotor7loopFOCEv
                0x08000f5c       0x90 ./Core/Src/BLDCMotor.o
                0x08000f5c                BLDCMotor::loopFOC()
 .text._ZN9BLDCMotor4moveEf
                0x08000fec      0x768 ./Core/Src/BLDCMotor.o
                0x08000fec                BLDCMotor::move(float)
 .text._ZN9BLDCMotor15setPhaseVoltageEfff
                0x08001754      0x758 ./Core/Src/BLDCMotor.o
                0x08001754                BLDCMotor::setPhaseVoltage(float, float, float)
 .text._ZN9BLDCMotor16velocityOpenloopEf
                0x08001eac        0xe ./Core/Src/BLDCMotor.o
                0x08001eac                BLDCMotor::velocityOpenloop(float)
 .text._ZN9BLDCMotor13angleOpenloopEf
                0x08001eba        0xe ./Core/Src/BLDCMotor.o
                0x08001eba                BLDCMotor::angleOpenloop(float)
 .text._ZSt3minIfERKT_S2_S2_
                0x08001ec8       0x32 ./Core/Src/BLDCMotor.o
                0x08001ec8                float const& std::min<float>(float const&, float const&)
 .text._ZSt3maxIfERKT_S2_S2_
                0x08001efa       0x32 ./Core/Src/BLDCMotor.o
                0x08001efa                float const& std::max<float>(float const&, float const&)
 .text.cppInit  0x08001f2c       0xb4 ./Core/Src/cppMain.o
                0x08001f2c                cppInit
 .text.cppLoop  0x08001fe0       0x20 ./Core/Src/cppMain.o
                0x08001fe0                cppLoop
 .text._Z41__static_initialization_and_destruction_0v
                0x08002000       0x60 ./Core/Src/cppMain.o
 .text._GLOBAL__sub_I_motor
                0x08002060        0xa ./Core/Src/cppMain.o
 .text.main     0x0800206a       0x22 ./Core/Src/main.o
                0x0800206a                main
 .text.SystemClock_Config
                0x0800208c       0x76 ./Core/Src/main.o
                0x0800208c                SystemClock_Config
 *fill*         0x08002102        0x2 
 .text.MX_TIM2_Init
                0x08002104       0xa8 ./Core/Src/main.o
 .text.MX_USART2_UART_Init
                0x080021ac       0x60 ./Core/Src/main.o
 .text.MX_GPIO_Init
                0x0800220c       0x48 ./Core/Src/main.o
 .text.Error_Handler
                0x08002254        0xc ./Core/Src/main.o
                0x08002254                Error_Handler
 .text.HAL_MspInit
                0x08002260       0x48 ./Core/Src/stm32f3xx_hal_msp.o
                0x08002260                HAL_MspInit
 .text.HAL_TIM_Encoder_MspInit
                0x080022a8       0x80 ./Core/Src/stm32f3xx_hal_msp.o
                0x080022a8                HAL_TIM_Encoder_MspInit
 .text.HAL_UART_MspInit
                0x08002328       0x88 ./Core/Src/stm32f3xx_hal_msp.o
                0x08002328                HAL_UART_MspInit
 .text.NMI_Handler
                0x080023b0        0x8 ./Core/Src/stm32f3xx_it.o
                0x080023b0                NMI_Handler
 .text.HardFault_Handler
                0x080023b8        0x8 ./Core/Src/stm32f3xx_it.o
                0x080023b8                HardFault_Handler
 .text.MemManage_Handler
                0x080023c0        0x8 ./Core/Src/stm32f3xx_it.o
                0x080023c0                MemManage_Handler
 .text.BusFault_Handler
                0x080023c8        0x8 ./Core/Src/stm32f3xx_it.o
                0x080023c8                BusFault_Handler
 .text.UsageFault_Handler
                0x080023d0        0x8 ./Core/Src/stm32f3xx_it.o
                0x080023d0                UsageFault_Handler
 .text.SVC_Handler
                0x080023d8        0xe ./Core/Src/stm32f3xx_it.o
                0x080023d8                SVC_Handler
 .text.DebugMon_Handler
                0x080023e6        0xe ./Core/Src/stm32f3xx_it.o
                0x080023e6                DebugMon_Handler
 .text.PendSV_Handler
                0x080023f4        0xe ./Core/Src/stm32f3xx_it.o
                0x080023f4                PendSV_Handler
 .text.SysTick_Handler
                0x08002402        0xc ./Core/Src/stm32f3xx_it.o
                0x08002402                SysTick_Handler
 *fill*         0x0800240e        0x2 
 .text.SystemInit
                0x08002410       0x24 ./Core/Src/system_stm32f3xx.o
                0x08002410                SystemInit
 .text._ZN8FOCMotorC2Ev
                0x08002434      0x1fc ./Core/Src/common/base_classes/FOCMotor.o
                0x08002434                FOCMotor::FOCMotor()
                0x08002434                FOCMotor::FOCMotor()
 .text._ZN8FOCMotor10linkSensorEP6Sensor
                0x08002630       0x1e ./Core/Src/common/base_classes/FOCMotor.o
                0x08002630                FOCMotor::linkSensor(Sensor*)
 .text._ZN8FOCMotor10shaftAngleEv
                0x0800264e       0x76 ./Core/Src/common/base_classes/FOCMotor.o
                0x0800264e                FOCMotor::shaftAngle()
 .text._ZN8FOCMotor13shaftVelocityEv
                0x080026c4       0x6c ./Core/Src/common/base_classes/FOCMotor.o
                0x080026c4                FOCMotor::shaftVelocity()
 .text._ZN8FOCMotor15electricalAngleEv
                0x08002730       0x78 ./Core/Src/common/base_classes/FOCMotor.o
                0x08002730                FOCMotor::electricalAngle()
 .text._ZN6Sensor6updateEv
                0x080027a8       0x48 ./Core/Src/common/base_classes/Sensor.o
                0x080027a8                Sensor::update()
 .text._ZN6Sensor11getVelocityEv
                0x080027f0       0xe0 ./Core/Src/common/base_classes/Sensor.o
                0x080027f0                Sensor::getVelocity()
 .text._ZN6Sensor4initEv
                0x080028d0       0x54 ./Core/Src/common/base_classes/Sensor.o
                0x080028d0                Sensor::init()
 .text._ZN6Sensor18getMechanicalAngleEv
                0x08002924       0x1e ./Core/Src/common/base_classes/Sensor.o
                0x08002924                Sensor::getMechanicalAngle()
 *fill*         0x08002942        0x2 
 .text._ZN6Sensor8getAngleEv
                0x08002944       0x38 ./Core/Src/common/base_classes/Sensor.o
                0x08002944                Sensor::getAngle()
 *fill*         0x0800297c        0x4 
 .text._ZN6Sensor15getPreciseAngleEv
                0x08002980       0x58 ./Core/Src/common/base_classes/Sensor.o
                0x08002980                Sensor::getPreciseAngle()
 .text._ZN6Sensor16getFullRotationsEv
                0x080029d8       0x18 ./Core/Src/common/base_classes/Sensor.o
                0x080029d8                Sensor::getFullRotations()
 .text._ZN6Sensor11needsSearchEv
                0x080029f0       0x16 ./Core/Src/common/base_classes/Sensor.o
                0x080029f0                Sensor::needsSearch()
 .text._ZSt4fmodff
                0x08002a06       0x28 ./Core/Src/common/foc_utils.o
                0x08002a06                std::fmod(float, float)
 *fill*         0x08002a2e        0x2 
 .text._Z4_sinf
                0x08002a30       0xf0 ./Core/Src/common/foc_utils.o
                0x08002a30                _sin(float)
 .text._Z4_cosf
                0x08002b20       0x60 ./Core/Src/common/foc_utils.o
                0x08002b20                _cos(float)
 .text._Z7_sincosfPfS_
                0x08002b80       0x3a ./Core/Src/common/foc_utils.o
                0x08002b80                _sincos(float, float*, float*)
 *fill*         0x08002bba        0x2 
 .text._Z15_normalizeAnglef
                0x08002bbc       0x48 ./Core/Src/common/foc_utils.o
                0x08002bbc                _normalizeAngle(float)
 .text._ZN13LowPassFilterC2Ef
                0x08002c04       0x28 ./Core/Src/common/lowpass_filter.o
                0x08002c04                LowPassFilter::LowPassFilter(float)
                0x08002c04                LowPassFilter::LowPassFilter(float)
 .text._ZN13LowPassFilterclEf
                0x08002c2c        0xe ./Core/Src/common/lowpass_filter.o
                0x08002c2c                LowPassFilter::operator()(float)
 .text._ZN13PIDControllerC2Efffff
                0x08002c3a       0x60 ./Core/Src/common/pid.o
                0x08002c3a                PIDController::PIDController(float, float, float, float, float)
                0x08002c3a                PIDController::PIDController(float, float, float, float, float)
 .text._ZN13PIDControllerclEf
                0x08002c9a        0xe ./Core/Src/common/pid.o
                0x08002c9a                PIDController::operator()(float)
 .text._ZN13PIDController5resetEv
                0x08002ca8       0x2c ./Core/Src/common/pid.o
                0x08002ca8                PIDController::reset()
 .text._ZN10BLDCDriver4typeEv
                0x08002cd4       0x16 ./Core/Src/drivers/BLDCDriver3PWM.o
                0x08002cd4                BLDCDriver::type()
 *fill*         0x08002cea        0x2 
 .text._ZN9FOCDriverC2Ev
                0x08002cec       0x34 ./Core/Src/drivers/BLDCDriver3PWM.o
                0x08002cec                FOCDriver::FOCDriver()
                0x08002cec                FOCDriver::FOCDriver()
 .text._ZN10BLDCDriverC2Ev
                0x08002d20       0x24 ./Core/Src/drivers/BLDCDriver3PWM.o
                0x08002d20                BLDCDriver::BLDCDriver()
                0x08002d20                BLDCDriver::BLDCDriver()
 .text._ZN14BLDCDriver3PWMC2Eiiiiii
                0x08002d44       0x6c ./Core/Src/drivers/BLDCDriver3PWM.o
                0x08002d44                BLDCDriver3PWM::BLDCDriver3PWM(int, int, int, int, int, int)
                0x08002d44                BLDCDriver3PWM::BLDCDriver3PWM(int, int, int, int, int, int)
 .text._ZN14BLDCDriver3PWM6enableEv
                0x08002db0       0x2c ./Core/Src/drivers/BLDCDriver3PWM.o
                0x08002db0                BLDCDriver3PWM::enable()
 .text._ZN14BLDCDriver3PWM7disableEv
                0x08002ddc       0x2c ./Core/Src/drivers/BLDCDriver3PWM.o
                0x08002ddc                BLDCDriver3PWM::disable()
 .text._ZN14BLDCDriver3PWM4initEv
                0x08002e08        0xa ./Core/Src/drivers/BLDCDriver3PWM.o
                0x08002e08                BLDCDriver3PWM::init()
 .text._ZN14BLDCDriver3PWM13setPhaseStateE10PhaseStateS0_S0_
                0x08002e12       0x26 ./Core/Src/drivers/BLDCDriver3PWM.o
                0x08002e12                BLDCDriver3PWM::setPhaseState(PhaseState, PhaseState, PhaseState)
 .text._ZN14BLDCDriver3PWM6setPwmEfff
                0x08002e38      0x1dc ./Core/Src/drivers/BLDCDriver3PWM.o
                0x08002e38                BLDCDriver3PWM::setPwm(float, float, float)
 .text._Z19_writeDutyCycle3PWMfffPv
                0x08003014       0x20 ./Core/Src/drivers/hardware_specific/generic_mcu.o
                0x08003014                _writeDutyCycle3PWM(float, float, float, void*)
 .text._ZN6SensorC2Ev
                0x08003034       0x5c ./Core/Src/sensors/Encoder.o
                0x08003034                Sensor::Sensor()
                0x08003034                Sensor::Sensor()
 .text._ZN7EncoderC2Eiifi
                0x08003090       0x94 ./Core/Src/sensors/Encoder.o
                0x08003090                Encoder::Encoder(int, int, float, int)
                0x08003090                Encoder::Encoder(int, int, float, int)
 .text._ZN7Encoder6updateEv
                0x08003124       0x1e ./Core/Src/sensors/Encoder.o
                0x08003124                Encoder::update()
 *fill*         0x08003142        0x2 
 .text._ZN7Encoder14getSensorAngleEv
                0x08003144       0x3c ./Core/Src/sensors/Encoder.o
                0x08003144                Encoder::getSensorAngle()
 .text._ZN7Encoder11getVelocityEv
                0x08003180        0xa ./Core/Src/sensors/Encoder.o
                0x08003180                Encoder::getVelocity()
 .text._ZN7Encoder11needsSearchEv
                0x0800318a       0x34 ./Core/Src/sensors/Encoder.o
                0x0800318a                Encoder::needsSearch()
 .text._ZN7Encoder8hasIndexEv
                0x080031be       0x22 ./Core/Src/sensors/Encoder.o
                0x080031be                Encoder::hasIndex()
 .text._ZN7Encoder4initEv
                0x080031e0       0x1c ./Core/Src/sensors/Encoder.o
                0x080031e0                Encoder::init()
 .text.Reset_Handler
                0x080031fc       0x50 ./Core/Startup/startup_stm32f303k8tx.o
                0x080031fc                Reset_Handler
 .text.Default_Handler
                0x0800324c        0x2 ./Core/Startup/startup_stm32f303k8tx.o
                0x0800324c                RTC_Alarm_IRQHandler
                0x0800324c                TIM1_CC_IRQHandler
                0x0800324c                PVD_IRQHandler
                0x0800324c                TAMP_STAMP_IRQHandler
                0x0800324c                EXTI3_IRQHandler
                0x0800324c                EXTI0_IRQHandler
                0x0800324c                FPU_IRQHandler
                0x0800324c                CAN_TX_IRQHandler
                0x0800324c                TIM1_UP_TIM16_IRQHandler
                0x0800324c                ADC1_2_IRQHandler
                0x0800324c                SPI1_IRQHandler
                0x0800324c                CAN_SCE_IRQHandler
                0x0800324c                DMA1_Channel4_IRQHandler
                0x0800324c                USART3_IRQHandler
                0x0800324c                DMA1_Channel7_IRQHandler
                0x0800324c                TIM7_DAC2_IRQHandler
                0x0800324c                CAN_RX1_IRQHandler
                0x0800324c                I2C1_EV_IRQHandler
                0x0800324c                DMA1_Channel6_IRQHandler
                0x0800324c                TIM3_IRQHandler
                0x0800324c                RCC_IRQHandler
                0x0800324c                DMA1_Channel1_IRQHandler
                0x0800324c                Default_Handler
                0x0800324c                EXTI15_10_IRQHandler
                0x0800324c                COMP2_IRQHandler
                0x0800324c                TIM6_DAC1_IRQHandler
                0x0800324c                EXTI9_5_IRQHandler
                0x0800324c                RTC_WKUP_IRQHandler
                0x0800324c                DMA1_Channel5_IRQHandler
                0x0800324c                EXTI4_IRQHandler
                0x0800324c                TIM1_TRG_COM_TIM17_IRQHandler
                0x0800324c                DMA1_Channel3_IRQHandler
                0x0800324c                WWDG_IRQHandler
                0x0800324c                TIM2_IRQHandler
                0x0800324c                EXTI1_IRQHandler
                0x0800324c                COMP4_6_IRQHandler
                0x0800324c                USART2_IRQHandler
                0x0800324c                DMA1_Channel2_IRQHandler
                0x0800324c                FLASH_IRQHandler
                0x0800324c                USART1_IRQHandler
                0x0800324c                CAN_RX0_IRQHandler
                0x0800324c                I2C1_ER_IRQHandler
                0x0800324c                EXTI2_TSC_IRQHandler
                0x0800324c                TIM1_BRK_TIM15_IRQHandler
 *fill*         0x0800324e        0x2 
 .text.HAL_Init
                0x08003250       0x2c ./Drivers/STM32F3xx_HAL_Driver/Src/stm32f3xx_hal.o
                0x08003250                HAL_Init
 .text.HAL_InitTick
                0x0800327c       0x60 ./Drivers/STM32F3xx_HAL_Driver/Src/stm32f3xx_hal.o
                0x0800327c                HAL_InitTick
 .text.HAL_IncTick
                0x080032dc       0x28 ./Drivers/STM32F3xx_HAL_Driver/Src/stm32f3xx_hal.o
                0x080032dc                HAL_IncTick
 .text.HAL_GetTick
                0x08003304       0x18 ./Drivers/STM32F3xx_HAL_Driver/Src/stm32f3xx_hal.o
                0x08003304                HAL_GetTick
 .text.HAL_Delay
                0x0800331c       0x48 ./Drivers/STM32F3xx_HAL_Driver/Src/stm32f3xx_hal.o
                0x0800331c                HAL_Delay
 .text.__NVIC_SetPriorityGrouping
                0x08003364       0x48 ./Drivers/STM32F3xx_HAL_Driver/Src/stm32f3xx_hal_cortex.o
 .text.__NVIC_GetPriorityGrouping
                0x080033ac       0x1c ./Drivers/STM32F3xx_HAL_Driver/Src/stm32f3xx_hal_cortex.o
 .text.__NVIC_SetPriority
                0x080033c8       0x54 ./Drivers/STM32F3xx_HAL_Driver/Src/stm32f3xx_hal_cortex.o
 .text.NVIC_EncodePriority
                0x0800341c       0x66 ./Drivers/STM32F3xx_HAL_Driver/Src/stm32f3xx_hal_cortex.o
 *fill*         0x08003482        0x2 
 .text.SysTick_Config
                0x08003484       0x44 ./Drivers/STM32F3xx_HAL_Driver/Src/stm32f3xx_hal_cortex.o
 .text.HAL_NVIC_SetPriorityGrouping
                0x080034c8       0x16 ./Drivers/STM32F3xx_HAL_Driver/Src/stm32f3xx_hal_cortex.o
                0x080034c8                HAL_NVIC_SetPriorityGrouping
 .text.HAL_NVIC_SetPriority
                0x080034de       0x38 ./Drivers/STM32F3xx_HAL_Driver/Src/stm32f3xx_hal_cortex.o
                0x080034de                HAL_NVIC_SetPriority
 .text.HAL_SYSTICK_Config
                0x08003516       0x18 ./Drivers/STM32F3xx_HAL_Driver/Src/stm32f3xx_hal_cortex.o
                0x08003516                HAL_SYSTICK_Config
 *fill*         0x0800352e        0x2 
 .text.HAL_GPIO_Init
                0x08003530      0x2e4 ./Drivers/STM32F3xx_HAL_Driver/Src/stm32f3xx_hal_gpio.o
                0x08003530                HAL_GPIO_Init
 .text.HAL_RCC_OscConfig
                0x08003814     0x101c ./Drivers/STM32F3xx_HAL_Driver/Src/stm32f3xx_hal_rcc.o
                0x08003814                HAL_RCC_OscConfig
 .text.HAL_RCC_ClockConfig
                0x08004830      0x2dc ./Drivers/STM32F3xx_HAL_Driver/Src/stm32f3xx_hal_rcc.o
                0x08004830                HAL_RCC_ClockConfig
 .text.HAL_RCC_GetSysClockFreq
                0x08004b0c       0xa8 ./Drivers/STM32F3xx_HAL_Driver/Src/stm32f3xx_hal_rcc.o
                0x08004b0c                HAL_RCC_GetSysClockFreq
 .text.HAL_RCC_GetHCLKFreq
                0x08004bb4       0x18 ./Drivers/STM32F3xx_HAL_Driver/Src/stm32f3xx_hal_rcc.o
                0x08004bb4                HAL_RCC_GetHCLKFreq
 .text.HAL_RCC_GetPCLK1Freq
                0x08004bcc       0x44 ./Drivers/STM32F3xx_HAL_Driver/Src/stm32f3xx_hal_rcc.o
                0x08004bcc                HAL_RCC_GetPCLK1Freq
 .text.HAL_RCC_GetPCLK2Freq
                0x08004c10       0x44 ./Drivers/STM32F3xx_HAL_Driver/Src/stm32f3xx_hal_rcc.o
                0x08004c10                HAL_RCC_GetPCLK2Freq
 .text.HAL_TIM_Encoder_Init
                0x08004c54      0x14c ./Drivers/STM32F3xx_HAL_Driver/Src/stm32f3xx_hal_tim.o
                0x08004c54                HAL_TIM_Encoder_Init
 .text.HAL_TIM_Encoder_Start
                0x08004da0      0x11c ./Drivers/STM32F3xx_HAL_Driver/Src/stm32f3xx_hal_tim.o
                0x08004da0                HAL_TIM_Encoder_Start
 .text.TIM_Base_SetConfig
                0x08004ebc      0x108 ./Drivers/STM32F3xx_HAL_Driver/Src/stm32f3xx_hal_tim.o
                0x08004ebc                TIM_Base_SetConfig
 .text.TIM_CCxChannelCmd
                0x08004fc4       0x4a ./Drivers/STM32F3xx_HAL_Driver/Src/stm32f3xx_hal_tim.o
                0x08004fc4                TIM_CCxChannelCmd
 *fill*         0x0800500e        0x2 
 .text.HAL_TIMEx_MasterConfigSynchronization
                0x08005010       0xdc ./Drivers/STM32F3xx_HAL_Driver/Src/stm32f3xx_hal_tim_ex.o
                0x08005010                HAL_TIMEx_MasterConfigSynchronization
 .text.HAL_UART_Init
                0x080050ec       0x9c ./Drivers/STM32F3xx_HAL_Driver/Src/stm32f3xx_hal_uart.o
                0x080050ec                HAL_UART_Init
 .text.UART_SetConfig
                0x08005188      0x26c ./Drivers/STM32F3xx_HAL_Driver/Src/stm32f3xx_hal_uart.o
                0x08005188                UART_SetConfig
 .text.UART_AdvFeatureConfig
                0x080053f4      0x144 ./Drivers/STM32F3xx_HAL_Driver/Src/stm32f3xx_hal_uart.o
                0x080053f4                UART_AdvFeatureConfig
 .text.UART_CheckIdleState
                0x08005538      0x150 ./Drivers/STM32F3xx_HAL_Driver/Src/stm32f3xx_hal_uart.o
                0x08005538                UART_CheckIdleState
 .text.UART_WaitOnFlagUntilTimeout
                0x08005688       0xda ./Drivers/STM32F3xx_HAL_Driver/Src/stm32f3xx_hal_uart.o
                0x08005688                UART_WaitOnFlagUntilTimeout
 .text.UART_EndRxTransfer
                0x08005762       0xc8 ./Drivers/STM32F3xx_HAL_Driver/Src/stm32f3xx_hal_uart.o
 *fill*         0x0800582a        0x2 
 .text.fmodf    0x0800582c       0x40 /opt/st/stm32cubeide_1.18.1/plugins/com.st.stm32cube.ide.mcu.externaltools.gnu-tools-for-stm32.13.3.rel1.linux64_1.0.0.202410170706/tools/bin/../lib/gcc/arm-none-eabi/13.3.1/../../../../arm-none-eabi/lib/thumb/v7e-m+fp/hard/libm.a(libm_a-wf_fmod.o)
                0x0800582c                fmodf
 .text.__ieee754_fmodf
                0x0800586c      0x104 /opt/st/stm32cubeide_1.18.1/plugins/com.st.stm32cube.ide.mcu.externaltools.gnu-tools-for-stm32.13.3.rel1.linux64_1.0.0.202410170706/tools/bin/../lib/gcc/arm-none-eabi/13.3.1/../../../../arm-none-eabi/lib/thumb/v7e-m+fp/hard/libm.a(libm_a-ef_fmod.o)
                0x0800586c                __ieee754_fmodf
 .text.memset   0x08005970       0x10 /opt/st/stm32cubeide_1.18.1/plugins/com.st.stm32cube.ide.mcu.externaltools.gnu-tools-for-stm32.13.3.rel1.linux64_1.0.0.202410170706/tools/bin/../lib/gcc/arm-none-eabi/13.3.1/../../../../arm-none-eabi/lib/thumb/v7e-m+fp/hard/libc_nano.a(libc_a-memset.o)
                0x08005970                memset
 .text.__errno  0x08005980        0xc /opt/st/stm32cubeide_1.18.1/plugins/com.st.stm32cube.ide.mcu.externaltools.gnu-tools-for-stm32.13.3.rel1.linux64_1.0.0.202410170706/tools/bin/../lib/gcc/arm-none-eabi/13.3.1/../../../../arm-none-eabi/lib/thumb/v7e-m+fp/hard/libc_nano.a(libc_a-errno.o)
                0x08005980                __errno
 .text.__libc_init_array
                0x0800598c       0x48 /opt/st/stm32cubeide_1.18.1/plugins/com.st.stm32cube.ide.mcu.externaltools.gnu-tools-for-stm32.13.3.rel1.linux64_1.0.0.202410170706/tools/bin/../lib/gcc/arm-none-eabi/13.3.1/../../../../arm-none-eabi/lib/thumb/v7e-m+fp/hard/libc_nano.a(libc_a-init.o)
                0x0800598c                __libc_init_array
 *(.glue_7)
 .glue_7        0x080059d4        0x0 linker stubs
 *(.glue_7t)
 .glue_7t       0x080059d4        0x0 linker stubs
 *(.eh_frame)
 .eh_frame      0x080059d4        0x0 /opt/st/stm32cubeide_1.18.1/plugins/com.st.stm32cube.ide.mcu.externaltools.gnu-tools-for-stm32.13.3.rel1.linux64_1.0.0.202410170706/tools/bin/../lib/gcc/arm-none-eabi/13.3.1/thumb/v7e-m+fp/hard/crtbegin.o
 *(.init)
 .init          0x080059d4        0x4 /opt/st/stm32cubeide_1.18.1/plugins/com.st.stm32cube.ide.mcu.externaltools.gnu-tools-for-stm32.13.3.rel1.linux64_1.0.0.202410170706/tools/bin/../lib/gcc/arm-none-eabi/13.3.1/thumb/v7e-m+fp/hard/crti.o
                0x080059d4                _init
 .init          0x080059d8        0x8 /opt/st/stm32cubeide_1.18.1/plugins/com.st.stm32cube.ide.mcu.externaltools.gnu-tools-for-stm32.13.3.rel1.linux64_1.0.0.202410170706/tools/bin/../lib/gcc/arm-none-eabi/13.3.1/thumb/v7e-m+fp/hard/crtn.o
 *(.fini)
 .fini          0x080059e0        0x4 /opt/st/stm32cubeide_1.18.1/plugins/com.st.stm32cube.ide.mcu.externaltools.gnu-tools-for-stm32.13.3.rel1.linux64_1.0.0.202410170706/tools/bin/../lib/gcc/arm-none-eabi/13.3.1/thumb/v7e-m+fp/hard/crti.o
                0x080059e0                _fini
 .fini          0x080059e4        0x8 /opt/st/stm32cubeide_1.18.1/plugins/com.st.stm32cube.ide.mcu.externaltools.gnu-tools-for-stm32.13.3.rel1.linux64_1.0.0.202410170706/tools/bin/../lib/gcc/arm-none-eabi/13.3.1/thumb/v7e-m+fp/hard/crtn.o
                0x080059ec                        . = ALIGN (0x4)
                0x080059ec                        _etext = .

.vfp11_veneer   0x080059ec        0x0
 .vfp11_veneer  0x080059ec        0x0 linker stubs

.v4_bx          0x080059ec        0x0
 .v4_bx         0x080059ec        0x0 linker stubs

.iplt           0x080059ec        0x0
 .iplt          0x080059ec        0x0 /opt/st/stm32cubeide_1.18.1/plugins/com.st.stm32cube.ide.mcu.externaltools.gnu-tools-for-stm32.13.3.rel1.linux64_1.0.0.202410170706/tools/bin/../lib/gcc/arm-none-eabi/13.3.1/thumb/v7e-m+fp/hard/crtbegin.o

.rodata         0x080059ec      0x13c
                0x080059ec                        . = ALIGN (0x4)
 *(.rodata)
 *(.rodata*)
 .rodata._ZTV9BLDCMotor
                0x080059ec       0x28 ./Core/Src/BLDCMotor.o
                0x080059ec                vtable for BLDCMotor
 .rodata.AHBPrescTable
                0x08005a14       0x10 ./Core/Src/system_stm32f3xx.o
                0x08005a14                AHBPrescTable
 .rodata.APBPrescTable
                0x08005a24        0x8 ./Core/Src/system_stm32f3xx.o
                0x08005a24                APBPrescTable
 .rodata._ZTV8FOCMotor
                0x08005a2c       0x24 ./Core/Src/common/base_classes/FOCMotor.o
                0x08005a2c                vtable for FOCMotor
 .rodata._ZTV6Sensor
                0x08005a50       0x2c ./Core/Src/common/base_classes/Sensor.o
                0x08005a50                vtable for Sensor
 .rodata._ZTV14BLDCDriver3PWM
                0x08005a7c       0x20 ./Core/Src/drivers/BLDCDriver3PWM.o
                0x08005a7c                vtable for BLDCDriver3PWM
 .rodata._ZTV10BLDCDriver
                0x08005a9c       0x20 ./Core/Src/drivers/BLDCDriver3PWM.o
                0x08005a9c                vtable for BLDCDriver
 .rodata._ZTV9FOCDriver
                0x08005abc       0x18 ./Core/Src/drivers/BLDCDriver3PWM.o
                0x08005abc                vtable for FOCDriver
 .rodata._ZTV7Encoder
                0x08005ad4       0x2c ./Core/Src/sensors/Encoder.o
                0x08005ad4                vtable for Encoder
 .rodata.aPLLMULFactorTable
                0x08005b00       0x10 ./Drivers/STM32F3xx_HAL_Driver/Src/stm32f3xx_hal_rcc.o
 .rodata.aPredivFactorTable
                0x08005b10       0x10 ./Drivers/STM32F3xx_HAL_Driver/Src/stm32f3xx_hal_rcc.o
 .rodata.Zero   0x08005b20        0x8 /opt/st/stm32cubeide_1.18.1/plugins/com.st.stm32cube.ide.mcu.externaltools.gnu-tools-for-stm32.13.3.rel1.linux64_1.0.0.202410170706/tools/bin/../lib/gcc/arm-none-eabi/13.3.1/../../../../arm-none-eabi/lib/thumb/v7e-m+fp/hard/libm.a(libm_a-ef_fmod.o)
                0x08005b28                        . = ALIGN (0x4)

.ARM.extab      0x08005b28        0x0
                0x08005b28                        . = ALIGN (0x4)
 *(.ARM.extab* .gnu.linkonce.armextab.*)
                0x08005b28                        . = ALIGN (0x4)

.ARM            0x08005b28        0x0
                0x08005b28                        . = ALIGN (0x4)
                0x08005b28                        __exidx_start = .
 *(.ARM.exidx*)
                0x08005b28                        __exidx_end = .
                0x08005b28                        . = ALIGN (0x4)

.preinit_array  0x08005b28        0x0
                0x08005b28                        . = ALIGN (0x4)
                0x08005b28                        PROVIDE (__preinit_array_start = .)
 *(.preinit_array*)
                0x08005b28                        PROVIDE (__preinit_array_end = .)
                0x08005b28                        . = ALIGN (0x4)

.init_array     0x08005b28        0x8
                0x08005b28                        . = ALIGN (0x4)
                0x08005b28                        PROVIDE (__init_array_start = .)
 *(SORT_BY_NAME(.init_array.*))
 *(.init_array*)
 .init_array    0x08005b28        0x4 /opt/st/stm32cubeide_1.18.1/plugins/com.st.stm32cube.ide.mcu.externaltools.gnu-tools-for-stm32.13.3.rel1.linux64_1.0.0.202410170706/tools/bin/../lib/gcc/arm-none-eabi/13.3.1/thumb/v7e-m+fp/hard/crtbegin.o
 .init_array    0x08005b2c        0x4 ./Core/Src/cppMain.o
                0x08005b30                        PROVIDE (__init_array_end = .)
                0x08005b30                        . = ALIGN (0x4)

.fini_array     0x08005b30        0x4
                0x08005b30                        . = ALIGN (0x4)
                [!provide]                        PROVIDE (__fini_array_start = .)
 *(SORT_BY_NAME(.fini_array.*))
 *(.fini_array*)
 .fini_array    0x08005b30        0x4 /opt/st/stm32cubeide_1.18.1/plugins/com.st.stm32cube.ide.mcu.externaltools.gnu-tools-for-stm32.13.3.rel1.linux64_1.0.0.202410170706/tools/bin/../lib/gcc/arm-none-eabi/13.3.1/thumb/v7e-m+fp/hard/crtbegin.o
                [!provide]                        PROVIDE (__fini_array_end = .)
                0x08005b34                        . = ALIGN (0x4)
                0x08005b34                        _sidata = LOADADDR (.data)

.rel.dyn        0x08005b34        0x0
 .rel.iplt      0x08005b34        0x0 /opt/st/stm32cubeide_1.18.1/plugins/com.st.stm32cube.ide.mcu.externaltools.gnu-tools-for-stm32.13.3.rel1.linux64_1.0.0.202410170706/tools/bin/../lib/gcc/arm-none-eabi/13.3.1/thumb/v7e-m+fp/hard/crtbegin.o

.data           0x20000000      0x1b8 load address 0x08005b34
                0x20000000                        . = ALIGN (0x4)
                0x20000000                        _sdata = .
 *(.data)
 *(.data*)
 .data.trap_120_map
                0x20000000       0x48 ./Core/Src/BLDCMotor.o
                0x20000000                trap_120_map
 .data.trap_150_map
                0x20000048       0x90 ./Core/Src/BLDCMotor.o
                0x20000048                trap_150_map
 .data.SystemCoreClock
                0x200000d8        0x4 ./Core/Src/system_stm32f3xx.o
                0x200000d8                SystemCoreClock
 .data._ZZ4_sinfE10sine_array
                0x200000dc       0x82 ./Core/Src/common/foc_utils.o
 *fill*         0x2000015e        0x2 
 .data.uwTickPrio
                0x20000160        0x4 ./Drivers/STM32F3xx_HAL_Driver/Src/stm32f3xx_hal.o
                0x20000160                uwTickPrio
 .data.uwTickFreq
                0x20000164        0x1 ./Drivers/STM32F3xx_HAL_Driver/Src/stm32f3xx_hal.o
                0x20000164                uwTickFreq
 *fill*         0x20000165        0x3 
 .data._impure_ptr
                0x20000168        0x4 /opt/st/stm32cubeide_1.18.1/plugins/com.st.stm32cube.ide.mcu.externaltools.gnu-tools-for-stm32.13.3.rel1.linux64_1.0.0.202410170706/tools/bin/../lib/gcc/arm-none-eabi/13.3.1/../../../../arm-none-eabi/lib/thumb/v7e-m+fp/hard/libc_nano.a(libc_a-impure.o)
                0x20000168                _impure_ptr
 .data._impure_data
                0x2000016c       0x4c /opt/st/stm32cubeide_1.18.1/plugins/com.st.stm32cube.ide.mcu.externaltools.gnu-tools-for-stm32.13.3.rel1.linux64_1.0.0.202410170706/tools/bin/../lib/gcc/arm-none-eabi/13.3.1/../../../../arm-none-eabi/lib/thumb/v7e-m+fp/hard/libc_nano.a(libc_a-impure.o)
                0x2000016c                _impure_data
 *(.RamFunc)
 *(.RamFunc*)
                0x200001b8                        . = ALIGN (0x4)
                0x200001b8                        _edata = .
                0x08005cec                        _siccmram = LOADADDR (.ccmram)

.igot.plt       0x200001b8        0x0 load address 0x08005cec
 .igot.plt      0x200001b8        0x0 /opt/st/stm32cubeide_1.18.1/plugins/com.st.stm32cube.ide.mcu.externaltools.gnu-tools-for-stm32.13.3.rel1.linux64_1.0.0.202410170706/tools/bin/../lib/gcc/arm-none-eabi/13.3.1/thumb/v7e-m+fp/hard/crtbegin.o

.ccmram         0x10000000        0x0 load address 0x08005cec
                0x10000000                        . = ALIGN (0x4)
                0x10000000                        _sccmram = .
 *(.ccmram)
 *(.ccmram*)
                0x10000000                        . = ALIGN (0x4)
                0x10000000                        _eccmram = .
                0x10000000                        . = ALIGN (0x4)

.bss            0x200001b8      0x440
                0x200001b8                        _sbss = .
                0x200001b8                        __bss_start__ = _sbss
 *(.bss)
 .bss           0x200001b8       0x1c /opt/st/stm32cubeide_1.18.1/plugins/com.st.stm32cube.ide.mcu.externaltools.gnu-tools-for-stm32.13.3.rel1.linux64_1.0.0.202410170706/tools/bin/../lib/gcc/arm-none-eabi/13.3.1/thumb/v7e-m+fp/hard/crtbegin.o
 *(.bss*)
 .bss.motor     0x200001d4      0x170 ./Core/Src/cppMain.o
                0x200001d4                motor
 .bss.driver    0x20000344       0x40 ./Core/Src/cppMain.o
                0x20000344                driver
 .bss.encoder   0x20000384       0x64 ./Core/Src/cppMain.o
                0x20000384                encoder
 .bss.htim2     0x200003e8       0x4c ./Core/Src/main.o
                0x200003e8                htim2
 .bss.huart2    0x20000434       0x88 ./Core/Src/main.o
                0x20000434                huart2
 .bss.uwTick    0x200004bc        0x4 ./Drivers/STM32F3xx_HAL_Driver/Src/stm32f3xx_hal.o
                0x200004bc                uwTick
 .bss.__sf      0x200004c0      0x138 /opt/st/stm32cubeide_1.18.1/plugins/com.st.stm32cube.ide.mcu.externaltools.gnu-tools-for-stm32.13.3.rel1.linux64_1.0.0.202410170706/tools/bin/../lib/gcc/arm-none-eabi/13.3.1/../../../../arm-none-eabi/lib/thumb/v7e-m+fp/hard/libc_nano.a(libc_a-findfp.o)
                0x200004c0                __sf
 *(COMMON)
                0x200005f8                        . = ALIGN (0x4)
                0x200005f8                        _ebss = .
                0x200005f8                        __bss_end__ = _ebss

._user_heap_stack
                0x200005f8      0x600
                0x200005f8                        . = ALIGN (0x8)
                [!provide]                        PROVIDE (end = .)
                0x200005f8                        PROVIDE (_end = .)
                0x200007f8                        . = (. + _Min_Heap_Size)
 *fill*         0x200005f8      0x200 
                0x20000bf8                        . = (. + _Min_Stack_Size)
 *fill*         0x200007f8      0x400 
                0x20000bf8                        . = ALIGN (0x8)

/DISCARD/
 libc.a(*)
 libm.a(*)
 libgcc.a(*)

.ARM.attributes
                0x00000000       0x30
 *(.ARM.attributes)
 .ARM.attributes
                0x00000000       0x22 /opt/st/stm32cubeide_1.18.1/plugins/com.st.stm32cube.ide.mcu.externaltools.gnu-tools-for-stm32.13.3.rel1.linux64_1.0.0.202410170706/tools/bin/../lib/gcc/arm-none-eabi/13.3.1/thumb/v7e-m+fp/hard/crti.o
 .ARM.attributes
                0x00000022       0x34 /opt/st/stm32cubeide_1.18.1/plugins/com.st.stm32cube.ide.mcu.externaltools.gnu-tools-for-stm32.13.3.rel1.linux64_1.0.0.202410170706/tools/bin/../lib/gcc/arm-none-eabi/13.3.1/thumb/v7e-m+fp/hard/crtbegin.o
 .ARM.attributes
                0x00000056       0x34 ./Core/Src/BLDCMotor.o
 .ARM.attributes
                0x0000008a       0x34 ./Core/Src/cppMain.o
 .ARM.attributes
                0x000000be       0x34 ./Core/Src/main.o
 .ARM.attributes
                0x000000f2       0x34 ./Core/Src/stm32f3xx_hal_msp.o
 .ARM.attributes
                0x00000126       0x34 ./Core/Src/stm32f3xx_it.o
 .ARM.attributes
                0x0000015a       0x34 ./Core/Src/system_stm32f3xx.o
 .ARM.attributes
                0x0000018e       0x34 ./Core/Src/common/base_classes/FOCMotor.o
 .ARM.attributes
                0x000001c2       0x34 ./Core/Src/common/base_classes/Sensor.o
 .ARM.attributes
                0x000001f6       0x34 ./Core/Src/common/foc_utils.o
 .ARM.attributes
                0x0000022a       0x34 ./Core/Src/common/lowpass_filter.o
 .ARM.attributes
                0x0000025e       0x34 ./Core/Src/common/pid.o
 .ARM.attributes
                0x00000292       0x34 ./Core/Src/drivers/BLDCDriver3PWM.o
 .ARM.attributes
                0x000002c6       0x34 ./Core/Src/drivers/hardware_specific/generic_mcu.o
 .ARM.attributes
                0x000002fa       0x34 ./Core/Src/sensors/Encoder.o
 .ARM.attributes
                0x0000032e       0x21 ./Core/Startup/startup_stm32f303k8tx.o
 .ARM.attributes
                0x0000034f       0x34 ./Drivers/STM32F3xx_HAL_Driver/Src/stm32f3xx_hal.o
 .ARM.attributes
                0x00000383       0x34 ./Drivers/STM32F3xx_HAL_Driver/Src/stm32f3xx_hal_cortex.o
 .ARM.attributes
                0x000003b7       0x34 ./Drivers/STM32F3xx_HAL_Driver/Src/stm32f3xx_hal_gpio.o
 .ARM.attributes
                0x000003eb       0x34 ./Drivers/STM32F3xx_HAL_Driver/Src/stm32f3xx_hal_rcc.o
 .ARM.attributes
                0x0000041f       0x34 ./Drivers/STM32F3xx_HAL_Driver/Src/stm32f3xx_hal_tim.o
 .ARM.attributes
                0x00000453       0x34 ./Drivers/STM32F3xx_HAL_Driver/Src/stm32f3xx_hal_tim_ex.o
 .ARM.attributes
                0x00000487       0x34 ./Drivers/STM32F3xx_HAL_Driver/Src/stm32f3xx_hal_uart.o
 .ARM.attributes
                0x000004bb       0x34 /opt/st/stm32cubeide_1.18.1/plugins/com.st.stm32cube.ide.mcu.externaltools.gnu-tools-for-stm32.13.3.rel1.linux64_1.0.0.202410170706/tools/bin/../lib/gcc/arm-none-eabi/13.3.1/../../../../arm-none-eabi/lib/thumb/v7e-m+fp/hard/libm.a(libm_a-wf_fmod.o)
 .ARM.attributes
                0x000004ef       0x34 /opt/st/stm32cubeide_1.18.1/plugins/com.st.stm32cube.ide.mcu.externaltools.gnu-tools-for-stm32.13.3.rel1.linux64_1.0.0.202410170706/tools/bin/../lib/gcc/arm-none-eabi/13.3.1/../../../../arm-none-eabi/lib/thumb/v7e-m+fp/hard/libm.a(libm_a-ef_fmod.o)
 .ARM.attributes
                0x00000523       0x34 /opt/st/stm32cubeide_1.18.1/plugins/com.st.stm32cube.ide.mcu.externaltools.gnu-tools-for-stm32.13.3.rel1.linux64_1.0.0.202410170706/tools/bin/../lib/gcc/arm-none-eabi/13.3.1/../../../../arm-none-eabi/lib/thumb/v7e-m+fp/hard/libc_nano.a(libc_a-findfp.o)
 .ARM.attributes
                0x00000557       0x34 /opt/st/stm32cubeide_1.18.1/plugins/com.st.stm32cube.ide.mcu.externaltools.gnu-tools-for-stm32.13.3.rel1.linux64_1.0.0.202410170706/tools/bin/../lib/gcc/arm-none-eabi/13.3.1/../../../../arm-none-eabi/lib/thumb/v7e-m+fp/hard/libc_nano.a(libc_a-memset.o)
 .ARM.attributes
                0x0000058b       0x34 /opt/st/stm32cubeide_1.18.1/plugins/com.st.stm32cube.ide.mcu.externaltools.gnu-tools-for-stm32.13.3.rel1.linux64_1.0.0.202410170706/tools/bin/../lib/gcc/arm-none-eabi/13.3.1/../../../../arm-none-eabi/lib/thumb/v7e-m+fp/hard/libc_nano.a(libc_a-impure.o)
 .ARM.attributes
                0x000005bf       0x34 /opt/st/stm32cubeide_1.18.1/plugins/com.st.stm32cube.ide.mcu.externaltools.gnu-tools-for-stm32.13.3.rel1.linux64_1.0.0.202410170706/tools/bin/../lib/gcc/arm-none-eabi/13.3.1/../../../../arm-none-eabi/lib/thumb/v7e-m+fp/hard/libc_nano.a(libc_a-errno.o)
 .ARM.attributes
                0x000005f3       0x34 /opt/st/stm32cubeide_1.18.1/plugins/com.st.stm32cube.ide.mcu.externaltools.gnu-tools-for-stm32.13.3.rel1.linux64_1.0.0.202410170706/tools/bin/../lib/gcc/arm-none-eabi/13.3.1/../../../../arm-none-eabi/lib/thumb/v7e-m+fp/hard/libc_nano.a(libc_a-init.o)
 .ARM.attributes
                0x00000627       0x22 /opt/st/stm32cubeide_1.18.1/plugins/com.st.stm32cube.ide.mcu.externaltools.gnu-tools-for-stm32.13.3.rel1.linux64_1.0.0.202410170706/tools/bin/../lib/gcc/arm-none-eabi/13.3.1/thumb/v7e-m+fp/hard/libgcc.a(_arm_muldf3.o)
 .ARM.attributes
                0x00000649       0x22 /opt/st/stm32cubeide_1.18.1/plugins/com.st.stm32cube.ide.mcu.externaltools.gnu-tools-for-stm32.13.3.rel1.linux64_1.0.0.202410170706/tools/bin/../lib/gcc/arm-none-eabi/13.3.1/thumb/v7e-m+fp/hard/libgcc.a(_arm_addsubdf3.o)
 .ARM.attributes
                0x0000066b       0x22 /opt/st/stm32cubeide_1.18.1/plugins/com.st.stm32cube.ide.mcu.externaltools.gnu-tools-for-stm32.13.3.rel1.linux64_1.0.0.202410170706/tools/bin/../lib/gcc/arm-none-eabi/13.3.1/thumb/v7e-m+fp/hard/crtn.o
OUTPUT(simple_foc_test.elf elf32-littlearm)
LOAD linker stubs
LOAD /opt/st/stm32cubeide_1.18.1/plugins/com.st.stm32cube.ide.mcu.externaltools.gnu-tools-for-stm32.13.3.rel1.linux64_1.0.0.202410170706/tools/bin/../lib/gcc/arm-none-eabi/13.3.1/../../../../arm-none-eabi/lib/thumb/v7e-m+fp/hard/libc.a
LOAD /opt/st/stm32cubeide_1.18.1/plugins/com.st.stm32cube.ide.mcu.externaltools.gnu-tools-for-stm32.13.3.rel1.linux64_1.0.0.202410170706/tools/bin/../lib/gcc/arm-none-eabi/13.3.1/../../../../arm-none-eabi/lib/thumb/v7e-m+fp/hard/libm.a
LOAD /opt/st/stm32cubeide_1.18.1/plugins/com.st.stm32cube.ide.mcu.externaltools.gnu-tools-for-stm32.13.3.rel1.linux64_1.0.0.202410170706/tools/bin/../lib/gcc/arm-none-eabi/13.3.1/thumb/v7e-m+fp/hard/libgcc.a

.debug_info     0x00000000    0x145fd
 .debug_info    0x00000000     0x2d22 ./Core/Src/BLDCMotor.o
 .debug_info    0x00002d22      0x5d2 ./Core/Src/cppMain.o
 .debug_info    0x000032f4      0xea3 ./Core/Src/main.o
 .debug_info    0x00004197      0xcfa ./Core/Src/stm32f3xx_hal_msp.o
 .debug_info    0x00004e91      0x113 ./Core/Src/stm32f3xx_it.o
 .debug_info    0x00004fa4      0x407 ./Core/Src/system_stm32f3xx.o
 .debug_info    0x000053ab      0xa7e ./Core/Src/common/base_classes/FOCMotor.o
 .debug_info    0x00005e29      0x3ce ./Core/Src/common/base_classes/Sensor.o
 .debug_info    0x000061f7     0x2001 ./Core/Src/common/foc_utils.o
 .debug_info    0x000081f8      0x16a ./Core/Src/common/lowpass_filter.o
 .debug_info    0x00008362      0x244 ./Core/Src/common/pid.o
 .debug_info    0x000085a6      0x800 ./Core/Src/drivers/BLDCDriver3PWM.o
 .debug_info    0x00008da6      0x4a1 ./Core/Src/drivers/hardware_specific/generic_mcu.o
 .debug_info    0x00009247      0xd00 ./Core/Src/sensors/Encoder.o
 .debug_info    0x00009f47       0x30 ./Core/Startup/startup_stm32f303k8tx.o
 .debug_info    0x00009f77      0x74a ./Drivers/STM32F3xx_HAL_Driver/Src/stm32f3xx_hal.o
 .debug_info    0x0000a6c1      0xa87 ./Drivers/STM32F3xx_HAL_Driver/Src/stm32f3xx_hal_cortex.o
 .debug_info    0x0000b148      0x6a6 ./Drivers/STM32F3xx_HAL_Driver/Src/stm32f3xx_hal_gpio.o
 .debug_info    0x0000b7ee     0x148a ./Drivers/STM32F3xx_HAL_Driver/Src/stm32f3xx_hal_rcc.o
 .debug_info    0x0000cc78     0x2a70 ./Drivers/STM32F3xx_HAL_Driver/Src/stm32f3xx_hal_tim.o
 .debug_info    0x0000f6e8     0x156d ./Drivers/STM32F3xx_HAL_Driver/Src/stm32f3xx_hal_tim_ex.o
 .debug_info    0x00010c55     0x39a8 ./Drivers/STM32F3xx_HAL_Driver/Src/stm32f3xx_hal_uart.o

.debug_abbrev   0x00000000     0x31b7
 .debug_abbrev  0x00000000      0x624 ./Core/Src/BLDCMotor.o
 .debug_abbrev  0x00000624      0x22c ./Core/Src/cppMain.o
 .debug_abbrev  0x00000850      0x282 ./Core/Src/main.o
 .debug_abbrev  0x00000ad2      0x1be ./Core/Src/stm32f3xx_hal_msp.o
 .debug_abbrev  0x00000c90       0x73 ./Core/Src/stm32f3xx_it.o
 .debug_abbrev  0x00000d03      0x11a ./Core/Src/system_stm32f3xx.o
 .debug_abbrev  0x00000e1d      0x305 ./Core/Src/common/base_classes/FOCMotor.o
 .debug_abbrev  0x00001122      0x150 ./Core/Src/common/base_classes/Sensor.o
 .debug_abbrev  0x00001272      0x38a ./Core/Src/common/foc_utils.o
 .debug_abbrev  0x000015fc      0x148 ./Core/Src/common/lowpass_filter.o
 .debug_abbrev  0x00001744      0x177 ./Core/Src/common/pid.o
 .debug_abbrev  0x000018bb      0x288 ./Core/Src/drivers/BLDCDriver3PWM.o
 .debug_abbrev  0x00001b43      0x13f ./Core/Src/drivers/hardware_specific/generic_mcu.o
 .debug_abbrev  0x00001c82      0x36e ./Core/Src/sensors/Encoder.o
 .debug_abbrev  0x00001ff0       0x24 ./Core/Startup/startup_stm32f303k8tx.o
 .debug_abbrev  0x00002014      0x215 ./Drivers/STM32F3xx_HAL_Driver/Src/stm32f3xx_hal.o
 .debug_abbrev  0x00002229      0x2f8 ./Drivers/STM32F3xx_HAL_Driver/Src/stm32f3xx_hal_cortex.o
 .debug_abbrev  0x00002521      0x1ca ./Drivers/STM32F3xx_HAL_Driver/Src/stm32f3xx_hal_gpio.o
 .debug_abbrev  0x000026eb      0x300 ./Drivers/STM32F3xx_HAL_Driver/Src/stm32f3xx_hal_rcc.o
 .debug_abbrev  0x000029eb      0x278 ./Drivers/STM32F3xx_HAL_Driver/Src/stm32f3xx_hal_tim.o
 .debug_abbrev  0x00002c63      0x283 ./Drivers/STM32F3xx_HAL_Driver/Src/stm32f3xx_hal_tim_ex.o
 .debug_abbrev  0x00002ee6      0x2d1 ./Drivers/STM32F3xx_HAL_Driver/Src/stm32f3xx_hal_uart.o

.debug_aranges  0x00000000      0xf00
 .debug_aranges
                0x00000000       0xa0 ./Core/Src/BLDCMotor.o
 .debug_aranges
                0x000000a0       0x40 ./Core/Src/cppMain.o
 .debug_aranges
                0x000000e0       0x48 ./Core/Src/main.o
 .debug_aranges
                0x00000128       0x40 ./Core/Src/stm32f3xx_hal_msp.o
 .debug_aranges
                0x00000168       0x60 ./Core/Src/stm32f3xx_it.o
 .debug_aranges
                0x000001c8       0x28 ./Core/Src/system_stm32f3xx.o
 .debug_aranges
                0x000001f0       0x50 ./Core/Src/common/base_classes/FOCMotor.o
 .debug_aranges
                0x00000240       0x58 ./Core/Src/common/base_classes/Sensor.o
 .debug_aranges
                0x00000298       0x68 ./Core/Src/common/foc_utils.o
 .debug_aranges
                0x00000300       0x28 ./Core/Src/common/lowpass_filter.o
 .debug_aranges
                0x00000328       0x30 ./Core/Src/common/pid.o
 .debug_aranges
                0x00000358       0x60 ./Core/Src/drivers/BLDCDriver3PWM.o
 .debug_aranges
                0x000003b8       0x68 ./Core/Src/drivers/hardware_specific/generic_mcu.o
 .debug_aranges
                0x00000420       0x78 ./Core/Src/sensors/Encoder.o
 .debug_aranges
                0x00000498       0x28 ./Core/Startup/startup_stm32f303k8tx.o
 .debug_aranges
                0x000004c0       0xe0 ./Drivers/STM32F3xx_HAL_Driver/Src/stm32f3xx_hal.o
 .debug_aranges
                0x000005a0      0x100 ./Drivers/STM32F3xx_HAL_Driver/Src/stm32f3xx_hal_cortex.o
 .debug_aranges
                0x000006a0       0x58 ./Drivers/STM32F3xx_HAL_Driver/Src/stm32f3xx_hal_gpio.o
 .debug_aranges
                0x000006f8       0x88 ./Drivers/STM32F3xx_HAL_Driver/Src/stm32f3xx_hal_rcc.o
 .debug_aranges
                0x00000780      0x3e0 ./Drivers/STM32F3xx_HAL_Driver/Src/stm32f3xx_hal_tim.o
 .debug_aranges
                0x00000b60      0x178 ./Drivers/STM32F3xx_HAL_Driver/Src/stm32f3xx_hal_tim_ex.o
 .debug_aranges
                0x00000cd8      0x228 ./Drivers/STM32F3xx_HAL_Driver/Src/stm32f3xx_hal_uart.o

.debug_rnglists
                0x00000000      0xb8e
 .debug_rnglists
                0x00000000       0x7b ./Core/Src/BLDCMotor.o
 .debug_rnglists
                0x0000007b       0x2c ./Core/Src/cppMain.o
 .debug_rnglists
                0x000000a7       0x32 ./Core/Src/main.o
 .debug_rnglists
                0x000000d9       0x2d ./Core/Src/stm32f3xx_hal_msp.o
 .debug_rnglists
                0x00000106       0x43 ./Core/Src/stm32f3xx_it.o
 .debug_rnglists
                0x00000149       0x1a ./Core/Src/system_stm32f3xx.o
 .debug_rnglists
                0x00000163       0x38 ./Core/Src/common/base_classes/FOCMotor.o
 .debug_rnglists
                0x0000019b       0x3e ./Core/Src/common/base_classes/Sensor.o
 .debug_rnglists
                0x000001d9       0x4b ./Core/Src/common/foc_utils.o
 .debug_rnglists
                0x00000224       0x19 ./Core/Src/common/lowpass_filter.o
 .debug_rnglists
                0x0000023d       0x1f ./Core/Src/common/pid.o
 .debug_rnglists
                0x0000025c       0x44 ./Core/Src/drivers/BLDCDriver3PWM.o
 .debug_rnglists
                0x000002a0       0x49 ./Core/Src/drivers/hardware_specific/generic_mcu.o
 .debug_rnglists
                0x000002e9       0x56 ./Core/Src/sensors/Encoder.o
 .debug_rnglists
                0x0000033f       0x19 ./Core/Startup/startup_stm32f303k8tx.o
 .debug_rnglists
                0x00000358       0xa3 ./Drivers/STM32F3xx_HAL_Driver/Src/stm32f3xx_hal.o
 .debug_rnglists
                0x000003fb       0xbb ./Drivers/STM32F3xx_HAL_Driver/Src/stm32f3xx_hal_cortex.o
 .debug_rnglists
                0x000004b6       0x3f ./Drivers/STM32F3xx_HAL_Driver/Src/stm32f3xx_hal_gpio.o
 .debug_rnglists
                0x000004f5       0x66 ./Drivers/STM32F3xx_HAL_Driver/Src/stm32f3xx_hal_rcc.o
 .debug_rnglists
                0x0000055b      0x328 ./Drivers/STM32F3xx_HAL_Driver/Src/stm32f3xx_hal_tim.o
 .debug_rnglists
                0x00000883      0x131 ./Drivers/STM32F3xx_HAL_Driver/Src/stm32f3xx_hal_tim_ex.o
 .debug_rnglists
                0x000009b4      0x1da ./Drivers/STM32F3xx_HAL_Driver/Src/stm32f3xx_hal_uart.o

.debug_macro    0x00000000    0x1f8eb
 .debug_macro   0x00000000      0x4de ./Core/Src/BLDCMotor.o
 .debug_macro   0x000004de      0xbb0 ./Core/Src/BLDCMotor.o
 .debug_macro   0x0000108e       0x22 ./Core/Src/BLDCMotor.o
 .debug_macro   0x000010b0       0x5b ./Core/Src/BLDCMotor.o
 .debug_macro   0x0000110b       0x2a ./Core/Src/BLDCMotor.o
 .debug_macro   0x00001135       0x94 ./Core/Src/BLDCMotor.o
 .debug_macro   0x000011c9       0x43 ./Core/Src/BLDCMotor.o
 .debug_macro   0x0000120c      0x103 ./Core/Src/BLDCMotor.o
 .debug_macro   0x0000130f       0x3a ./Core/Src/BLDCMotor.o
 .debug_macro   0x00001349       0x1c ./Core/Src/BLDCMotor.o
 .debug_macro   0x00001365       0x57 ./Core/Src/BLDCMotor.o
 .debug_macro   0x000013bc       0x6a ./Core/Src/BLDCMotor.o
 .debug_macro   0x00001426      0x1df ./Core/Src/BLDCMotor.o
 .debug_macro   0x00001605       0x89 ./Core/Src/BLDCMotor.o
 .debug_macro   0x0000168e      0x460 ./Core/Src/BLDCMotor.o
 .debug_macro   0x00001aee      0x15e ./Core/Src/BLDCMotor.o
 .debug_macro   0x00001c4c       0x2e ./Core/Src/BLDCMotor.o
 .debug_macro   0x00001c7a       0x28 ./Core/Src/BLDCMotor.o
 .debug_macro   0x00001ca2       0x1c ./Core/Src/BLDCMotor.o
 .debug_macro   0x00001cbe       0x22 ./Core/Src/BLDCMotor.o
 .debug_macro   0x00001ce0       0xd9 ./Core/Src/BLDCMotor.o
 .debug_macro   0x00001db9      0xf07 ./Core/Src/BLDCMotor.o
 .debug_macro   0x00002cc0    0x10be0 ./Core/Src/BLDCMotor.o
 .debug_macro   0x000138a0       0x6d ./Core/Src/BLDCMotor.o
 .debug_macro   0x0001390d     0x3574 ./Core/Src/BLDCMotor.o
 .debug_macro   0x00016e81      0x120 ./Core/Src/BLDCMotor.o
 .debug_macro   0x00016fa1       0x55 ./Core/Src/BLDCMotor.o
 .debug_macro   0x00016ff6      0x8f8 ./Core/Src/BLDCMotor.o
 .debug_macro   0x000178ee      0x304 ./Core/Src/BLDCMotor.o
 .debug_macro   0x00017bf2      0x1b5 ./Core/Src/BLDCMotor.o
 .debug_macro   0x00017da7      0x11b ./Core/Src/BLDCMotor.o
 .debug_macro   0x00017ec2      0x1d5 ./Core/Src/BLDCMotor.o
 .debug_macro   0x00018097      0x1bc ./Core/Src/BLDCMotor.o
 .debug_macro   0x00018253       0x34 ./Core/Src/BLDCMotor.o
 .debug_macro   0x00018287       0x3c ./Core/Src/BLDCMotor.o
 .debug_macro   0x000182c3       0x57 ./Core/Src/BLDCMotor.o
 .debug_macro   0x0001831a       0xc5 ./Core/Src/BLDCMotor.o
 .debug_macro   0x000183df      0x19f ./Core/Src/BLDCMotor.o
 .debug_macro   0x0001857e      0x22c ./Core/Src/BLDCMotor.o
 .debug_macro   0x000187aa       0x5b ./Core/Src/BLDCMotor.o
 .debug_macro   0x00018805       0xa5 ./Core/Src/BLDCMotor.o
 .debug_macro   0x000188aa       0x81 ./Core/Src/BLDCMotor.o
 .debug_macro   0x0001892b       0xd3 ./Core/Src/BLDCMotor.o
 .debug_macro   0x000189fe      0xa60 ./Core/Src/BLDCMotor.o
 .debug_macro   0x0001945e       0x59 ./Core/Src/BLDCMotor.o
 .debug_macro   0x000194b7      0x5ba ./Core/Src/BLDCMotor.o
 .debug_macro   0x00019a71       0x44 ./Core/Src/BLDCMotor.o
 .debug_macro   0x00019ab5      0x285 ./Core/Src/BLDCMotor.o
 .debug_macro   0x00019d3a       0xac ./Core/Src/BLDCMotor.o
 .debug_macro   0x00019de6       0x82 ./Core/Src/BLDCMotor.o
 .debug_macro   0x00019e68       0x2e ./Core/Src/BLDCMotor.o
 .debug_macro   0x00019e96      0x1f2 ./Core/Src/BLDCMotor.o
 .debug_macro   0x0001a088       0x10 ./Core/Src/BLDCMotor.o
 .debug_macro   0x0001a098      0x409 ./Core/Src/BLDCMotor.o
 .debug_macro   0x0001a4a1       0x18 ./Core/Src/BLDCMotor.o
 .debug_macro   0x0001a4b9      0x38c ./Core/Src/BLDCMotor.o
 .debug_macro   0x0001a845       0x16 ./Core/Src/BLDCMotor.o
 .debug_macro   0x0001a85b       0x4a ./Core/Src/BLDCMotor.o
 .debug_macro   0x0001a8a5       0x34 ./Core/Src/BLDCMotor.o
 .debug_macro   0x0001a8d9       0x10 ./Core/Src/BLDCMotor.o
 .debug_macro   0x0001a8e9       0x58 ./Core/Src/BLDCMotor.o
 .debug_macro   0x0001a941       0x8e ./Core/Src/BLDCMotor.o
 .debug_macro   0x0001a9cf       0x16 ./Core/Src/BLDCMotor.o
 .debug_macro   0x0001a9e5      0x185 ./Core/Src/BLDCMotor.o
 .debug_macro   0x0001ab6a      0x194 ./Core/Src/BLDCMotor.o
 .debug_macro   0x0001acfe       0x10 ./Core/Src/BLDCMotor.o
 .debug_macro   0x0001ad0e       0x16 ./Core/Src/BLDCMotor.o
 .debug_macro   0x0001ad24       0x3c ./Core/Src/BLDCMotor.o
 .debug_macro   0x0001ad60       0x16 ./Core/Src/BLDCMotor.o
 .debug_macro   0x0001ad76       0x29 ./Core/Src/BLDCMotor.o
 .debug_macro   0x0001ad9f       0x10 ./Core/Src/BLDCMotor.o
 .debug_macro   0x0001adaf      0x3c7 ./Core/Src/BLDCMotor.o
 .debug_macro   0x0001b176       0x1c ./Core/Src/BLDCMotor.o
 .debug_macro   0x0001b192       0x4f ./Core/Src/BLDCMotor.o
 .debug_macro   0x0001b1e1       0x41 ./Core/Src/BLDCMotor.o
 .debug_macro   0x0001b222       0x1f ./Core/Src/BLDCMotor.o
 .debug_macro   0x0001b241       0x18 ./Core/Src/BLDCMotor.o
 .debug_macro   0x0001b259       0x27 ./Core/Src/BLDCMotor.o
 .debug_macro   0x0001b280       0x28 ./Core/Src/BLDCMotor.o
 .debug_macro   0x0001b2a8       0x2e ./Core/Src/BLDCMotor.o
 .debug_macro   0x0001b2d6       0x19 ./Core/Src/BLDCMotor.o
 .debug_macro   0x0001b2ef       0x88 ./Core/Src/BLDCMotor.o
 .debug_macro   0x0001b377       0x19 ./Core/Src/BLDCMotor.o
 .debug_macro   0x0001b390       0xf0 ./Core/Src/BLDCMotor.o
 .debug_macro   0x0001b480      0x31e ./Core/Src/cppMain.o
 .debug_macro   0x0001b79e       0x8e ./Core/Src/cppMain.o
 .debug_macro   0x0001b82c       0x51 ./Core/Src/cppMain.o
 .debug_macro   0x0001b87d      0x197 ./Core/Src/cppMain.o
 .debug_macro   0x0001ba14       0x46 ./Core/Src/cppMain.o
 .debug_macro   0x0001ba5a       0x61 ./Core/Src/cppMain.o
 .debug_macro   0x0001babb       0x22 ./Core/Src/cppMain.o
 .debug_macro   0x0001badd      0x1e2 ./Core/Src/main.o
 .debug_macro   0x0001bcbf      0xad8 ./Core/Src/main.o
 .debug_macro   0x0001c797      0xf07 ./Core/Src/main.o
 .debug_macro   0x0001d69e      0x190 ./Core/Src/main.o
 .debug_macro   0x0001d82e       0x40 ./Core/Src/main.o
 .debug_macro   0x0001d86e      0x1d4 ./Core/Src/stm32f3xx_hal_msp.o
 .debug_macro   0x0001da42      0x1de ./Core/Src/stm32f3xx_it.o
 .debug_macro   0x0001dc20      0x1c5 ./Core/Src/system_stm32f3xx.o
 .debug_macro   0x0001dde5      0x281 ./Core/Src/common/base_classes/FOCMotor.o
 .debug_macro   0x0001e066       0xc7 ./Core/Src/common/base_classes/Sensor.o
 .debug_macro   0x0001e12d      0x43d ./Core/Src/common/foc_utils.o
 .debug_macro   0x0001e56a       0x34 ./Core/Src/common/foc_utils.o
 .debug_macro   0x0001e59e       0x24 ./Core/Src/common/lowpass_filter.o
 .debug_macro   0x0001e5c2       0x24 ./Core/Src/common/pid.o
 .debug_macro   0x0001e5e6      0x203 ./Core/Src/drivers/BLDCDriver3PWM.o
 .debug_macro   0x0001e7e9      0x1f6 ./Core/Src/drivers/hardware_specific/generic_mcu.o
 .debug_macro   0x0001e9df      0x23c ./Core/Src/sensors/Encoder.o
 .debug_macro   0x0001ec1b      0x1e9 ./Drivers/STM32F3xx_HAL_Driver/Src/stm32f3xx_hal.o
 .debug_macro   0x0001ee04      0x1c5 ./Drivers/STM32F3xx_HAL_Driver/Src/stm32f3xx_hal_cortex.o
 .debug_macro   0x0001efc9      0x1cc ./Drivers/STM32F3xx_HAL_Driver/Src/stm32f3xx_hal_gpio.o
 .debug_macro   0x0001f195      0x1e9 ./Drivers/STM32F3xx_HAL_Driver/Src/stm32f3xx_hal_rcc.o
 .debug_macro   0x0001f37e      0x1c6 ./Drivers/STM32F3xx_HAL_Driver/Src/stm32f3xx_hal_tim.o
 .debug_macro   0x0001f544      0x1c5 ./Drivers/STM32F3xx_HAL_Driver/Src/stm32f3xx_hal_tim_ex.o
 .debug_macro   0x0001f709      0x1e2 ./Drivers/STM32F3xx_HAL_Driver/Src/stm32f3xx_hal_uart.o

.debug_line     0x00000000    0x13200
 .debug_line    0x00000000     0x191e ./Core/Src/BLDCMotor.o
 .debug_line    0x0000191e      0xabb ./Core/Src/cppMain.o
 .debug_line    0x000023d9      0x7de ./Core/Src/main.o
 .debug_line    0x00002bb7      0x741 ./Core/Src/stm32f3xx_hal_msp.o
 .debug_line    0x000032f8      0x756 ./Core/Src/stm32f3xx_it.o
 .debug_line    0x00003a4e      0x721 ./Core/Src/system_stm32f3xx.o
 .debug_line    0x0000416f      0x9db ./Core/Src/common/base_classes/FOCMotor.o
 .debug_line    0x00004b4a      0x5fe ./Core/Src/common/base_classes/Sensor.o
 .debug_line    0x00005148      0xfeb ./Core/Src/common/foc_utils.o
 .debug_line    0x00006133       0x90 ./Core/Src/common/lowpass_filter.o
 .debug_line    0x000061c3       0x9d ./Core/Src/common/pid.o
 .debug_line    0x00006260      0x8d9 ./Core/Src/drivers/BLDCDriver3PWM.o
 .debug_line    0x00006b39      0x880 ./Core/Src/drivers/hardware_specific/generic_mcu.o
 .debug_line    0x000073b9      0x974 ./Core/Src/sensors/Encoder.o
 .debug_line    0x00007d2d       0x7a ./Core/Startup/startup_stm32f303k8tx.o
 .debug_line    0x00007da7      0x95d ./Drivers/STM32F3xx_HAL_Driver/Src/stm32f3xx_hal.o
 .debug_line    0x00008704      0xb21 ./Drivers/STM32F3xx_HAL_Driver/Src/stm32f3xx_hal_cortex.o
 .debug_line    0x00009225      0xa94 ./Drivers/STM32F3xx_HAL_Driver/Src/stm32f3xx_hal_gpio.o
 .debug_line    0x00009cb9     0x14bc ./Drivers/STM32F3xx_HAL_Driver/Src/stm32f3xx_hal_rcc.o
 .debug_line    0x0000b175     0x3c28 ./Drivers/STM32F3xx_HAL_Driver/Src/stm32f3xx_hal_tim.o
 .debug_line    0x0000ed9d     0x191c ./Drivers/STM32F3xx_HAL_Driver/Src/stm32f3xx_hal_tim_ex.o
 .debug_line    0x000106b9     0x2b47 ./Drivers/STM32F3xx_HAL_Driver/Src/stm32f3xx_hal_uart.o

.debug_str      0x00000000    0xab5e3
 .debug_str     0x00000000    0xab5e3 ./Core/Src/BLDCMotor.o
                              0xa7350 (size before relaxing)
 .debug_str     0x000ab5e3    0x9fb74 ./Core/Src/cppMain.o
 .debug_str     0x000ab5e3    0x9e282 ./Core/Src/main.o
 .debug_str     0x000ab5e3    0x9e040 ./Core/Src/stm32f3xx_hal_msp.o
 .debug_str     0x000ab5e3    0x9d827 ./Core/Src/stm32f3xx_it.o
 .debug_str     0x000ab5e3    0x9d7dc ./Core/Src/system_stm32f3xx.o
 .debug_str     0x000ab5e3    0x9fd84 ./Core/Src/common/base_classes/FOCMotor.o
 .debug_str     0x000ab5e3     0x5c0c ./Core/Src/common/base_classes/Sensor.o
 .debug_str     0x000ab5e3    0xa5580 ./Core/Src/common/foc_utils.o
 .debug_str     0x000ab5e3     0x3678 ./Core/Src/common/lowpass_filter.o
 .debug_str     0x000ab5e3     0x36b8 ./Core/Src/common/pid.o
 .debug_str     0x000ab5e3    0x9e560 ./Core/Src/drivers/BLDCDriver3PWM.o
 .debug_str     0x000ab5e3    0x9e1b0 ./Core/Src/drivers/hardware_specific/generic_mcu.o
 .debug_str     0x000ab5e3    0x9fd08 ./Core/Src/sensors/Encoder.o
 .debug_str     0x000ab5e3       0x85 ./Core/Startup/startup_stm32f303k8tx.o
 .debug_str     0x000ab5e3    0x9decc ./Drivers/STM32F3xx_HAL_Driver/Src/stm32f3xx_hal.o
 .debug_str     0x000ab5e3    0x9ddf1 ./Drivers/STM32F3xx_HAL_Driver/Src/stm32f3xx_hal_cortex.o
 .debug_str     0x000ab5e3    0x9d9bb ./Drivers/STM32F3xx_HAL_Driver/Src/stm32f3xx_hal_gpio.o
 .debug_str     0x000ab5e3    0x9dc7c ./Drivers/STM32F3xx_HAL_Driver/Src/stm32f3xx_hal_rcc.o
 .debug_str     0x000ab5e3    0x9ec13 ./Drivers/STM32F3xx_HAL_Driver/Src/stm32f3xx_hal_tim.o
 .debug_str     0x000ab5e3    0x9e459 ./Drivers/STM32F3xx_HAL_Driver/Src/stm32f3xx_hal_tim_ex.o
 .debug_str     0x000ab5e3    0x9e4ff ./Drivers/STM32F3xx_HAL_Driver/Src/stm32f3xx_hal_uart.o

.comment        0x00000000       0x43
 .comment       0x00000000       0x43 ./Core/Src/BLDCMotor.o
                                 0x44 (size before relaxing)
 .comment       0x00000043       0x44 ./Core/Src/cppMain.o
 .comment       0x00000043       0x44 ./Core/Src/main.o
 .comment       0x00000043       0x44 ./Core/Src/stm32f3xx_hal_msp.o
 .comment       0x00000043       0x44 ./Core/Src/stm32f3xx_it.o
 .comment       0x00000043       0x44 ./Core/Src/system_stm32f3xx.o
 .comment       0x00000043       0x44 ./Core/Src/common/base_classes/FOCMotor.o
 .comment       0x00000043       0x44 ./Core/Src/common/base_classes/Sensor.o
 .comment       0x00000043       0x44 ./Core/Src/common/foc_utils.o
 .comment       0x00000043       0x44 ./Core/Src/common/lowpass_filter.o
 .comment       0x00000043       0x44 ./Core/Src/common/pid.o
 .comment       0x00000043       0x44 ./Core/Src/drivers/BLDCDriver3PWM.o
 .comment       0x00000043       0x44 ./Core/Src/drivers/hardware_specific/generic_mcu.o
 .comment       0x00000043       0x44 ./Core/Src/sensors/Encoder.o
 .comment       0x00000043       0x44 ./Drivers/STM32F3xx_HAL_Driver/Src/stm32f3xx_hal.o
 .comment       0x00000043       0x44 ./Drivers/STM32F3xx_HAL_Driver/Src/stm32f3xx_hal_cortex.o
 .comment       0x00000043       0x44 ./Drivers/STM32F3xx_HAL_Driver/Src/stm32f3xx_hal_gpio.o
 .comment       0x00000043       0x44 ./Drivers/STM32F3xx_HAL_Driver/Src/stm32f3xx_hal_rcc.o
 .comment       0x00000043       0x44 ./Drivers/STM32F3xx_HAL_Driver/Src/stm32f3xx_hal_tim.o
 .comment       0x00000043       0x44 ./Drivers/STM32F3xx_HAL_Driver/Src/stm32f3xx_hal_tim_ex.o
 .comment       0x00000043       0x44 ./Drivers/STM32F3xx_HAL_Driver/Src/stm32f3xx_hal_uart.o

.debug_frame    0x00000000     0x403c
 .debug_frame   0x00000000      0x290 ./Core/Src/BLDCMotor.o
 .debug_frame   0x00000290       0xb0 ./Core/Src/cppMain.o
 .debug_frame   0x00000340       0xd0 ./Core/Src/main.o
 .debug_frame   0x00000410       0xc8 ./Core/Src/stm32f3xx_hal_msp.o
 .debug_frame   0x000004d8      0x104 ./Core/Src/stm32f3xx_it.o
 .debug_frame   0x000005dc       0x58 ./Core/Src/system_stm32f3xx.o
 .debug_frame   0x00000634      0x150 ./Core/Src/common/base_classes/FOCMotor.o
 .debug_frame   0x00000784      0x148 ./Core/Src/common/base_classes/Sensor.o
 .debug_frame   0x000008cc      0x19c ./Core/Src/common/foc_utils.o
 .debug_frame   0x00000a68       0x54 ./Core/Src/common/lowpass_filter.o
 .debug_frame   0x00000abc       0x7c ./Core/Src/common/pid.o
 .debug_frame   0x00000b38      0x158 ./Core/Src/drivers/BLDCDriver3PWM.o
 .debug_frame   0x00000c90      0x1a0 ./Core/Src/drivers/hardware_specific/generic_mcu.o
 .debug_frame   0x00000e30      0x1d8 ./Core/Src/sensors/Encoder.o
 .debug_frame   0x00001008      0x334 ./Drivers/STM32F3xx_HAL_Driver/Src/stm32f3xx_hal.o
 .debug_frame   0x0000133c      0x428 ./Drivers/STM32F3xx_HAL_Driver/Src/stm32f3xx_hal_cortex.o
 .debug_frame   0x00001764      0x14c ./Drivers/STM32F3xx_HAL_Driver/Src/stm32f3xx_hal_gpio.o
 .debug_frame   0x000018b0      0x214 ./Drivers/STM32F3xx_HAL_Driver/Src/stm32f3xx_hal_rcc.o
 .debug_frame   0x00001ac4     0x1218 ./Drivers/STM32F3xx_HAL_Driver/Src/stm32f3xx_hal_tim.o
 .debug_frame   0x00002cdc      0x688 ./Drivers/STM32F3xx_HAL_Driver/Src/stm32f3xx_hal_tim_ex.o
 .debug_frame   0x00003364      0x9e8 ./Drivers/STM32F3xx_HAL_Driver/Src/stm32f3xx_hal_uart.o
 .debug_frame   0x00003d4c       0x38 /opt/st/stm32cubeide_1.18.1/plugins/com.st.stm32cube.ide.mcu.externaltools.gnu-tools-for-stm32.13.3.rel1.linux64_1.0.0.202410170706/tools/bin/../lib/gcc/arm-none-eabi/13.3.1/../../../../arm-none-eabi/lib/thumb/v7e-m+fp/hard/libm.a(libm_a-wf_fmod.o)
 .debug_frame   0x00003d84       0x2c /opt/st/stm32cubeide_1.18.1/plugins/com.st.stm32cube.ide.mcu.externaltools.gnu-tools-for-stm32.13.3.rel1.linux64_1.0.0.202410170706/tools/bin/../lib/gcc/arm-none-eabi/13.3.1/../../../../arm-none-eabi/lib/thumb/v7e-m+fp/hard/libm.a(libm_a-ef_fmod.o)
 .debug_frame   0x00003db0      0x144 /opt/st/stm32cubeide_1.18.1/plugins/com.st.stm32cube.ide.mcu.externaltools.gnu-tools-for-stm32.13.3.rel1.linux64_1.0.0.202410170706/tools/bin/../lib/gcc/arm-none-eabi/13.3.1/../../../../arm-none-eabi/lib/thumb/v7e-m+fp/hard/libc_nano.a(libc_a-findfp.o)
 .debug_frame   0x00003ef4       0x20 /opt/st/stm32cubeide_1.18.1/plugins/com.st.stm32cube.ide.mcu.externaltools.gnu-tools-for-stm32.13.3.rel1.linux64_1.0.0.202410170706/tools/bin/../lib/gcc/arm-none-eabi/13.3.1/../../../../arm-none-eabi/lib/thumb/v7e-m+fp/hard/libc_nano.a(libc_a-memset.o)
 .debug_frame   0x00003f14       0x20 /opt/st/stm32cubeide_1.18.1/plugins/com.st.stm32cube.ide.mcu.externaltools.gnu-tools-for-stm32.13.3.rel1.linux64_1.0.0.202410170706/tools/bin/../lib/gcc/arm-none-eabi/13.3.1/../../../../arm-none-eabi/lib/thumb/v7e-m+fp/hard/libc_nano.a(libc_a-errno.o)
 .debug_frame   0x00003f34       0x2c /opt/st/stm32cubeide_1.18.1/plugins/com.st.stm32cube.ide.mcu.externaltools.gnu-tools-for-stm32.13.3.rel1.linux64_1.0.0.202410170706/tools/bin/../lib/gcc/arm-none-eabi/13.3.1/../../../../arm-none-eabi/lib/thumb/v7e-m+fp/hard/libc_nano.a(libc_a-init.o)
 .debug_frame   0x00003f60       0x30 /opt/st/stm32cubeide_1.18.1/plugins/com.st.stm32cube.ide.mcu.externaltools.gnu-tools-for-stm32.13.3.rel1.linux64_1.0.0.202410170706/tools/bin/../lib/gcc/arm-none-eabi/13.3.1/thumb/v7e-m+fp/hard/libgcc.a(_arm_muldf3.o)
 .debug_frame   0x00003f90       0xac /opt/st/stm32cubeide_1.18.1/plugins/com.st.stm32cube.ide.mcu.externaltools.gnu-tools-for-stm32.13.3.rel1.linux64_1.0.0.202410170706/tools/bin/../lib/gcc/arm-none-eabi/13.3.1/thumb/v7e-m+fp/hard/libgcc.a(_arm_addsubdf3.o)

.debug_line_str
                0x00000000       0x69
 .debug_line_str
                0x00000000       0x69 ./Core/Startup/startup_stm32f303k8tx.o
