../Core/Src/communication/StepDirListener.cpp:3:1:StepDirListener::StepDirListener(int, int, float)	8	static
../Core/Src/communication/StepDirListener.cpp:9:6:void StepDirListener::init()	0	static
../Core/Src/communication/StepDirListener.cpp:17:6:void StepDirListener::enableInterrupt(void (*)())	0	static
../Core/Src/communication/StepDirListener.cpp:21:6:void StepDirListener::attach(float*)	0	static
../Core/Src/communication/StepDirListener.cpp:25:6:void StepDirListener::handle()	0	static
../Core/Src/communication/StepDirListener.cpp:42:7:float StepDirListener::getValue()	0	static
