Archive member included to satisfy reference by file (symbol)

/opt/st/stm32cubeide_1.18.1/plugins/com.st.stm32cube.ide.mcu.externaltools.gnu-tools-for-stm32.13.3.rel1.linux64_1.0.0.202410170706/tools/bin/../lib/gcc/arm-none-eabi/13.3.1/../../../../arm-none-eabi/lib/thumb/v7e-m+fp/hard/libstdc++_nano.a(new_op.o)
                              ./Core/Src/cppMain.o (operator new(unsigned int))
/opt/st/stm32cubeide_1.18.1/plugins/com.st.stm32cube.ide.mcu.externaltools.gnu-tools-for-stm32.13.3.rel1.linux64_1.0.0.202410170706/tools/bin/../lib/gcc/arm-none-eabi/13.3.1/../../../../arm-none-eabi/lib/thumb/v7e-m+fp/hard/libstdc++_nano.a(new_handler.o)
                              /opt/st/stm32cubeide_1.18.1/plugins/com.st.stm32cube.ide.mcu.externaltools.gnu-tools-for-stm32.13.3.rel1.linux64_1.0.0.202410170706/tools/bin/../lib/gcc/arm-none-eabi/13.3.1/../../../../arm-none-eabi/lib/thumb/v7e-m+fp/hard/libstdc++_nano.a(new_op.o) (std::get_new_handler())
/opt/st/stm32cubeide_1.18.1/plugins/com.st.stm32cube.ide.mcu.externaltools.gnu-tools-for-stm32.13.3.rel1.linux64_1.0.0.202410170706/tools/bin/../lib/gcc/arm-none-eabi/13.3.1/../../../../arm-none-eabi/lib/thumb/v7e-m+fp/hard/libm.a(libm_a-wf_fmod.o)
                              ./Core/Src/common/foc_utils.o (fmodf)
/opt/st/stm32cubeide_1.18.1/plugins/com.st.stm32cube.ide.mcu.externaltools.gnu-tools-for-stm32.13.3.rel1.linux64_1.0.0.202410170706/tools/bin/../lib/gcc/arm-none-eabi/13.3.1/../../../../arm-none-eabi/lib/thumb/v7e-m+fp/hard/libm.a(libm_a-ef_fmod.o)
                              /opt/st/stm32cubeide_1.18.1/plugins/com.st.stm32cube.ide.mcu.externaltools.gnu-tools-for-stm32.13.3.rel1.linux64_1.0.0.202410170706/tools/bin/../lib/gcc/arm-none-eabi/13.3.1/../../../../arm-none-eabi/lib/thumb/v7e-m+fp/hard/libm.a(libm_a-wf_fmod.o) (__ieee754_fmodf)
/opt/st/stm32cubeide_1.18.1/plugins/com.st.stm32cube.ide.mcu.externaltools.gnu-tools-for-stm32.13.3.rel1.linux64_1.0.0.202410170706/tools/bin/../lib/gcc/arm-none-eabi/13.3.1/../../../../arm-none-eabi/lib/thumb/v7e-m+fp/hard/libc_nano.a(libc_a-abort.o)
                              /opt/st/stm32cubeide_1.18.1/plugins/com.st.stm32cube.ide.mcu.externaltools.gnu-tools-for-stm32.13.3.rel1.linux64_1.0.0.202410170706/tools/bin/../lib/gcc/arm-none-eabi/13.3.1/../../../../arm-none-eabi/lib/thumb/v7e-m+fp/hard/libstdc++_nano.a(new_op.o) (abort)
/opt/st/stm32cubeide_1.18.1/plugins/com.st.stm32cube.ide.mcu.externaltools.gnu-tools-for-stm32.13.3.rel1.linux64_1.0.0.202410170706/tools/bin/../lib/gcc/arm-none-eabi/13.3.1/../../../../arm-none-eabi/lib/thumb/v7e-m+fp/hard/libc_nano.a(libc_a-exit.o)
                              /opt/st/stm32cubeide_1.18.1/plugins/com.st.stm32cube.ide.mcu.externaltools.gnu-tools-for-stm32.13.3.rel1.linux64_1.0.0.202410170706/tools/bin/../lib/gcc/arm-none-eabi/13.3.1/../../../../arm-none-eabi/lib/thumb/v7e-m+fp/hard/crt0.o (exit)
/opt/st/stm32cubeide_1.18.1/plugins/com.st.stm32cube.ide.mcu.externaltools.gnu-tools-for-stm32.13.3.rel1.linux64_1.0.0.202410170706/tools/bin/../lib/gcc/arm-none-eabi/13.3.1/../../../../arm-none-eabi/lib/thumb/v7e-m+fp/hard/libc_nano.a(libc_a-malloc.o)
                              /opt/st/stm32cubeide_1.18.1/plugins/com.st.stm32cube.ide.mcu.externaltools.gnu-tools-for-stm32.13.3.rel1.linux64_1.0.0.202410170706/tools/bin/../lib/gcc/arm-none-eabi/13.3.1/../../../../arm-none-eabi/lib/thumb/v7e-m+fp/hard/libstdc++_nano.a(new_op.o) (malloc)
/opt/st/stm32cubeide_1.18.1/plugins/com.st.stm32cube.ide.mcu.externaltools.gnu-tools-for-stm32.13.3.rel1.linux64_1.0.0.202410170706/tools/bin/../lib/gcc/arm-none-eabi/13.3.1/../../../../arm-none-eabi/lib/thumb/v7e-m+fp/hard/libc_nano.a(libc_a-mallocr.o)
                              /opt/st/stm32cubeide_1.18.1/plugins/com.st.stm32cube.ide.mcu.externaltools.gnu-tools-for-stm32.13.3.rel1.linux64_1.0.0.202410170706/tools/bin/../lib/gcc/arm-none-eabi/13.3.1/../../../../arm-none-eabi/lib/thumb/v7e-m+fp/hard/libc_nano.a(libc_a-malloc.o) (_malloc_r)
/opt/st/stm32cubeide_1.18.1/plugins/com.st.stm32cube.ide.mcu.externaltools.gnu-tools-for-stm32.13.3.rel1.linux64_1.0.0.202410170706/tools/bin/../lib/gcc/arm-none-eabi/13.3.1/../../../../arm-none-eabi/lib/thumb/v7e-m+fp/hard/libc_nano.a(libc_a-mlock.o)
                              /opt/st/stm32cubeide_1.18.1/plugins/com.st.stm32cube.ide.mcu.externaltools.gnu-tools-for-stm32.13.3.rel1.linux64_1.0.0.202410170706/tools/bin/../lib/gcc/arm-none-eabi/13.3.1/../../../../arm-none-eabi/lib/thumb/v7e-m+fp/hard/libc_nano.a(libc_a-mallocr.o) (__malloc_lock)
/opt/st/stm32cubeide_1.18.1/plugins/com.st.stm32cube.ide.mcu.externaltools.gnu-tools-for-stm32.13.3.rel1.linux64_1.0.0.202410170706/tools/bin/../lib/gcc/arm-none-eabi/13.3.1/../../../../arm-none-eabi/lib/thumb/v7e-m+fp/hard/libc_nano.a(libc_a-findfp.o)
[...]
Memory Configuration

Name             Origin             Length             Attributes
CCMRAM           0x10000000         0x00001000         xrw
RAM              0x20000000         0x00003000         xrw
FLASH            0x08000000         0x00010000         xr
*default*        0x00000000         0xffffffff

Linker script and memory map

LOAD /opt/st/stm32cubeide_1.18.1/plugins/com.st.stm32cube.ide.mcu.externaltools.gnu-tools-for-stm32.13.3.rel1.linux64_1.0.0.202410170706/tools/bin/../lib/gcc/arm-none-eabi/13.3.1/thumb/v7e-m+fp/hard/crti.o
LOAD /opt/st/stm32cubeide_1.18.1/plugins/com.st.stm32cube.ide.mcu.externaltools.gnu-tools-for-stm32.13.3.rel1.linux64_1.0.0.202410170706/tools/bin/../lib/gcc/arm-none-eabi/13.3.1/thumb/v7e-m+fp/hard/crtbegin.o
LOAD /opt/st/stm32cubeide_1.18.1/plugins/com.st.stm32cube.ide.mcu.externaltools.gnu-tools-for-stm32.13.3.rel1.linux64_1.0.0.202410170706/tools/bin/../lib/gcc/arm-none-eabi/13.3.1/../../../../arm-none-eabi/lib/thumb/v7e-m+fp/hard/crt0.o
LOAD ./Core/Src/BLDCMotor.o
LOAD ./Core/Src/cppMain.o
LOAD ./Core/Src/main.o
LOAD ./Core/Src/stm32f3xx_hal_msp.o
LOAD ./Core/Src/stm32f3xx_it.o
LOAD ./Core/Src/syscalls.o
LOAD ./Core/Src/sysmem.o
LOAD ./Core/Src/system_stm32f3xx.o
LOAD ./Core/Src/common/base_classes/FOCMotor.o
LOAD ./Core/Src/common/base_classes/Sensor.o
LOAD ./Core/Src/common/foc_utils.o
LOAD ./Core/Src/common/lowpass_filter.o
LOAD ./Core/Src/common/pid.o
LOAD ./Core/Src/communication/StepDirListener.o
LOAD ./Core/Src/drivers/BLDCDriver3PWM.o
LOAD ./Core/Src/drivers/BLDCDriver6PWM.o
LOAD ./Core/Src/drivers/hardware_specific/due_mcu.o
LOAD ./Core/Src/drivers/hardware_specific/generic_mcu.o
LOAD ./Core/Src/drivers/hardware_specific/stm32/stm32_mcu.o
LOAD ./Core/Src/sensors/Encoder.o
LOAD ./Core/Src/sensors/GenericSensor.o
LOAD ./Core/Startup/startup_stm32f303k8tx.o
LOAD ./Drivers/STM32F3xx_HAL_Driver/Src/stm32f3xx_hal.o
LOAD ./Drivers/STM32F3xx_HAL_Driver/Src/stm32f3xx_hal_cortex.o
LOAD ./Drivers/STM32F3xx_HAL_Driver/Src/stm32f3xx_hal_dma.o
LOAD ./Drivers/STM32F3xx_HAL_Driver/Src/stm32f3xx_hal_exti.o
LOAD ./Drivers/STM32F3xx_HAL_Driver/Src/stm32f3xx_hal_flash.o
LOAD ./Drivers/STM32F3xx_HAL_Driver/Src/stm32f3xx_hal_flash_ex.o
LOAD ./Drivers/STM32F3xx_HAL_Driver/Src/stm32f3xx_hal_gpio.o
LOAD ./Drivers/STM32F3xx_HAL_Driver/Src/stm32f3xx_hal_i2c.o
LOAD ./Drivers/STM32F3xx_HAL_Driver/Src/stm32f3xx_hal_i2c_ex.o
LOAD ./Drivers/STM32F3xx_HAL_Driver/Src/stm32f3xx_hal_pwr.o
LOAD ./Drivers/STM32F3xx_HAL_Driver/Src/stm32f3xx_hal_pwr_ex.o
LOAD ./Drivers/STM32F3xx_HAL_Driver/Src/stm32f3xx_hal_rcc.o
LOAD ./Drivers/STM32F3xx_HAL_Driver/Src/stm32f3xx_hal_rcc_ex.o
LOAD ./Drivers/STM32F3xx_HAL_Driver/Src/stm32f3xx_hal_tim.o
LOAD ./Drivers/STM32F3xx_HAL_Driver/Src/stm32f3xx_hal_tim_ex.o
LOAD ./Drivers/STM32F3xx_HAL_Driver/Src/stm32f3xx_hal_uart.o
LOAD ./Drivers/STM32F3xx_HAL_Driver/Src/stm32f3xx_hal_uart_ex.o
START GROUP
LOAD /opt/st/stm32cubeide_1.18.1/plugins/com.st.stm32cube.ide.mcu.externaltools.gnu-tools-for-stm32.13.3.rel1.linux64_1.0.0.202410170706/tools/bin/../lib/gcc/arm-none-eabi/13.3.1/../../../../arm-none-eabi/lib/thumb/v7e-m+fp/hard/libstdc++_nano.a
LOAD /opt/st/stm32cubeide_1.18.1/plugins/com.st.stm32cube.ide.mcu.externaltools.gnu-tools-for-stm32.13.3.rel1.linux64_1.0.0.202410170706/tools/bin/../lib/gcc/arm-none-eabi/13.3.1/../../../../arm-none-eabi/lib/thumb/v7e-m+fp/hard/libsupc++_nano.a
END GROUP
LOAD /opt/st/stm32cubeide_1.18.1/plugins/com.st.stm32cube.ide.mcu.externaltools.gnu-tools-for-stm32.13.3.rel1.linux64_1.0.0.202410170706/tools/bin/../lib/gcc/arm-none-eabi/13.3.1/../../../../arm-none-eabi/lib/thumb/v7e-m+fp/hard/libstdc++_nano.a
LOAD /opt/st/stm32cubeide_1.18.1/plugins/com.st.stm32cube.ide.mcu.externaltools.gnu-tools-for-stm32.13.3.rel1.linux64_1.0.0.202410170706/tools/bin/../lib/gcc/arm-none-eabi/13.3.1/../../../../arm-none-eabi/lib/thumb/v7e-m+fp/hard/libm.a
LOAD /opt/st/stm32cubeide_1.18.1/plugins/com.st.stm32cube.ide.mcu.externaltools.gnu-tools-for-stm32.13.3.rel1.linux64_1.0.0.202410170706/tools/bin/../lib/gcc/arm-none-eabi/13.3.1/../../../../arm-none-eabi/lib/thumb/v7e-m+fp/hard/libc_nano.a
START GROUP
LOAD /opt/st/stm32cubeide_1.18.1/plugins/com.st.stm32cube.ide.mcu.externaltools.gnu-tools-for-stm32.13.3.rel1.linux64_1.0.0.202410170706/tools/bin/../lib/gcc/arm-none-eabi/13.3.1/thumb/v7e-m+fp/hard/libgcc.a
LOAD /opt/st/stm32cubeide_1.18.1/plugins/com.st.stm32cube.ide.mcu.externaltools.gnu-tools-for-stm32.13.3.rel1.linux64_1.0.0.202410170706/tools/bin/../lib/gcc/arm-none-eabi/13.3.1/../../../../arm-none-eabi/lib/thumb/v7e-m+fp/hard/libc_nano.a
END GROUP
START GROUP
LOAD /opt/st/stm32cubeide_1.18.1/plugins/com.st.stm32cube.ide.mcu.externaltools.gnu-tools-for-stm32.13.3.rel1.linux64_1.0.0.202410170706/tools/bin/../lib/gcc/arm-none-eabi/13.3.1/thumb/v7e-m+fp/hard/libgcc.a
LOAD /opt/st/stm32cubeide_1.18.1/plugins/com.st.stm32cube.ide.mcu.externaltools.gnu-tools-for-stm32.13.3.rel1.linux64_1.0.0.202410170706/tools/bin/../lib/gcc/arm-none-eabi/13.3.1/../../../../arm-none-eabi/lib/thumb/v7e-m+fp/hard/libc_nano.a
LOAD /opt/st/stm32cubeide_1.18.1/plugins/com.st.stm32cube.ide.mcu.externaltools.gnu-tools-for-stm32.13.3.rel1.linux64_1.0.0.202410170706/tools/bin/../lib/gcc/arm-none-eabi/13.3.1/../../../../arm-none-eabi/lib/thumb/v7e-m+fp/hard/libnosys.a
END GROUP
START GROUP
LOAD /opt/st/stm32cubeide_1.18.1/plugins/com.st.stm32cube.ide.mcu.externaltools.gnu-tools-for-stm32.13.3.rel1.linux64_1.0.0.202410170706/tools/bin/../lib/gcc/arm-none-eabi/13.3.1/thumb/v7e-m+fp/hard/libgcc.a
LOAD /opt/st/stm32cubeide_1.18.1/plugins/com.st.stm32cube.ide.mcu.externaltools.gnu-tools-for-stm32.13.3.rel1.linux64_1.0.0.202410170706/tools/bin/../lib/gcc/arm-none-eabi/13.3.1/../../../../arm-none-eabi/lib/thumb/v7e-m+fp/hard/libc_nano.a
LOAD /opt/st/stm32cubeide_1.18.1/plugins/com.st.stm32cube.ide.mcu.externaltools.gnu-tools-for-stm32.13.3.rel1.linux64_1.0.0.202410170706/tools/bin/../lib/gcc/arm-none-eabi/13.3.1/../../../../arm-none-eabi/lib/thumb/v7e-m+fp/hard/libnosys.a
END GROUP
LOAD /opt/st/stm32cubeide_1.18.1/plugins/com.st.stm32cube.ide.mcu.externaltools.gnu-tools-for-stm32.13.3.rel1.linux64_1.0.0.202410170706/tools/bin/../lib/gcc/arm-none-eabi/13.3.1/thumb/v7e-m+fp/hard/crtend.o
LOAD /opt/st/stm32cubeide_1.18.1/plugins/com.st.stm32cube.ide.mcu.externaltools.gnu-tools-for-stm32.13.3.rel1.linux64_1.0.0.202410170706/tools/bin/../lib/gcc/arm-none-eabi/13.3.1/thumb/v7e-m+fp/hard/crtn.o
                0x20003000                        _estack = (ORIGIN (RAM) + LENGTH (RAM))
                0x00000200                        _Min_Heap_Size = 0x200
                0x00000400                        _Min_Stack_Size = 0x400

.isr_vector     0x08000000      0x188
                0x08000000                        . = ALIGN (0x4)
 *(.isr_vector)
 .isr_vector    0x08000000      0x188 ./Core/Startup/startup_stm32f303k8tx.o
                0x08000000                g_pfnVectors
                0x08000188                        . = ALIGN (0x4)

.text           0x08000188     0x3ee8
                0x08000188                        . = ALIGN (0x4)
 *(.text)
 .text          0x08000188       0x40 /opt/st/stm32cubeide_1.18.1/plugins/com.st.stm32cube.ide.mcu.externaltools.gnu-tools-for-stm32.13.3.rel1.linux64_1.0.0.202410170706/tools/bin/../lib/gcc/arm-none-eabi/13.3.1/thumb/v7e-m+fp/hard/crtbegin.o
 .text          0x080001c8      0x254 /opt/st/stm32cubeide_1.18.1/plugins/com.st.stm32cube.ide.mcu.externaltools.gnu-tools-for-stm32.13.3.rel1.linux64_1.0.0.202410170706/tools/bin/../lib/gcc/arm-none-eabi/13.3.1/thumb/v7e-m+fp/hard/libgcc.a(_arm_muldf3.o)
                0x080001c8                __aeabi_dmul
                0x080001c8                __muldf3
 .text          0x0800041c      0x378 /opt/st/stm32cubeide_1.18.1/plugins/com.st.stm32cube.ide.mcu.externaltools.gnu-tools-for-stm32.13.3.rel1.linux64_1.0.0.202410170706/tools/bin/../lib/gcc/arm-none-eabi/13.3.1/thumb/v7e-m+fp/hard/libgcc.a(_arm_addsubdf3.o)
                0x0800041c                __aeabi_drsub
                0x08000424                __aeabi_dsub
                0x08000424                __subdf3
                0x08000428                __adddf3
                0x08000428                __aeabi_dadd
                0x080006a0                __aeabi_ui2d
                0x080006a0                __floatunsidf
                0x080006c0                __floatsidf
                0x080006c0                __aeabi_i2d
                0x080006e4                __extendsfdf2
                0x080006e4                __aeabi_f2d
                0x08000728                __aeabi_ul2d
                0x08000728                __floatundidf
                0x08000738                __floatdidf
                0x08000738                __aeabi_l2d
 *(.text*)
 .text._ZN9BLDCMotor10linkDriverEP10BLDCDriver
                0x08000794        0x6 ./Core/Src/BLDCMotor.o
                0x08000794                BLDCMotor::linkDriver(BLDCDriver*)
 *fill*         0x0800079a        0x2 
 .text._ZN9BLDCMotor7disableEv
                0x0800079c       0x3c ./Core/Src/BLDCMotor.o
                0x0800079c                BLDCMotor::disable()
 .text._ZN9BLDCMotor6enableEv
                0x080007d8       0x5c ./Core/Src/BLDCMotor.o
                0x080007d8                BLDCMotor::enable()
 .text._ZN9BLDCMotor15setPhaseVoltageEfff
                0x08000834      0x318 ./Core/Src/BLDCMotor.o
                0x08000834                BLDCMotor::setPhaseVoltage(float, float, float)
 .text._ZN9BLDCMotor4initEv
                0x08000b4c       0xc0 ./Core/Src/BLDCMotor.o
                0x08000b4c                BLDCMotor::init()
 .text._ZN9BLDCMotor7loopFOCEv
                0x08000c0c       0x44 ./Core/Src/BLDCMotor.o
                0x08000c0c                BLDCMotor::loopFOC()
 .text._ZN9BLDCMotorC2Eifff
                0x08000c50       0x44 ./Core/Src/BLDCMotor.o
                0x08000c50                BLDCMotor::BLDCMotor(int, float, float, float)
                0x08000c50                BLDCMotor::BLDCMotor(int, float, float, float)
 .text._ZN9BLDCMotor17alignCurrentSenseEv
                0x08000c94       0x26 ./Core/Src/BLDCMotor.o
                0x08000c94                BLDCMotor::alignCurrentSense()
 *fill*         0x08000cba        0x2 
 .text._ZN9BLDCMotor18absoluteZeroSearchEv
                0x08000cbc       0x7c ./Core/Src/BLDCMotor.o
                0x08000cbc                BLDCMotor::absoluteZeroSearch()
 .text._ZN9BLDCMotor11alignSensorEv
                0x08000d38      0x214 ./Core/Src/BLDCMotor.o
                0x08000d38                BLDCMotor::alignSensor()
 .text._ZN9BLDCMotor7initFOCEv
                0x08000f4c       0x6a ./Core/Src/BLDCMotor.o
                0x08000f4c                BLDCMotor::initFOC()
 *fill*         0x08000fb6        0x2 
 .text._ZN9BLDCMotor16velocityOpenloopEf
                0x08000fb8       0xb0 ./Core/Src/BLDCMotor.o
                0x08000fb8                BLDCMotor::velocityOpenloop(float)
 .text._ZN9BLDCMotor13angleOpenloopEf
                0x08001068       0xf8 ./Core/Src/BLDCMotor.o
                0x08001068                BLDCMotor::angleOpenloop(float)
 .text._ZN9BLDCMotor4moveEf
                0x08001160      0x294 ./Core/Src/BLDCMotor.o
                0x08001160                BLDCMotor::move(float)
 .text._Z14_configure3PWMliii
                0x080013f4       0x2a ./Core/Src/cppMain.o
                0x080013f4                _configure3PWM(long, int, int, int)
 *fill*         0x0800141e        0x2 
 .text.startup._GLOBAL__sub_I__Z14_configure3PWMliii
                0x08001420       0x70 ./Core/Src/cppMain.o
 .text.cppInit  0x08001490       0xa0 ./Core/Src/cppMain.o
                0x08001490                cppInit
 .text.cppLoop  0x08001530       0x60 ./Core/Src/cppMain.o
                0x08001530                cppLoop
 .text.cppTimerInterrupt1ms
                0x08001590       0x34 ./Core/Src/cppMain.o
                0x08001590                cppTimerInterrupt1ms
 .text.HAL_TIM_PeriodElapsedCallback
                0x080015c4       0x20 ./Core/Src/main.o
                0x080015c4                HAL_TIM_PeriodElapsedCallback
 .text.SystemClock_Config
                0x080015e4       0x74 ./Core/Src/main.o
                0x080015e4                SystemClock_Config
 .text.startup.main
                0x08001658      0x204 ./Core/Src/main.o
                0x08001658                main
 .text.HAL_MspInit
                0x0800185c       0x30 ./Core/Src/stm32f3xx_hal_msp.o
                0x0800185c                HAL_MspInit
 .text.HAL_TIM_PWM_MspInit
                0x0800188c       0x28 ./Core/Src/stm32f3xx_hal_msp.o
                0x0800188c                HAL_TIM_PWM_MspInit
 .text.HAL_TIM_Encoder_MspInit
                0x080018b4       0x5a ./Core/Src/stm32f3xx_hal_msp.o
                0x080018b4                HAL_TIM_Encoder_MspInit
 *fill*         0x0800190e        0x2 
 .text.HAL_TIM_Base_MspInit
                0x08001910       0x40 ./Core/Src/stm32f3xx_hal_msp.o
                0x08001910                HAL_TIM_Base_MspInit
 .text.HAL_TIM_MspPostInit
                0x08001950       0x50 ./Core/Src/stm32f3xx_hal_msp.o
                0x08001950                HAL_TIM_MspPostInit
 .text.HAL_UART_MspInit
                0x080019a0       0x64 ./Core/Src/stm32f3xx_hal_msp.o
                0x080019a0                HAL_UART_MspInit
 .text.NMI_Handler
                0x08001a04        0x2 ./Core/Src/stm32f3xx_it.o
                0x08001a04                NMI_Handler
 .text.HardFault_Handler
                0x08001a06        0x2 ./Core/Src/stm32f3xx_it.o
                0x08001a06                HardFault_Handler
 .text.MemManage_Handler
                0x08001a08        0x2 ./Core/Src/stm32f3xx_it.o
                0x08001a08                MemManage_Handler
 .text.BusFault_Handler
                0x08001a0a        0x2 ./Core/Src/stm32f3xx_it.o
                0x08001a0a                BusFault_Handler
 .text.UsageFault_Handler
                0x08001a0c        0x2 ./Core/Src/stm32f3xx_it.o
                0x08001a0c                UsageFault_Handler
 .text.SVC_Handler
                0x08001a0e        0x2 ./Core/Src/stm32f3xx_it.o
                0x08001a0e                SVC_Handler
 .text.DebugMon_Handler
                0x08001a10        0x2 ./Core/Src/stm32f3xx_it.o
                0x08001a10                DebugMon_Handler
 .text.PendSV_Handler
                0x08001a12        0x2 ./Core/Src/stm32f3xx_it.o
                0x08001a12                PendSV_Handler
 .text.SysTick_Handler
                0x08001a14        0x4 ./Core/Src/stm32f3xx_it.o
                0x08001a14                SysTick_Handler
 .text.TIM6_DAC1_IRQHandler
                0x08001a18        0xc ./Core/Src/stm32f3xx_it.o
                0x08001a18                TIM6_DAC1_IRQHandler
 .text._getpid  0x08001a24        0x4 ./Core/Src/syscalls.o
                0x08001a24                _getpid
 .text._kill    0x08001a28       0x10 ./Core/Src/syscalls.o
                0x08001a28                _kill
 .text._exit    0x08001a38        0xc ./Core/Src/syscalls.o
                0x08001a38                _exit
 .text._sbrk    0x08001a44       0x40 ./Core/Src/sysmem.o
                0x08001a44                _sbrk
 .text.SystemInit
                0x08001a84       0x14 ./Core/Src/system_stm32f3xx.o
                0x08001a84                SystemInit
 .text._ZN8FOCMotorC2Ev
                0x08001a98      0x168 ./Core/Src/common/base_classes/FOCMotor.o
                0x08001a98                FOCMotor::FOCMotor()
                0x08001a98                FOCMotor::FOCMotor()
 .text._ZN8FOCMotor10linkSensorEP6Sensor
                0x08001c00        0x6 ./Core/Src/common/base_classes/FOCMotor.o
                0x08001c00                FOCMotor::linkSensor(Sensor*)
 .text._ZN8FOCMotor10shaftAngleEv
                0x08001c06       0x40 ./Core/Src/common/base_classes/FOCMotor.o
                0x08001c06                FOCMotor::shaftAngle()
 .text._ZN8FOCMotor13shaftVelocityEv
                0x08001c46       0x38 ./Core/Src/common/base_classes/FOCMotor.o
                0x08001c46                FOCMotor::shaftVelocity()
 .text._ZN8FOCMotor15electricalAngleEv
                0x08001c7e       0x46 ./Core/Src/common/base_classes/FOCMotor.o
                0x08001c7e                FOCMotor::electricalAngle()
 .text._ZN6Sensor18getMechanicalAngleEv
                0x08001cc4        0x6 ./Core/Src/common/base_classes/Sensor.o
                0x08001cc4                Sensor::getMechanicalAngle()
 *fill*         0x08001cca        0x2 
 .text._ZN6Sensor8getAngleEv
                0x08001ccc       0x1c ./Core/Src/common/base_classes/Sensor.o
                0x08001ccc                Sensor::getAngle()
 .text._ZN6Sensor15getPreciseAngleEv
                0x08001ce8       0x38 ./Core/Src/common/base_classes/Sensor.o
                0x08001ce8                Sensor::getPreciseAngle()
 .text._ZN6Sensor16getFullRotationsEv
                0x08001d20        0x4 ./Core/Src/common/base_classes/Sensor.o
                0x08001d20                Sensor::getFullRotations()
 .text._Z4_sinf
                0x08001d24       0x84 ./Core/Src/common/foc_utils.o
                0x08001d24                _sin(float)
 .text._Z4_cosf
                0x08001da8       0x2c ./Core/Src/common/foc_utils.o
                0x08001da8                _cos(float)
 .text._Z7_sincosfPfS_
                0x08001dd4       0x28 ./Core/Src/common/foc_utils.o
                0x08001dd4                _sincos(float, float*, float*)
 .text._Z15_normalizeAnglef
                0x08001dfc       0x2c ./Core/Src/common/foc_utils.o
                0x08001dfc                _normalizeAngle(float)
 .text._Z16_electricalAnglefi
                0x08001e28        0xe ./Core/Src/common/foc_utils.o
                0x08001e28                _electricalAngle(float, int)
 .text._ZN13LowPassFilterC2Ef
                0x08001e36        0xa ./Core/Src/common/lowpass_filter.o
                0x08001e36                LowPassFilter::LowPassFilter(float)
                0x08001e36                LowPassFilter::LowPassFilter(float)
 .text._ZN13LowPassFilterclEf
                0x08001e40        0x2 ./Core/Src/common/lowpass_filter.o
                0x08001e40                LowPassFilter::operator()(float)
 .text._ZN13PIDControllerC2Efffff
                0x08001e42       0x1e ./Core/Src/common/pid.o
                0x08001e42                PIDController::PIDController(float, float, float, float, float)
                0x08001e42                PIDController::PIDController(float, float, float, float, float)
 .text._ZN13PIDControllerclEf
                0x08001e60       0xd8 ./Core/Src/common/pid.o
                0x08001e60                PIDController::operator()(float)
 .text._ZN13PIDController5resetEv
                0x08001f38        0xa ./Core/Src/common/pid.o
                0x08001f38                PIDController::reset()
 .text._ZN10BLDCDriver4typeEv
                0x08001f42        0x4 ./Core/Src/drivers/BLDCDriver3PWM.o
                0x08001f42                BLDCDriver::type()
 .text._ZN14BLDCDriver3PWM13setPhaseStateE10PhaseStateS0_S0_
                0x08001f46        0x2 ./Core/Src/drivers/BLDCDriver3PWM.o
                0x08001f46                BLDCDriver3PWM::setPhaseState(PhaseState, PhaseState, PhaseState)
 .text._ZN14BLDCDriver3PWM6enableEv
                0x08001f48       0x4c ./Core/Src/drivers/BLDCDriver3PWM.o
                0x08001f48                BLDCDriver3PWM::enable()
 .text._ZN14BLDCDriver3PWM7disableEv
                0x08001f94       0x4c ./Core/Src/drivers/BLDCDriver3PWM.o
                0x08001f94                BLDCDriver3PWM::disable()
 .text._ZN14BLDCDriver3PWM6setPwmEfff
                0x08001fe0       0xf4 ./Core/Src/drivers/BLDCDriver3PWM.o
                0x08001fe0                BLDCDriver3PWM::setPwm(float, float, float)
 .text._ZN14BLDCDriver3PWM4initEv
                0x080020d4       0x8c ./Core/Src/drivers/BLDCDriver3PWM.o
                0x080020d4                BLDCDriver3PWM::init()
 .text._ZN14BLDCDriver3PWMC2EP6PWMPinS1_S1_P7GPIOPinS3_S3_
                0x08002160       0x3c ./Core/Src/drivers/BLDCDriver3PWM.o
                0x08002160                BLDCDriver3PWM::BLDCDriver3PWM(PWMPin*, PWMPin*, PWMPin*, GPIOPin*, GPIOPin*, GPIOPin*)
                0x08002160                BLDCDriver3PWM::BLDCDriver3PWM(PWMPin*, PWMPin*, PWMPin*, GPIOPin*, GPIOPin*, GPIOPin*)
 .text._Z19_writeDutyCycle3PWMfffPv
                0x0800219c       0x80 ./Core/Src/drivers/hardware_specific/generic_mcu.o
                0x0800219c                _writeDutyCycle3PWM(float, float, float, void*)
 .text._ZN7Encoder6updateEv
                0x0800221c       0x48 ./Core/Src/sensors/Encoder.o
                0x0800221c                Encoder::update()
 .text._ZN7Encoder14getSensorAngleEv
                0x08002264       0x20 ./Core/Src/sensors/Encoder.o
                0x08002264                Encoder::getSensorAngle()
 .text._ZN7Encoder11getVelocityEv
                0x08002284       0x60 ./Core/Src/sensors/Encoder.o
                0x08002284                Encoder::getVelocity()
 .text._ZN7Encoder11needsSearchEv
                0x080022e4       0x10 ./Core/Src/sensors/Encoder.o
                0x080022e4                Encoder::needsSearch()
 .text._ZN7Encoder4initEv
                0x080022f4       0x34 ./Core/Src/sensors/Encoder.o
                0x080022f4                Encoder::init()
 .text._ZN7EncoderC2Eiifi
                0x08002328       0x48 ./Core/Src/sensors/Encoder.o
                0x08002328                Encoder::Encoder(int, int, float, int)
                0x08002328                Encoder::Encoder(int, int, float, int)
 .text.Reset_Handler
                0x08002370       0x50 ./Core/Startup/startup_stm32f303k8tx.o
                0x08002370                Reset_Handler
 .text.Default_Handler
                0x080023c0        0x2 ./Core/Startup/startup_stm32f303k8tx.o
                0x080023c0                RTC_Alarm_IRQHandler
                0x080023c0                TIM1_CC_IRQHandler
                0x080023c0                PVD_IRQHandler
                0x080023c0                TAMP_STAMP_IRQHandler
                0x080023c0                EXTI3_IRQHandler
                0x080023c0                EXTI0_IRQHandler
                0x080023c0                FPU_IRQHandler
                0x080023c0                CAN_TX_IRQHandler
                0x080023c0                TIM1_UP_TIM16_IRQHandler
                0x080023c0                ADC1_2_IRQHandler
                0x080023c0                SPI1_IRQHandler
                0x080023c0                CAN_SCE_IRQHandler
                0x080023c0                DMA1_Channel4_IRQHandler
                0x080023c0                USART3_IRQHandler
                0x080023c0                DMA1_Channel7_IRQHandler
                0x080023c0                TIM7_DAC2_IRQHandler
                0x080023c0                CAN_RX1_IRQHandler
                0x080023c0                I2C1_EV_IRQHandler
                0x080023c0                DMA1_Channel6_IRQHandler
                0x080023c0                TIM3_IRQHandler
                0x080023c0                RCC_IRQHandler
                0x080023c0                DMA1_Channel1_IRQHandler
                0x080023c0                Default_Handler
                0x080023c0                EXTI15_10_IRQHandler
                0x080023c0                COMP2_IRQHandler
                0x080023c0                EXTI9_5_IRQHandler
                0x080023c0                RTC_WKUP_IRQHandler
                0x080023c0                DMA1_Channel5_IRQHandler
                0x080023c0                EXTI4_IRQHandler
                0x080023c0                TIM1_TRG_COM_TIM17_IRQHandler
                0x080023c0                DMA1_Channel3_IRQHandler
                0x080023c0                WWDG_IRQHandler
                0x080023c0                TIM2_IRQHandler
                0x080023c0                EXTI1_IRQHandler
                0x080023c0                COMP4_6_IRQHandler
                0x080023c0                USART2_IRQHandler
                0x080023c0                DMA1_Channel2_IRQHandler
                0x080023c0                FLASH_IRQHandler
                0x080023c0                USART1_IRQHandler
                0x080023c0                CAN_RX0_IRQHandler
                0x080023c0                I2C1_ER_IRQHandler
                0x080023c0                EXTI2_TSC_IRQHandler
                0x080023c0                TIM1_BRK_TIM15_IRQHandler
 *fill*         0x080023c2        0x2 
 .text.HAL_InitTick
                0x080023c4       0x48 ./Drivers/STM32F3xx_HAL_Driver/Src/stm32f3xx_hal.o
                0x080023c4                HAL_InitTick
 .text.HAL_Init
                0x0800240c       0x24 ./Drivers/STM32F3xx_HAL_Driver/Src/stm32f3xx_hal.o
                0x0800240c                HAL_Init
 .text.HAL_IncTick
                0x08002430       0x18 ./Drivers/STM32F3xx_HAL_Driver/Src/stm32f3xx_hal.o
                0x08002430                HAL_IncTick
 .text.HAL_GetTick
                0x08002448        0xc ./Drivers/STM32F3xx_HAL_Driver/Src/stm32f3xx_hal.o
                0x08002448                HAL_GetTick
 .text.HAL_Delay
                0x08002454       0x28 ./Drivers/STM32F3xx_HAL_Driver/Src/stm32f3xx_hal.o
                0x08002454                HAL_Delay
 .text.HAL_NVIC_SetPriorityGrouping
                0x0800247c       0x24 ./Drivers/STM32F3xx_HAL_Driver/Src/stm32f3xx_hal_cortex.o
                0x0800247c                HAL_NVIC_SetPriorityGrouping
 .text.HAL_NVIC_SetPriority
                0x080024a0       0x64 ./Drivers/STM32F3xx_HAL_Driver/Src/stm32f3xx_hal_cortex.o
                0x080024a0                HAL_NVIC_SetPriority
 .text.HAL_NVIC_EnableIRQ
                0x08002504       0x1c ./Drivers/STM32F3xx_HAL_Driver/Src/stm32f3xx_hal_cortex.o
                0x08002504                HAL_NVIC_EnableIRQ
 .text.HAL_SYSTICK_Config
                0x08002520       0x28 ./Drivers/STM32F3xx_HAL_Driver/Src/stm32f3xx_hal_cortex.o
                0x08002520                HAL_SYSTICK_Config
 .text.HAL_GPIO_Init
                0x08002548      0x17c ./Drivers/STM32F3xx_HAL_Driver/Src/stm32f3xx_hal_gpio.o
                0x08002548                HAL_GPIO_Init
 .text.HAL_GPIO_WritePin
                0x080026c4        0xa ./Drivers/STM32F3xx_HAL_Driver/Src/stm32f3xx_hal_gpio.o
                0x080026c4                HAL_GPIO_WritePin
 *fill*         0x080026ce        0x2 
 .text.HAL_RCC_OscConfig
                0x080026d0      0x4b8 ./Drivers/STM32F3xx_HAL_Driver/Src/stm32f3xx_hal_rcc.o
                0x080026d0                HAL_RCC_OscConfig
 .text.HAL_RCC_GetSysClockFreq
                0x08002b88       0x48 ./Drivers/STM32F3xx_HAL_Driver/Src/stm32f3xx_hal_rcc.o
                0x08002b88                HAL_RCC_GetSysClockFreq
 .text.HAL_RCC_ClockConfig
                0x08002bd0      0x150 ./Drivers/STM32F3xx_HAL_Driver/Src/stm32f3xx_hal_rcc.o
                0x08002bd0                HAL_RCC_ClockConfig
 .text.HAL_RCC_GetPCLK1Freq
                0x08002d20       0x30 ./Drivers/STM32F3xx_HAL_Driver/Src/stm32f3xx_hal_rcc.o
                0x08002d20                HAL_RCC_GetPCLK1Freq
 .text.HAL_RCC_GetPCLK2Freq
                0x08002d50       0x30 ./Drivers/STM32F3xx_HAL_Driver/Src/stm32f3xx_hal_rcc.o
                0x08002d50                HAL_RCC_GetPCLK2Freq
 .text.HAL_RCCEx_PeriphCLKConfig
                0x08002d80      0x14c ./Drivers/STM32F3xx_HAL_Driver/Src/stm32f3xx_hal_rcc_ex.o
                0x08002d80                HAL_RCCEx_PeriphCLKConfig
 .text.TIM_OC1_SetConfig
                0x08002ecc       0x6c ./Drivers/STM32F3xx_HAL_Driver/Src/stm32f3xx_hal_tim.o
 .text.TIM_OC3_SetConfig
                0x08002f38       0x74 ./Drivers/STM32F3xx_HAL_Driver/Src/stm32f3xx_hal_tim.o
 .text.TIM_OC4_SetConfig
                0x08002fac       0x60 ./Drivers/STM32F3xx_HAL_Driver/Src/stm32f3xx_hal_tim.o
 .text.TIM_OC5_SetConfig
                0x0800300c       0x60 ./Drivers/STM32F3xx_HAL_Driver/Src/stm32f3xx_hal_tim.o
 .text.TIM_OC6_SetConfig
                0x0800306c       0x60 ./Drivers/STM32F3xx_HAL_Driver/Src/stm32f3xx_hal_tim.o
 .text.HAL_TIM_Base_Start_IT
                0x080030cc       0x5c ./Drivers/STM32F3xx_HAL_Driver/Src/stm32f3xx_hal_tim.o
                0x080030cc                HAL_TIM_Base_Start_IT
 .text.HAL_TIM_Encoder_Start
                0x08003128       0xb2 ./Drivers/STM32F3xx_HAL_Driver/Src/stm32f3xx_hal_tim.o
                0x08003128                HAL_TIM_Encoder_Start
 .text.HAL_TIM_OC_DelayElapsedCallback
                0x080031da        0x2 ./Drivers/STM32F3xx_HAL_Driver/Src/stm32f3xx_hal_tim.o
                0x080031da                HAL_TIM_OC_DelayElapsedCallback
 .text.HAL_TIM_IC_CaptureCallback
                0x080031dc        0x2 ./Drivers/STM32F3xx_HAL_Driver/Src/stm32f3xx_hal_tim.o
                0x080031dc                HAL_TIM_IC_CaptureCallback
 .text.HAL_TIM_PWM_PulseFinishedCallback
                0x080031de        0x2 ./Drivers/STM32F3xx_HAL_Driver/Src/stm32f3xx_hal_tim.o
                0x080031de                HAL_TIM_PWM_PulseFinishedCallback
 .text.HAL_TIM_TriggerCallback
                0x080031e0        0x2 ./Drivers/STM32F3xx_HAL_Driver/Src/stm32f3xx_hal_tim.o
                0x080031e0                HAL_TIM_TriggerCallback
 .text.HAL_TIM_IRQHandler
                0x080031e2      0x13e ./Drivers/STM32F3xx_HAL_Driver/Src/stm32f3xx_hal_tim.o
                0x080031e2                HAL_TIM_IRQHandler
 .text.TIM_Base_SetConfig
                0x08003320       0x94 ./Drivers/STM32F3xx_HAL_Driver/Src/stm32f3xx_hal_tim.o
                0x08003320                TIM_Base_SetConfig
 .text.HAL_TIM_Base_Init
                0x080033b4       0x60 ./Drivers/STM32F3xx_HAL_Driver/Src/stm32f3xx_hal_tim.o
                0x080033b4                HAL_TIM_Base_Init
 .text.HAL_TIM_PWM_Init
                0x08003414       0x60 ./Drivers/STM32F3xx_HAL_Driver/Src/stm32f3xx_hal_tim.o
                0x08003414                HAL_TIM_PWM_Init
 .text.HAL_TIM_Encoder_Init
                0x08003474       0xa8 ./Drivers/STM32F3xx_HAL_Driver/Src/stm32f3xx_hal_tim.o
                0x08003474                HAL_TIM_Encoder_Init
 .text.TIM_OC2_SetConfig
                0x0800351c       0x78 ./Drivers/STM32F3xx_HAL_Driver/Src/stm32f3xx_hal_tim.o
                0x0800351c                TIM_OC2_SetConfig
 .text.HAL_TIM_PWM_ConfigChannel
                0x08003594       0xf8 ./Drivers/STM32F3xx_HAL_Driver/Src/stm32f3xx_hal_tim.o
                0x08003594                HAL_TIM_PWM_ConfigChannel
 .text.TIM_CCxChannelCmd
                0x0800368c       0x1c ./Drivers/STM32F3xx_HAL_Driver/Src/stm32f3xx_hal_tim.o
                0x0800368c                TIM_CCxChannelCmd
 .text.HAL_TIM_OC_Start
                0x080036a8       0xf0 ./Drivers/STM32F3xx_HAL_Driver/Src/stm32f3xx_hal_tim.o
                0x080036a8                HAL_TIM_OC_Start
 .text.HAL_TIM_PWM_Start
                0x08003798        0x4 ./Drivers/STM32F3xx_HAL_Driver/Src/stm32f3xx_hal_tim.o
                0x08003798                HAL_TIM_PWM_Start
 .text.HAL_TIMEx_MasterConfigSynchronization
                0x0800379c       0x6c ./Drivers/STM32F3xx_HAL_Driver/Src/stm32f3xx_hal_tim_ex.o
                0x0800379c                HAL_TIMEx_MasterConfigSynchronization
 .text.HAL_TIMEx_ConfigBreakDeadTime
                0x08003808       0x7c ./Drivers/STM32F3xx_HAL_Driver/Src/stm32f3xx_hal_tim_ex.o
                0x08003808                HAL_TIMEx_ConfigBreakDeadTime
 .text.HAL_TIMEx_CommutCallback
                0x08003884        0x2 ./Drivers/STM32F3xx_HAL_Driver/Src/stm32f3xx_hal_tim_ex.o
                0x08003884                HAL_TIMEx_CommutCallback
 .text.HAL_TIMEx_BreakCallback
                0x08003886        0x2 ./Drivers/STM32F3xx_HAL_Driver/Src/stm32f3xx_hal_tim_ex.o
                0x08003886                HAL_TIMEx_BreakCallback
 .text.HAL_TIMEx_Break2Callback
                0x08003888        0x2 ./Drivers/STM32F3xx_HAL_Driver/Src/stm32f3xx_hal_tim_ex.o
                0x08003888                HAL_TIMEx_Break2Callback
 .text.UART_EndRxTransfer
                0x0800388a       0x50 ./Drivers/STM32F3xx_HAL_Driver/Src/stm32f3xx_hal_uart.o
 *fill*         0x080038da        0x2 
 .text.UART_SetConfig
                0x080038dc      0x134 ./Drivers/STM32F3xx_HAL_Driver/Src/stm32f3xx_hal_uart.o
                0x080038dc                UART_SetConfig
 .text.UART_AdvFeatureConfig
                0x08003a10       0xa8 ./Drivers/STM32F3xx_HAL_Driver/Src/stm32f3xx_hal_uart.o
                0x08003a10                UART_AdvFeatureConfig
 .text.UART_WaitOnFlagUntilTimeout
                0x08003ab8       0x90 ./Drivers/STM32F3xx_HAL_Driver/Src/stm32f3xx_hal_uart.o
                0x08003ab8                UART_WaitOnFlagUntilTimeout
 .text.UART_CheckIdleState
                0x08003b48       0xb2 ./Drivers/STM32F3xx_HAL_Driver/Src/stm32f3xx_hal_uart.o
                0x08003b48                UART_CheckIdleState
 .text.HAL_UART_Init
                0x08003bfa       0x5c ./Drivers/STM32F3xx_HAL_Driver/Src/stm32f3xx_hal_uart.o
                0x08003bfa                HAL_UART_Init
 .text._Znwj    0x08003c56       0x22 /opt/st/stm32cubeide_1.18.1/plugins/com.st.stm32cube.ide.mcu.externaltools.gnu-tools-for-stm32.13.3.rel1.linux64_1.0.0.202410170706/tools/bin/../lib/gcc/arm-none-eabi/13.3.1/../../../../arm-none-eabi/lib/thumb/v7e-m+fp/hard/libstdc++_nano.a(new_op.o)
                0x08003c56                operator new(unsigned int)
 .text._ZSt15get_new_handlerv
                0x08003c78       0x10 /opt/st/stm32cubeide_1.18.1/plugins/com.st.stm32cube.ide.mcu.externaltools.gnu-tools-for-stm32.13.3.rel1.linux64_1.0.0.202410170706/tools/bin/../lib/gcc/arm-none-eabi/13.3.1/../../../../arm-none-eabi/lib/thumb/v7e-m+fp/hard/libstdc++_nano.a(new_handler.o)
                0x08003c78                std::get_new_handler()
 .text.fmodf    0x08003c88       0x40 /opt/st/stm32cubeide_1.18.1/plugins/com.st.stm32cube.ide.mcu.externaltools.gnu-tools-for-stm32.13.3.rel1.linux64_1.0.0.202410170706/tools/bin/../lib/gcc/arm-none-eabi/13.3.1/../../../../arm-none-eabi/lib/thumb/v7e-m+fp/hard/libm.a(libm_a-wf_fmod.o)
                0x08003c88                fmodf
 .text.__ieee754_fmodf
                0x08003cc8      0x104 /opt/st/stm32cubeide_1.18.1/plugins/com.st.stm32cube.ide.mcu.externaltools.gnu-tools-for-stm32.13.3.rel1.linux64_1.0.0.202410170706/tools/bin/../lib/gcc/arm-none-eabi/13.3.1/../../../../arm-none-eabi/lib/thumb/v7e-m+fp/hard/libm.a(libm_a-ef_fmod.o)
                0x08003cc8                __ieee754_fmodf
 .text.abort    0x08003dcc        0xe /opt/st/stm32cubeide_1.18.1/plugins/com.st.stm32cube.ide.mcu.externaltools.gnu-tools-for-stm32.13.3.rel1.linux64_1.0.0.202410170706/tools/bin/../lib/gcc/arm-none-eabi/13.3.1/../../../../arm-none-eabi/lib/thumb/v7e-m+fp/hard/libc_nano.a(libc_a-abort.o)
                0x08003dcc                abort
 *fill*         0x08003dda        0x2 
 .text.malloc   0x08003ddc       0x10 /opt/st/stm32cubeide_1.18.1/plugins/com.st.stm32cube.ide.mcu.externaltools.gnu-tools-for-stm32.13.3.rel1.linux64_1.0.0.202410170706/tools/bin/../lib/gcc/arm-none-eabi/13.3.1/../../../../arm-none-eabi/lib/thumb/v7e-m+fp/hard/libc_nano.a(libc_a-malloc.o)
                0x08003ddc                malloc
 .text.sbrk_aligned
                0x08003dec       0x44 /opt/st/stm32cubeide_1.18.1/plugins/com.st.stm32cube.ide.mcu.externaltools.gnu-tools-for-stm32.13.3.rel1.linux64_1.0.0.202410170706/tools/bin/../lib/gcc/arm-none-eabi/13.3.1/../../../../arm-none-eabi/lib/thumb/v7e-m+fp/hard/libc_nano.a(libc_a-mallocr.o)
 .text._malloc_r
                0x08003e30      0x100 /opt/st/stm32cubeide_1.18.1/plugins/com.st.stm32cube.ide.mcu.externaltools.gnu-tools-for-stm32.13.3.rel1.linux64_1.0.0.202410170706/tools/bin/../lib/gcc/arm-none-eabi/13.3.1/../../../../arm-none-eabi/lib/thumb/v7e-m+fp/hard/libc_nano.a(libc_a-mallocr.o)
                0x08003e30                _malloc_r
 .text.__malloc_lock
                0x08003f30        0xc /opt/st/stm32cubeide_1.18.1/plugins/com.st.stm32cube.ide.mcu.externaltools.gnu-tools-for-stm32.13.3.rel1.linux64_1.0.0.202410170706/tools/bin/../lib/gcc/arm-none-eabi/13.3.1/../../../../arm-none-eabi/lib/thumb/v7e-m+fp/hard/libc_nano.a(libc_a-mlock.o)
                0x08003f30                __malloc_lock
 .text.__malloc_unlock
                0x08003f3c        0xc /opt/st/stm32cubeide_1.18.1/plugins/com.st.stm32cube.ide.mcu.externaltools.gnu-tools-for-stm32.13.3.rel1.linux64_1.0.0.202410170706/tools/bin/../lib/gcc/arm-none-eabi/13.3.1/../../../../arm-none-eabi/lib/thumb/v7e-m+fp/hard/libc_nano.a(libc_a-mlock.o)
                0x08003f3c                __malloc_unlock
 .text.memset   0x08003f48       0x10 /opt/st/stm32cubeide_1.18.1/plugins/com.st.stm32cube.ide.mcu.externaltools.gnu-tools-for-stm32.13.3.rel1.linux64_1.0.0.202410170706/tools/bin/../lib/gcc/arm-none-eabi/13.3.1/../../../../arm-none-eabi/lib/thumb/v7e-m+fp/hard/libc_nano.a(libc_a-memset.o)
                0x08003f48                memset
 .text._raise_r
                0x08003f58       0x50 /opt/st/stm32cubeide_1.18.1/plugins/com.st.stm32cube.ide.mcu.externaltools.gnu-tools-for-stm32.13.3.rel1.linux64_1.0.0.202410170706/tools/bin/../lib/gcc/arm-none-eabi/13.3.1/../../../../arm-none-eabi/lib/thumb/v7e-m+fp/hard/libc_nano.a(libc_a-signal.o)
                0x08003f58                _raise_r
 .text.raise    0x08003fa8       0x10 /opt/st/stm32cubeide_1.18.1/plugins/com.st.stm32cube.ide.mcu.externaltools.gnu-tools-for-stm32.13.3.rel1.linux64_1.0.0.202410170706/tools/bin/../lib/gcc/arm-none-eabi/13.3.1/../../../../arm-none-eabi/lib/thumb/v7e-m+fp/hard/libc_nano.a(libc_a-signal.o)
                0x08003fa8                raise
 .text._kill_r  0x08003fb8       0x24 /opt/st/stm32cubeide_1.18.1/plugins/com.st.stm32cube.ide.mcu.externaltools.gnu-tools-for-stm32.13.3.rel1.linux64_1.0.0.202410170706/tools/bin/../lib/gcc/arm-none-eabi/13.3.1/../../../../arm-none-eabi/lib/thumb/v7e-m+fp/hard/libc_nano.a(libc_a-signalr.o)
                0x08003fb8                _kill_r
 .text._getpid_r
                0x08003fdc        0x4 /opt/st/stm32cubeide_1.18.1/plugins/com.st.stm32cube.ide.mcu.externaltools.gnu-tools-for-stm32.13.3.rel1.linux64_1.0.0.202410170706/tools/bin/../lib/gcc/arm-none-eabi/13.3.1/../../../../arm-none-eabi/lib/thumb/v7e-m+fp/hard/libc_nano.a(libc_a-signalr.o)
                0x08003fdc                _getpid_r
 .text._sbrk_r  0x08003fe0       0x20 /opt/st/stm32cubeide_1.18.1/plugins/com.st.stm32cube.ide.mcu.externaltools.gnu-tools-for-stm32.13.3.rel1.linux64_1.0.0.202410170706/tools/bin/../lib/gcc/arm-none-eabi/13.3.1/../../../../arm-none-eabi/lib/thumb/v7e-m+fp/hard/libc_nano.a(libc_a-sbrkr.o)
                0x08003fe0                _sbrk_r
 .text.__errno  0x08004000        0xc /opt/st/stm32cubeide_1.18.1/plugins/com.st.stm32cube.ide.mcu.externaltools.gnu-tools-for-stm32.13.3.rel1.linux64_1.0.0.202410170706/tools/bin/../lib/gcc/arm-none-eabi/13.3.1/../../../../arm-none-eabi/lib/thumb/v7e-m+fp/hard/libc_nano.a(libc_a-errno.o)
                0x08004000                __errno
 .text.__libc_init_array
                0x0800400c       0x48 /opt/st/stm32cubeide_1.18.1/plugins/com.st.stm32cube.ide.mcu.externaltools.gnu-tools-for-stm32.13.3.rel1.linux64_1.0.0.202410170706/tools/bin/../lib/gcc/arm-none-eabi/13.3.1/../../../../arm-none-eabi/lib/thumb/v7e-m+fp/hard/libc_nano.a(libc_a-init.o)
                0x0800400c                __libc_init_array
 .text.__retarget_lock_acquire_recursive
                0x08004054        0x2 /opt/st/stm32cubeide_1.18.1/plugins/com.st.stm32cube.ide.mcu.externaltools.gnu-tools-for-stm32.13.3.rel1.linux64_1.0.0.202410170706/tools/bin/../lib/gcc/arm-none-eabi/13.3.1/../../../../arm-none-eabi/lib/thumb/v7e-m+fp/hard/libc_nano.a(libc_a-lock.o)
                0x08004054                __retarget_lock_acquire_recursive
 .text.__retarget_lock_release_recursive
                0x08004056        0x2 /opt/st/stm32cubeide_1.18.1/plugins/com.st.stm32cube.ide.mcu.externaltools.gnu-tools-for-stm32.13.3.rel1.linux64_1.0.0.202410170706/tools/bin/../lib/gcc/arm-none-eabi/13.3.1/../../../../arm-none-eabi/lib/thumb/v7e-m+fp/hard/libc_nano.a(libc_a-lock.o)
                0x08004056                __retarget_lock_release_recursive
 *(.glue_7)
 .glue_7        0x08004058        0x0 linker stubs
 *(.glue_7t)
 .glue_7t       0x08004058        0x0 linker stubs
 *(.eh_frame)
 .eh_frame      0x08004058        0x0 /opt/st/stm32cubeide_1.18.1/plugins/com.st.stm32cube.ide.mcu.externaltools.gnu-tools-for-stm32.13.3.rel1.linux64_1.0.0.202410170706/tools/bin/../lib/gcc/arm-none-eabi/13.3.1/thumb/v7e-m+fp/hard/crtbegin.o
 *(.init)
 .init          0x08004058        0x4 /opt/st/stm32cubeide_1.18.1/plugins/com.st.stm32cube.ide.mcu.externaltools.gnu-tools-for-stm32.13.3.rel1.linux64_1.0.0.202410170706/tools/bin/../lib/gcc/arm-none-eabi/13.3.1/thumb/v7e-m+fp/hard/crti.o
                0x08004058                _init
 .init          0x0800405c        0x8 /opt/st/stm32cubeide_1.18.1/plugins/com.st.stm32cube.ide.mcu.externaltools.gnu-tools-for-stm32.13.3.rel1.linux64_1.0.0.202410170706/tools/bin/../lib/gcc/arm-none-eabi/13.3.1/thumb/v7e-m+fp/hard/crtn.o
 *(.fini)
 .fini          0x08004064        0x4 /opt/st/stm32cubeide_1.18.1/plugins/com.st.stm32cube.ide.mcu.externaltools.gnu-tools-for-stm32.13.3.rel1.linux64_1.0.0.202410170706/tools/bin/../lib/gcc/arm-none-eabi/13.3.1/thumb/v7e-m+fp/hard/crti.o
                0x08004064                _fini
 .fini          0x08004068        0x8 /opt/st/stm32cubeide_1.18.1/plugins/com.st.stm32cube.ide.mcu.externaltools.gnu-tools-for-stm32.13.3.rel1.linux64_1.0.0.202410170706/tools/bin/../lib/gcc/arm-none-eabi/13.3.1/thumb/v7e-m+fp/hard/crtn.o
                0x08004070                        . = ALIGN (0x4)
                0x08004070                        _etext = .

.vfp11_veneer   0x08004070        0x0
 .vfp11_veneer  0x08004070        0x0 linker stubs

.v4_bx          0x08004070        0x0
 .v4_bx         0x08004070        0x0 linker stubs

.iplt           0x08004070        0x0
 .iplt          0x08004070        0x0 /opt/st/stm32cubeide_1.18.1/plugins/com.st.stm32cube.ide.mcu.externaltools.gnu-tools-for-stm32.13.3.rel1.linux64_1.0.0.202410170706/tools/bin/../lib/gcc/arm-none-eabi/13.3.1/thumb/v7e-m+fp/hard/crtbegin.o

.rodata         0x08004070      0x160
                0x08004070                        . = ALIGN (0x4)
 *(.rodata)
 *(.rodata*)
 .rodata._ZTV9BLDCMotor
                0x08004070       0x28 ./Core/Src/BLDCMotor.o
                0x08004070                vtable for BLDCMotor
 .rodata.APBPrescTable
                0x08004098        0x8 ./Core/Src/system_stm32f3xx.o
                0x08004098                APBPrescTable
 .rodata.AHBPrescTable
                0x080040a0       0x10 ./Core/Src/system_stm32f3xx.o
                0x080040a0                AHBPrescTable
 .rodata._ZTV8FOCMotor
                0x080040b0       0x24 ./Core/Src/common/base_classes/FOCMotor.o
                0x080040b0                vtable for FOCMotor
 .rodata._ZZ4_sinfE10sine_array
                0x080040d4       0x82 ./Core/Src/common/foc_utils.o
 *fill*         0x08004156        0x2 
 .rodata._ZTV14BLDCDriver3PWM
                0x08004158       0x20 ./Core/Src/drivers/BLDCDriver3PWM.o
                0x08004158                vtable for BLDCDriver3PWM
 .rodata._ZTV7Encoder
                0x08004178       0x2c ./Core/Src/sensors/Encoder.o
                0x08004178                vtable for Encoder
 .rodata.aPredivFactorTable
                0x080041a4       0x10 ./Drivers/STM32F3xx_HAL_Driver/Src/stm32f3xx_hal_rcc.o
 .rodata.aPLLMULFactorTable
                0x080041b4       0x10 ./Drivers/STM32F3xx_HAL_Driver/Src/stm32f3xx_hal_rcc.o
 .rodata.CSWTCH.53
                0x080041c4        0x3 ./Drivers/STM32F3xx_HAL_Driver/Src/stm32f3xx_hal_uart.o
 *fill*         0x080041c7        0x1 
 .rodata.Zero   0x080041c8        0x8 /opt/st/stm32cubeide_1.18.1/plugins/com.st.stm32cube.ide.mcu.externaltools.gnu-tools-for-stm32.13.3.rel1.linux64_1.0.0.202410170706/tools/bin/../lib/gcc/arm-none-eabi/13.3.1/../../../../arm-none-eabi/lib/thumb/v7e-m+fp/hard/libm.a(libm_a-ef_fmod.o)
                0x080041d0                        . = ALIGN (0x4)

.ARM.extab      0x080041d0        0x0
                0x080041d0                        . = ALIGN (0x4)
 *(.ARM.extab* .gnu.linkonce.armextab.*)
                0x080041d0                        . = ALIGN (0x4)

.ARM            0x080041d0        0x0
                0x080041d0                        . = ALIGN (0x4)
                0x080041d0                        __exidx_start = .
 *(.ARM.exidx*)
                0x080041d0                        __exidx_end = .
                0x080041d0                        . = ALIGN (0x4)

.preinit_array  0x080041d0        0x0
                0x080041d0                        . = ALIGN (0x4)
                0x080041d0                        PROVIDE (__preinit_array_start = .)
 *(.preinit_array*)
                0x080041d0                        PROVIDE (__preinit_array_end = .)
                0x080041d0                        . = ALIGN (0x4)

.init_array     0x080041d0        0x8
                0x080041d0                        . = ALIGN (0x4)
                0x080041d0                        PROVIDE (__init_array_start = .)
 *(SORT_BY_NAME(.init_array.*))
 *(.init_array*)
 .init_array    0x080041d0        0x4 /opt/st/stm32cubeide_1.18.1/plugins/com.st.stm32cube.ide.mcu.externaltools.gnu-tools-for-stm32.13.3.rel1.linux64_1.0.0.202410170706/tools/bin/../lib/gcc/arm-none-eabi/13.3.1/thumb/v7e-m+fp/hard/crtbegin.o
 .init_array    0x080041d4        0x4 ./Core/Src/cppMain.o
                0x080041d8                        PROVIDE (__init_array_end = .)
                0x080041d8                        . = ALIGN (0x4)

.fini_array     0x080041d8        0x4
                0x080041d8                        . = ALIGN (0x4)
                [!provide]                        PROVIDE (__fini_array_start = .)
 *(SORT_BY_NAME(.fini_array.*))
 *(.fini_array*)
 .fini_array    0x080041d8        0x4 /opt/st/stm32cubeide_1.18.1/plugins/com.st.stm32cube.ide.mcu.externaltools.gnu-tools-for-stm32.13.3.rel1.linux64_1.0.0.202410170706/tools/bin/../lib/gcc/arm-none-eabi/13.3.1/thumb/v7e-m+fp/hard/crtbegin.o
                [!provide]                        PROVIDE (__fini_array_end = .)
                0x080041dc                        . = ALIGN (0x4)
                0x080041dc                        _sidata = LOADADDR (.data)

.rel.dyn        0x080041dc        0x0
 .rel.iplt      0x080041dc        0x0 /opt/st/stm32cubeide_1.18.1/plugins/com.st.stm32cube.ide.mcu.externaltools.gnu-tools-for-stm32.13.3.rel1.linux64_1.0.0.202410170706/tools/bin/../lib/gcc/arm-none-eabi/13.3.1/thumb/v7e-m+fp/hard/crtbegin.o

.data           0x20000000      0x164 load address 0x080041dc
                0x20000000                        . = ALIGN (0x4)
                0x20000000                        _sdata = .
 *(.data)
 *(.data*)
 .data.trap_150_map
                0x20000000       0x90 ./Core/Src/BLDCMotor.o
                0x20000000                trap_150_map
 .data.trap_120_map
                0x20000090       0x48 ./Core/Src/BLDCMotor.o
                0x20000090                trap_120_map
 .data.p_phase_c
                0x200000d8        0x4 ./Core/Src/cppMain.o
                0x200000d8                p_phase_c
 .data.phase_c  0x200000dc        0x8 ./Core/Src/cppMain.o
                0x200000dc                phase_c
 .data.p_phase_b
                0x200000e4        0x4 ./Core/Src/cppMain.o
                0x200000e4                p_phase_b
 .data.phase_b  0x200000e8        0x8 ./Core/Src/cppMain.o
                0x200000e8                phase_b
 .data.p_phase_a
                0x200000f0        0x4 ./Core/Src/cppMain.o
                0x200000f0                p_phase_a
 .data.phase_a  0x200000f4        0x8 ./Core/Src/cppMain.o
                0x200000f4                phase_a
 .data.p_enable_1
                0x200000fc        0x4 ./Core/Src/cppMain.o
                0x200000fc                p_enable_1
 .data.enable_1
                0x20000100        0x8 ./Core/Src/cppMain.o
                0x20000100                enable_1
 .data.SystemCoreClock
                0x20000108        0x4 ./Core/Src/system_stm32f3xx.o
                0x20000108                SystemCoreClock
 .data.uwTickFreq
                0x2000010c        0x1 ./Drivers/STM32F3xx_HAL_Driver/Src/stm32f3xx_hal.o
                0x2000010c                uwTickFreq
 *fill*         0x2000010d        0x3 
 .data.uwTickPrio
                0x20000110        0x4 ./Drivers/STM32F3xx_HAL_Driver/Src/stm32f3xx_hal.o
                0x20000110                uwTickPrio
 .data._impure_ptr
                0x20000114        0x4 /opt/st/stm32cubeide_1.18.1/plugins/com.st.stm32cube.ide.mcu.externaltools.gnu-tools-for-stm32.13.3.rel1.linux64_1.0.0.202410170706/tools/bin/../lib/gcc/arm-none-eabi/13.3.1/../../../../arm-none-eabi/lib/thumb/v7e-m+fp/hard/libc_nano.a(libc_a-impure.o)
                0x20000114                _impure_ptr
 .data._impure_data
                0x20000118       0x4c /opt/st/stm32cubeide_1.18.1/plugins/com.st.stm32cube.ide.mcu.externaltools.gnu-tools-for-stm32.13.3.rel1.linux64_1.0.0.202410170706/tools/bin/../lib/gcc/arm-none-eabi/13.3.1/../../../../arm-none-eabi/lib/thumb/v7e-m+fp/hard/libc_nano.a(libc_a-impure.o)
                0x20000118                _impure_data
 *(.RamFunc)
 *(.RamFunc*)
                0x20000164                        . = ALIGN (0x4)
                0x20000164                        _edata = .
                0x08004340                        _siccmram = LOADADDR (.ccmram)

.igot.plt       0x20000164        0x0 load address 0x08004340
 .igot.plt      0x20000164        0x0 /opt/st/stm32cubeide_1.18.1/plugins/com.st.stm32cube.ide.mcu.externaltools.gnu-tools-for-stm32.13.3.rel1.linux64_1.0.0.202410170706/tools/bin/../lib/gcc/arm-none-eabi/13.3.1/thumb/v7e-m+fp/hard/crtbegin.o

.ccmram         0x10000000        0x0 load address 0x08004340
                0x10000000                        . = ALIGN (0x4)
                0x10000000                        _sccmram = .
 *(.ccmram)
 *(.ccmram*)
                0x10000000                        . = ALIGN (0x4)
                0x10000000                        _eccmram = .
                0x10000000                        . = ALIGN (0x4)

.bss            0x20000164      0x538
                0x20000164                        _sbss = .
                0x20000164                        __bss_start__ = _sbss
 *(.bss)
 .bss           0x20000164       0x1c /opt/st/stm32cubeide_1.18.1/plugins/com.st.stm32cube.ide.mcu.externaltools.gnu-tools-for-stm32.13.3.rel1.linux64_1.0.0.202410170706/tools/bin/../lib/gcc/arm-none-eabi/13.3.1/thumb/v7e-m+fp/hard/crtbegin.o
 *(.bss*)
 .bss.mon_angle
                0x20000180        0x4 ./Core/Src/cppMain.o
                0x20000180                mon_angle
 .bss._ZL21motor_processing_flag
                0x20000184        0x1 ./Core/Src/cppMain.o
 *fill*         0x20000185        0x3 
 .bss._ZL12target_angle
                0x20000188        0x4 ./Core/Src/cppMain.o
 .bss.encoder   0x2000018c       0x64 ./Core/Src/cppMain.o
                0x2000018c                encoder
 .bss.driver    0x200001f0       0x70 ./Core/Src/cppMain.o
                0x200001f0                driver
 .bss.motor     0x20000260      0x174 ./Core/Src/cppMain.o
                0x20000260                motor
 .bss.mon_cnt   0x200003d4        0x4 ./Core/Src/main.o
                0x200003d4                mon_cnt
 .bss.huart2    0x200003d8       0x88 ./Core/Src/main.o
                0x200003d8                huart2
 .bss.htim6     0x20000460       0x4c ./Core/Src/main.o
                0x20000460                htim6
 .bss.htim2     0x200004ac       0x4c ./Core/Src/main.o
                0x200004ac                htim2
 .bss.htim1     0x200004f8       0x4c ./Core/Src/main.o
                0x200004f8                htim1
 .bss.__sbrk_heap_end
                0x20000544        0x4 ./Core/Src/sysmem.o
 .bss.mon_encoder_cnt
                0x20000548        0x4 ./Core/Src/sensors/Encoder.o
                0x20000548                mon_encoder_cnt
 .bss.uwTick    0x2000054c        0x4 ./Drivers/STM32F3xx_HAL_Driver/Src/stm32f3xx_hal.o
                0x2000054c                uwTick
 .bss._ZN12_GLOBAL__N_113__new_handlerE
                0x20000550        0x4 /opt/st/stm32cubeide_1.18.1/plugins/com.st.stm32cube.ide.mcu.externaltools.gnu-tools-for-stm32.13.3.rel1.linux64_1.0.0.202410170706/tools/bin/../lib/gcc/arm-none-eabi/13.3.1/../../../../arm-none-eabi/lib/thumb/v7e-m+fp/hard/libstdc++_nano.a(new_handler.o)
 .bss.__malloc_sbrk_start
                0x20000554        0x4 /opt/st/stm32cubeide_1.18.1/plugins/com.st.stm32cube.ide.mcu.externaltools.gnu-tools-for-stm32.13.3.rel1.linux64_1.0.0.202410170706/tools/bin/../lib/gcc/arm-none-eabi/13.3.1/../../../../arm-none-eabi/lib/thumb/v7e-m+fp/hard/libc_nano.a(libc_a-mallocr.o)
                0x20000554                __malloc_sbrk_start
 .bss.__malloc_free_list
                0x20000558        0x4 /opt/st/stm32cubeide_1.18.1/plugins/com.st.stm32cube.ide.mcu.externaltools.gnu-tools-for-stm32.13.3.rel1.linux64_1.0.0.202410170706/tools/bin/../lib/gcc/arm-none-eabi/13.3.1/../../../../arm-none-eabi/lib/thumb/v7e-m+fp/hard/libc_nano.a(libc_a-mallocr.o)
                0x20000558                __malloc_free_list
 .bss.__sf      0x2000055c      0x138 /opt/st/stm32cubeide_1.18.1/plugins/com.st.stm32cube.ide.mcu.externaltools.gnu-tools-for-stm32.13.3.rel1.linux64_1.0.0.202410170706/tools/bin/../lib/gcc/arm-none-eabi/13.3.1/../../../../arm-none-eabi/lib/thumb/v7e-m+fp/hard/libc_nano.a(libc_a-findfp.o)
                0x2000055c                __sf
 .bss.errno     0x20000694        0x4 /opt/st/stm32cubeide_1.18.1/plugins/com.st.stm32cube.ide.mcu.externaltools.gnu-tools-for-stm32.13.3.rel1.linux64_1.0.0.202410170706/tools/bin/../lib/gcc/arm-none-eabi/13.3.1/../../../../arm-none-eabi/lib/thumb/v7e-m+fp/hard/libc_nano.a(libc_a-reent.o)
                0x20000694                errno
 .bss.__lock___malloc_recursive_mutex
                0x20000698        0x1 /opt/st/stm32cubeide_1.18.1/plugins/com.st.stm32cube.ide.mcu.externaltools.gnu-tools-for-stm32.13.3.rel1.linux64_1.0.0.202410170706/tools/bin/../lib/gcc/arm-none-eabi/13.3.1/../../../../arm-none-eabi/lib/thumb/v7e-m+fp/hard/libc_nano.a(libc_a-lock.o)
                0x20000698                __lock___malloc_recursive_mutex
 *(COMMON)
                0x2000069c                        . = ALIGN (0x4)
 *fill*         0x20000699        0x3 
                0x2000069c                        _ebss = .
                0x2000069c                        __bss_end__ = _ebss

._user_heap_stack
                0x2000069c      0x604
                0x200006a0                        . = ALIGN (0x8)
 *fill*         0x2000069c        0x4 
                [!provide]                        PROVIDE (end = .)
                0x200006a0                        PROVIDE (_end = .)
                0x200008a0                        . = (. + _Min_Heap_Size)
 *fill*         0x200006a0      0x200 
                0x20000ca0                        . = (. + _Min_Stack_Size)
 *fill*         0x200008a0      0x400 
                0x20000ca0                        . = ALIGN (0x8)

/DISCARD/
 libc.a(*)
 libm.a(*)
 libgcc.a(*)

.ARM.attributes
                0x00000000       0x30
 *(.ARM.attributes)
 .ARM.attributes
                0x00000000       0x22 /opt/st/stm32cubeide_1.18.1/plugins/com.st.stm32cube.ide.mcu.externaltools.gnu-tools-for-stm32.13.3.rel1.linux64_1.0.0.202410170706/tools/bin/../lib/gcc/arm-none-eabi/13.3.1/thumb/v7e-m+fp/hard/crti.o
 .ARM.attributes
                0x00000022       0x34 /opt/st/stm32cubeide_1.18.1/plugins/com.st.stm32cube.ide.mcu.externaltools.gnu-tools-for-stm32.13.3.rel1.linux64_1.0.0.202410170706/tools/bin/../lib/gcc/arm-none-eabi/13.3.1/thumb/v7e-m+fp/hard/crtbegin.o
 .ARM.attributes
                0x00000056       0x34 ./Core/Src/BLDCMotor.o
 .ARM.attributes
                0x0000008a       0x34 ./Core/Src/cppMain.o
 .ARM.attributes
                0x000000be       0x34 ./Core/Src/main.o
 .ARM.attributes
                0x000000f2       0x34 ./Core/Src/stm32f3xx_hal_msp.o
 .ARM.attributes
                0x00000126       0x34 ./Core/Src/stm32f3xx_it.o
 .ARM.attributes
                0x0000015a       0x34 ./Core/Src/syscalls.o
 .ARM.attributes
                0x0000018e       0x34 ./Core/Src/sysmem.o
 .ARM.attributes
                0x000001c2       0x34 ./Core/Src/system_stm32f3xx.o
 .ARM.attributes
                0x000001f6       0x34 ./Core/Src/common/base_classes/FOCMotor.o
 .ARM.attributes
                0x0000022a       0x34 ./Core/Src/common/base_classes/Sensor.o
 .ARM.attributes
                0x0000025e       0x34 ./Core/Src/common/foc_utils.o
 .ARM.attributes
                0x00000292       0x34 ./Core/Src/common/lowpass_filter.o
 .ARM.attributes
                0x000002c6       0x34 ./Core/Src/common/pid.o
 .ARM.attributes
                0x000002fa       0x34 ./Core/Src/drivers/BLDCDriver3PWM.o
 .ARM.attributes
                0x0000032e       0x34 ./Core/Src/drivers/hardware_specific/generic_mcu.o
 .ARM.attributes
                0x00000362       0x34 ./Core/Src/sensors/Encoder.o
 .ARM.attributes
                0x00000396       0x21 ./Core/Startup/startup_stm32f303k8tx.o
 .ARM.attributes
                0x000003b7       0x34 ./Drivers/STM32F3xx_HAL_Driver/Src/stm32f3xx_hal.o
 .ARM.attributes
                0x000003eb       0x34 ./Drivers/STM32F3xx_HAL_Driver/Src/stm32f3xx_hal_cortex.o
 .ARM.attributes
                0x0000041f       0x34 ./Drivers/STM32F3xx_HAL_Driver/Src/stm32f3xx_hal_gpio.o
 .ARM.attributes
                0x00000453       0x34 ./Drivers/STM32F3xx_HAL_Driver/Src/stm32f3xx_hal_rcc.o
 .ARM.attributes
                0x00000487       0x34 ./Drivers/STM32F3xx_HAL_Driver/Src/stm32f3xx_hal_rcc_ex.o
 .ARM.attributes
                0x000004bb       0x34 ./Drivers/STM32F3xx_HAL_Driver/Src/stm32f3xx_hal_tim.o
 .ARM.attributes
                0x000004ef       0x34 ./Drivers/STM32F3xx_HAL_Driver/Src/stm32f3xx_hal_tim_ex.o
 .ARM.attributes
                0x00000523       0x34 ./Drivers/STM32F3xx_HAL_Driver/Src/stm32f3xx_hal_uart.o
 .ARM.attributes
                0x00000557       0x34 /opt/st/stm32cubeide_1.18.1/plugins/com.st.stm32cube.ide.mcu.externaltools.gnu-tools-for-stm32.13.3.rel1.linux64_1.0.0.202410170706/tools/bin/../lib/gcc/arm-none-eabi/13.3.1/../../../../arm-none-eabi/lib/thumb/v7e-m+fp/hard/libstdc++_nano.a(new_op.o)
 .ARM.attributes
                0x0000058b       0x34 /opt/st/stm32cubeide_1.18.1/plugins/com.st.stm32cube.ide.mcu.externaltools.gnu-tools-for-stm32.13.3.rel1.linux64_1.0.0.202410170706/tools/bin/../lib/gcc/arm-none-eabi/13.3.1/../../../../arm-none-eabi/lib/thumb/v7e-m+fp/hard/libstdc++_nano.a(new_handler.o)
 .ARM.attributes
                0x000005bf       0x34 /opt/st/stm32cubeide_1.18.1/plugins/com.st.stm32cube.ide.mcu.externaltools.gnu-tools-for-stm32.13.3.rel1.linux64_1.0.0.202410170706/tools/bin/../lib/gcc/arm-none-eabi/13.3.1/../../../../arm-none-eabi/lib/thumb/v7e-m+fp/hard/libm.a(libm_a-wf_fmod.o)
 .ARM.attributes
                0x000005f3       0x34 /opt/st/stm32cubeide_1.18.1/plugins/com.st.stm32cube.ide.mcu.externaltools.gnu-tools-for-stm32.13.3.rel1.linux64_1.0.0.202410170706/tools/bin/../lib/gcc/arm-none-eabi/13.3.1/../../../../arm-none-eabi/lib/thumb/v7e-m+fp/hard/libm.a(libm_a-ef_fmod.o)
 .ARM.attributes
                0x00000627       0x34 /opt/st/stm32cubeide_1.18.1/plugins/com.st.stm32cube.ide.mcu.externaltools.gnu-tools-for-stm32.13.3.rel1.linux64_1.0.0.202410170706/tools/bin/../lib/gcc/arm-none-eabi/13.3.1/../../../../arm-none-eabi/lib/thumb/v7e-m+fp/hard/libc_nano.a(libc_a-abort.o)
 .ARM.attributes
                0x0000065b       0x34 /opt/st/stm32cubeide_1.18.1/plugins/com.st.stm32cube.ide.mcu.externaltools.gnu-tools-for-stm32.13.3.rel1.linux64_1.0.0.202410170706/tools/bin/../lib/gcc/arm-none-eabi/13.3.1/../../../../arm-none-eabi/lib/thumb/v7e-m+fp/hard/libc_nano.a(libc_a-malloc.o)
 .ARM.attributes
                0x0000068f       0x34 /opt/st/stm32cubeide_1.18.1/plugins/com.st.stm32cube.ide.mcu.externaltools.gnu-tools-for-stm32.13.3.rel1.linux64_1.0.0.202410170706/tools/bin/../lib/gcc/arm-none-eabi/13.3.1/../../../../arm-none-eabi/lib/thumb/v7e-m+fp/hard/libc_nano.a(libc_a-mallocr.o)
 .ARM.attributes
                0x000006c3       0x34 /opt/st/stm32cubeide_1.18.1/plugins/com.st.stm32cube.ide.mcu.externaltools.gnu-tools-for-stm32.13.3.rel1.linux64_1.0.0.202410170706/tools/bin/../lib/gcc/arm-none-eabi/13.3.1/../../../../arm-none-eabi/lib/thumb/v7e-m+fp/hard/libc_nano.a(libc_a-mlock.o)
 .ARM.attributes
                0x000006f7       0x34 /opt/st/stm32cubeide_1.18.1/plugins/com.st.stm32cube.ide.mcu.externaltools.gnu-tools-for-stm32.13.3.rel1.linux64_1.0.0.202410170706/tools/bin/../lib/gcc/arm-none-eabi/13.3.1/../../../../arm-none-eabi/lib/thumb/v7e-m+fp/hard/libc_nano.a(libc_a-findfp.o)
 .ARM.attributes
                0x0000072b       0x34 /opt/st/stm32cubeide_1.18.1/plugins/com.st.stm32cube.ide.mcu.externaltools.gnu-tools-for-stm32.13.3.rel1.linux64_1.0.0.202410170706/tools/bin/../lib/gcc/arm-none-eabi/13.3.1/../../../../arm-none-eabi/lib/thumb/v7e-m+fp/hard/libc_nano.a(libc_a-memset.o)
 .ARM.attributes
                0x0000075f       0x34 /opt/st/stm32cubeide_1.18.1/plugins/com.st.stm32cube.ide.mcu.externaltools.gnu-tools-for-stm32.13.3.rel1.linux64_1.0.0.202410170706/tools/bin/../lib/gcc/arm-none-eabi/13.3.1/../../../../arm-none-eabi/lib/thumb/v7e-m+fp/hard/libc_nano.a(libc_a-signal.o)
 .ARM.attributes
                0x00000793       0x34 /opt/st/stm32cubeide_1.18.1/plugins/com.st.stm32cube.ide.mcu.externaltools.gnu-tools-for-stm32.13.3.rel1.linux64_1.0.0.202410170706/tools/bin/../lib/gcc/arm-none-eabi/13.3.1/../../../../arm-none-eabi/lib/thumb/v7e-m+fp/hard/libc_nano.a(libc_a-reent.o)
 .ARM.attributes
                0x000007c7       0x34 /opt/st/stm32cubeide_1.18.1/plugins/com.st.stm32cube.ide.mcu.externaltools.gnu-tools-for-stm32.13.3.rel1.linux64_1.0.0.202410170706/tools/bin/../lib/gcc/arm-none-eabi/13.3.1/../../../../arm-none-eabi/lib/thumb/v7e-m+fp/hard/libc_nano.a(libc_a-impure.o)
 .ARM.attributes
                0x000007fb       0x34 /opt/st/stm32cubeide_1.18.1/plugins/com.st.stm32cube.ide.mcu.externaltools.gnu-tools-for-stm32.13.3.rel1.linux64_1.0.0.202410170706/tools/bin/../lib/gcc/arm-none-eabi/13.3.1/../../../../arm-none-eabi/lib/thumb/v7e-m+fp/hard/libc_nano.a(libc_a-signalr.o)
 .ARM.attributes
                0x0000082f       0x34 /opt/st/stm32cubeide_1.18.1/plugins/com.st.stm32cube.ide.mcu.externaltools.gnu-tools-for-stm32.13.3.rel1.linux64_1.0.0.202410170706/tools/bin/../lib/gcc/arm-none-eabi/13.3.1/../../../../arm-none-eabi/lib/thumb/v7e-m+fp/hard/libc_nano.a(libc_a-sbrkr.o)
 .ARM.attributes
                0x00000863       0x34 /opt/st/stm32cubeide_1.18.1/plugins/com.st.stm32cube.ide.mcu.externaltools.gnu-tools-for-stm32.13.3.rel1.linux64_1.0.0.202410170706/tools/bin/../lib/gcc/arm-none-eabi/13.3.1/../../../../arm-none-eabi/lib/thumb/v7e-m+fp/hard/libc_nano.a(libc_a-errno.o)
 .ARM.attributes
                0x00000897       0x34 /opt/st/stm32cubeide_1.18.1/plugins/com.st.stm32cube.ide.mcu.externaltools.gnu-tools-for-stm32.13.3.rel1.linux64_1.0.0.202410170706/tools/bin/../lib/gcc/arm-none-eabi/13.3.1/../../../../arm-none-eabi/lib/thumb/v7e-m+fp/hard/libc_nano.a(libc_a-init.o)
 .ARM.attributes
                0x000008cb       0x34 /opt/st/stm32cubeide_1.18.1/plugins/com.st.stm32cube.ide.mcu.externaltools.gnu-tools-for-stm32.13.3.rel1.linux64_1.0.0.202410170706/tools/bin/../lib/gcc/arm-none-eabi/13.3.1/../../../../arm-none-eabi/lib/thumb/v7e-m+fp/hard/libc_nano.a(libc_a-lock.o)
 .ARM.attributes
                0x000008ff       0x22 /opt/st/stm32cubeide_1.18.1/plugins/com.st.stm32cube.ide.mcu.externaltools.gnu-tools-for-stm32.13.3.rel1.linux64_1.0.0.202410170706/tools/bin/../lib/gcc/arm-none-eabi/13.3.1/thumb/v7e-m+fp/hard/libgcc.a(_arm_muldf3.o)
 .ARM.attributes
                0x00000921       0x22 /opt/st/stm32cubeide_1.18.1/plugins/com.st.stm32cube.ide.mcu.externaltools.gnu-tools-for-stm32.13.3.rel1.linux64_1.0.0.202410170706/tools/bin/../lib/gcc/arm-none-eabi/13.3.1/thumb/v7e-m+fp/hard/libgcc.a(_arm_addsubdf3.o)
 .ARM.attributes
                0x00000943       0x22 /opt/st/stm32cubeide_1.18.1/plugins/com.st.stm32cube.ide.mcu.externaltools.gnu-tools-for-stm32.13.3.rel1.linux64_1.0.0.202410170706/tools/bin/../lib/gcc/arm-none-eabi/13.3.1/thumb/v7e-m+fp/hard/crtn.o
OUTPUT(simple_foc_test.elf elf32-littlearm)
LOAD linker stubs
LOAD /opt/st/stm32cubeide_1.18.1/plugins/com.st.stm32cube.ide.mcu.externaltools.gnu-tools-for-stm32.13.3.rel1.linux64_1.0.0.202410170706/tools/bin/../lib/gcc/arm-none-eabi/13.3.1/../../../../arm-none-eabi/lib/thumb/v7e-m+fp/hard/libc.a
LOAD /opt/st/stm32cubeide_1.18.1/plugins/com.st.stm32cube.ide.mcu.externaltools.gnu-tools-for-stm32.13.3.rel1.linux64_1.0.0.202410170706/tools/bin/../lib/gcc/arm-none-eabi/13.3.1/../../../../arm-none-eabi/lib/thumb/v7e-m+fp/hard/libm.a
LOAD /opt/st/stm32cubeide_1.18.1/plugins/com.st.stm32cube.ide.mcu.externaltools.gnu-tools-for-stm32.13.3.rel1.linux64_1.0.0.202410170706/tools/bin/../lib/gcc/arm-none-eabi/13.3.1/thumb/v7e-m+fp/hard/libgcc.a

.comment        0x00000000       0x43
 .comment       0x00000000       0x43 ./Core/Src/BLDCMotor.o
                                 0x44 (size before relaxing)
 .comment       0x00000043       0x44 ./Core/Src/cppMain.o
 .comment       0x00000043       0x44 ./Core/Src/main.o
 .comment       0x00000043       0x44 ./Core/Src/stm32f3xx_hal_msp.o
 .comment       0x00000043       0x44 ./Core/Src/stm32f3xx_it.o
 .comment       0x00000043       0x44 ./Core/Src/syscalls.o
 .comment       0x00000043       0x44 ./Core/Src/sysmem.o
 .comment       0x00000043       0x44 ./Core/Src/system_stm32f3xx.o
 .comment       0x00000043       0x44 ./Core/Src/common/base_classes/FOCMotor.o
 .comment       0x00000043       0x44 ./Core/Src/common/base_classes/Sensor.o
 .comment       0x00000043       0x44 ./Core/Src/common/foc_utils.o
 .comment       0x00000043       0x44 ./Core/Src/common/lowpass_filter.o
 .comment       0x00000043       0x44 ./Core/Src/common/pid.o
 .comment       0x00000043       0x44 ./Core/Src/drivers/BLDCDriver3PWM.o
 .comment       0x00000043       0x44 ./Core/Src/drivers/hardware_specific/generic_mcu.o
 .comment       0x00000043       0x44 ./Core/Src/sensors/Encoder.o
 .comment       0x00000043       0x44 ./Drivers/STM32F3xx_HAL_Driver/Src/stm32f3xx_hal.o
 .comment       0x00000043       0x44 ./Drivers/STM32F3xx_HAL_Driver/Src/stm32f3xx_hal_cortex.o
 .comment       0x00000043       0x44 ./Drivers/STM32F3xx_HAL_Driver/Src/stm32f3xx_hal_gpio.o
 .comment       0x00000043       0x44 ./Drivers/STM32F3xx_HAL_Driver/Src/stm32f3xx_hal_rcc.o
 .comment       0x00000043       0x44 ./Drivers/STM32F3xx_HAL_Driver/Src/stm32f3xx_hal_rcc_ex.o
 .comment       0x00000043       0x44 ./Drivers/STM32F3xx_HAL_Driver/Src/stm32f3xx_hal_tim.o
 .comment       0x00000043       0x44 ./Drivers/STM32F3xx_HAL_Driver/Src/stm32f3xx_hal_tim_ex.o
 .comment       0x00000043       0x44 ./Drivers/STM32F3xx_HAL_Driver/Src/stm32f3xx_hal_uart.o

.debug_frame    0x00000000      0x63c
 .debug_frame   0x00000000       0x28 /opt/st/stm32cubeide_1.18.1/plugins/com.st.stm32cube.ide.mcu.externaltools.gnu-tools-for-stm32.13.3.rel1.linux64_1.0.0.202410170706/tools/bin/../lib/gcc/arm-none-eabi/13.3.1/../../../../arm-none-eabi/lib/thumb/v7e-m+fp/hard/libstdc++_nano.a(new_op.o)
 .debug_frame   0x00000028       0x30 /opt/st/stm32cubeide_1.18.1/plugins/com.st.stm32cube.ide.mcu.externaltools.gnu-tools-for-stm32.13.3.rel1.linux64_1.0.0.202410170706/tools/bin/../lib/gcc/arm-none-eabi/13.3.1/../../../../arm-none-eabi/lib/thumb/v7e-m+fp/hard/libstdc++_nano.a(new_handler.o)
 .debug_frame   0x00000058       0x38 /opt/st/stm32cubeide_1.18.1/plugins/com.st.stm32cube.ide.mcu.externaltools.gnu-tools-for-stm32.13.3.rel1.linux64_1.0.0.202410170706/tools/bin/../lib/gcc/arm-none-eabi/13.3.1/../../../../arm-none-eabi/lib/thumb/v7e-m+fp/hard/libm.a(libm_a-wf_fmod.o)
 .debug_frame   0x00000090       0x2c /opt/st/stm32cubeide_1.18.1/plugins/com.st.stm32cube.ide.mcu.externaltools.gnu-tools-for-stm32.13.3.rel1.linux64_1.0.0.202410170706/tools/bin/../lib/gcc/arm-none-eabi/13.3.1/../../../../arm-none-eabi/lib/thumb/v7e-m+fp/hard/libm.a(libm_a-ef_fmod.o)
 .debug_frame   0x000000bc       0x28 /opt/st/stm32cubeide_1.18.1/plugins/com.st.stm32cube.ide.mcu.externaltools.gnu-tools-for-stm32.13.3.rel1.linux64_1.0.0.202410170706/tools/bin/../lib/gcc/arm-none-eabi/13.3.1/../../../../arm-none-eabi/lib/thumb/v7e-m+fp/hard/libc_nano.a(libc_a-abort.o)
 .debug_frame   0x000000e4       0x30 /opt/st/stm32cubeide_1.18.1/plugins/com.st.stm32cube.ide.mcu.externaltools.gnu-tools-for-stm32.13.3.rel1.linux64_1.0.0.202410170706/tools/bin/../lib/gcc/arm-none-eabi/13.3.1/../../../../arm-none-eabi/lib/thumb/v7e-m+fp/hard/libc_nano.a(libc_a-malloc.o)
 .debug_frame   0x00000114       0x50 /opt/st/stm32cubeide_1.18.1/plugins/com.st.stm32cube.ide.mcu.externaltools.gnu-tools-for-stm32.13.3.rel1.linux64_1.0.0.202410170706/tools/bin/../lib/gcc/arm-none-eabi/13.3.1/../../../../arm-none-eabi/lib/thumb/v7e-m+fp/hard/libc_nano.a(libc_a-mallocr.o)
 .debug_frame   0x00000164       0x30 /opt/st/stm32cubeide_1.18.1/plugins/com.st.stm32cube.ide.mcu.externaltools.gnu-tools-for-stm32.13.3.rel1.linux64_1.0.0.202410170706/tools/bin/../lib/gcc/arm-none-eabi/13.3.1/../../../../arm-none-eabi/lib/thumb/v7e-m+fp/hard/libc_nano.a(libc_a-mlock.o)
 .debug_frame   0x00000194      0x144 /opt/st/stm32cubeide_1.18.1/plugins/com.st.stm32cube.ide.mcu.externaltools.gnu-tools-for-stm32.13.3.rel1.linux64_1.0.0.202410170706/tools/bin/../lib/gcc/arm-none-eabi/13.3.1/../../../../arm-none-eabi/lib/thumb/v7e-m+fp/hard/libc_nano.a(libc_a-findfp.o)
 .debug_frame   0x000002d8       0x20 /opt/st/stm32cubeide_1.18.1/plugins/com.st.stm32cube.ide.mcu.externaltools.gnu-tools-for-stm32.13.3.rel1.linux64_1.0.0.202410170706/tools/bin/../lib/gcc/arm-none-eabi/13.3.1/../../../../arm-none-eabi/lib/thumb/v7e-m+fp/hard/libc_nano.a(libc_a-memset.o)
 .debug_frame   0x000002f8       0xcc /opt/st/stm32cubeide_1.18.1/plugins/com.st.stm32cube.ide.mcu.externaltools.gnu-tools-for-stm32.13.3.rel1.linux64_1.0.0.202410170706/tools/bin/../lib/gcc/arm-none-eabi/13.3.1/../../../../arm-none-eabi/lib/thumb/v7e-m+fp/hard/libc_nano.a(libc_a-signal.o)
 .debug_frame   0x000003c4       0x38 /opt/st/stm32cubeide_1.18.1/plugins/com.st.stm32cube.ide.mcu.externaltools.gnu-tools-for-stm32.13.3.rel1.linux64_1.0.0.202410170706/tools/bin/../lib/gcc/arm-none-eabi/13.3.1/../../../../arm-none-eabi/lib/thumb/v7e-m+fp/hard/libc_nano.a(libc_a-reent.o)
 .debug_frame   0x000003fc       0x3c /opt/st/stm32cubeide_1.18.1/plugins/com.st.stm32cube.ide.mcu.externaltools.gnu-tools-for-stm32.13.3.rel1.linux64_1.0.0.202410170706/tools/bin/../lib/gcc/arm-none-eabi/13.3.1/../../../../arm-none-eabi/lib/thumb/v7e-m+fp/hard/libc_nano.a(libc_a-signalr.o)
 .debug_frame   0x00000438       0x2c /opt/st/stm32cubeide_1.18.1/plugins/com.st.stm32cube.ide.mcu.externaltools.gnu-tools-for-stm32.13.3.rel1.linux64_1.0.0.202410170706/tools/bin/../lib/gcc/arm-none-eabi/13.3.1/../../../../arm-none-eabi/lib/thumb/v7e-m+fp/hard/libc_nano.a(libc_a-sbrkr.o)
 .debug_frame   0x00000464       0x20 /opt/st/stm32cubeide_1.18.1/plugins/com.st.stm32cube.ide.mcu.externaltools.gnu-tools-for-stm32.13.3.rel1.linux64_1.0.0.202410170706/tools/bin/../lib/gcc/arm-none-eabi/13.3.1/../../../../arm-none-eabi/lib/thumb/v7e-m+fp/hard/libc_nano.a(libc_a-errno.o)
 .debug_frame   0x00000484       0x2c /opt/st/stm32cubeide_1.18.1/plugins/com.st.stm32cube.ide.mcu.externaltools.gnu-tools-for-stm32.13.3.rel1.linux64_1.0.0.202410170706/tools/bin/../lib/gcc/arm-none-eabi/13.3.1/../../../../arm-none-eabi/lib/thumb/v7e-m+fp/hard/libc_nano.a(libc_a-init.o)
 .debug_frame   0x000004b0       0xb0 /opt/st/stm32cubeide_1.18.1/plugins/com.st.stm32cube.ide.mcu.externaltools.gnu-tools-for-stm32.13.3.rel1.linux64_1.0.0.202410170706/tools/bin/../lib/gcc/arm-none-eabi/13.3.1/../../../../arm-none-eabi/lib/thumb/v7e-m+fp/hard/libc_nano.a(libc_a-lock.o)
 .debug_frame   0x00000560       0x30 /opt/st/stm32cubeide_1.18.1/plugins/com.st.stm32cube.ide.mcu.externaltools.gnu-tools-for-stm32.13.3.rel1.linux64_1.0.0.202410170706/tools/bin/../lib/gcc/arm-none-eabi/13.3.1/thumb/v7e-m+fp/hard/libgcc.a(_arm_muldf3.o)
 .debug_frame   0x00000590       0xac /opt/st/stm32cubeide_1.18.1/plugins/com.st.stm32cube.ide.mcu.externaltools.gnu-tools-for-stm32.13.3.rel1.linux64_1.0.0.202410170706/tools/bin/../lib/gcc/arm-none-eabi/13.3.1/thumb/v7e-m+fp/hard/libgcc.a(_arm_addsubdf3.o)
