../Core/Src/drivers/../common/base_classes/BLDCDriver.h:50:28:virtual DriverType BLDCDriver::type()	16	static
../Core/Src/drivers/BLDCDriver3PWM.cpp:4:7:void* _configure3PWM(long int, const TimerPin*, const TimerPin*, const TimerPin*)	40	static
../Core/Src/drivers/BLDCDriver3PWM.cpp:12:6:void _writeDutyCycle3PWM(float, float, float, void*)	32	static
../Core/Src/drivers/../common/base_classes/FOCDriver.h:24:7:FOCDriver::FOCDriver()	16	static
../Core/Src/drivers/../common/base_classes/BLDCDriver.h:9:7:BLDCDriver::BLDCDriver()	16	static
../Core/Src/drivers/BLDCDriver3PWM.cpp:32:1:BLDCDriver3PWM::BLDCDriver3PWM(TimerPin*, TimerPin*, TimerPin*, GPIOPin*, GPIOPin*, GPIOPin*)	24	static
../Core/Src/drivers/BLDCDriver3PWM.cpp:68:7:virtual void BLDCDriver3PWM::enable()	16	static
../Core/Src/drivers/BLDCDriver3PWM.cpp:79:6:virtual void BLDCDriver3PWM::disable()	16	static
../Core/Src/drivers/BLDCDriver3PWM.cpp:92:5:virtual int BLDCDriver3PWM::init()	16	static
../Core/Src/drivers/BLDCDriver3PWM.cpp:139:6:virtual void BLDCDriver3PWM::setPhaseState(PhaseState, PhaseState, PhaseState)	16	static
../Core/Src/drivers/BLDCDriver3PWM.cpp:151:6:virtual void BLDCDriver3PWM::setPwm(float, float, float)	24	static
